==========================================
SLURM_JOB_ID = 927687
SLURM_NODELIST = gpu37
==========================================
===== JOB INFO =====
Fri Oct  9 01:40:42 KST 2026
gpu37
NVIDIA A100-SXM4-80GB, 81920 MiB, 580.105.08
torch= 2.7.1+cu128 cuda= 12.8 gpu= NVIDIA A100-SXM4-80GB
===== 8B REPEAT START =====
[Loading tokenizer and text encoder]
load checkpoint from weights/infinity_2b_reg.pth
[Loading Infinity]
self.codebook_dim: 32, self.add_lvl_embeding_only_first_block: 0,             self.use_bit_label: 1, self.rope2d_each_sa_layer: 1, self.rope2d_normalized_by_hw: 2
self.num_blocks_in_a_chunk=4, depth=32, block_chunks=8

[constructor]  ==== customized_flash_attn=False (using_flash=0/32), fused_mlp=False (fused_mlp=0/32) ==== 
    [Infinity config ] embed_dim=2048, num_heads=16, depth=32, mlp_ratio=4, swiglu=False num_blocks_in_a_chunk=4
    [drop ratios] drop_rate=0.0, drop_path_rate=0.1 (tensor([0.0000, 0.0032, 0.0065, 0.0097, 0.0129, 0.0161, 0.0194, 0.0226, 0.0258,
        0.0290, 0.0323, 0.0355, 0.0387, 0.0419, 0.0452, 0.0484, 0.0516, 0.0548,
        0.0581, 0.0613, 0.0645, 0.0677, 0.0710, 0.0742, 0.0774, 0.0806, 0.0839,
        0.0871, 0.0903, 0.0935, 0.0968, 0.1000]))

[you selected Infinity with model_kwargs={'depth': 32, 'embed_dim': 2048, 'num_heads': 16, 'drop_path_rate': 0.1, 'mlp_ratio': 4, 'block_chunks': 8}] model size: 2.20B, bf16=1
[Load Infinity weights]
<All keys matched successfully>
prompt=a photo of a red panda sitting on a wooden chair
PIPELINE_BENCHMARK_BEGIN
prompt=a photo of a red panda sitting on a wooden chair
BENCH_WARMUP_BEGIN Sequential-B1

=== SCALE_GPU_PROFILE_BEGIN ===
scale,t,h,w,tokens,total_ms,transformer_ms,logits_ms,sampling_ms,codes_ms,next_scale_ms,word_embed_ms,other_ms
0,1,1,1,1,2933.875,2625.208,276.230,28.894,2.101,0.539,0.574,0.329
1,1,2,2,4,454.882,370.198,82.827,1.056,0.278,0.122,0.168,0.232
2,1,4,4,16,57.428,55.847,0.436,0.474,0.210,0.096,0.201,0.164
3,1,6,6,36,73.133,70.244,0.615,0.552,1.168,0.175,0.170,0.207
4,1,8,8,64,53.947,52.393,0.401,0.431,0.213,0.126,0.183,0.200
5,1,12,12,144,257.736,256.349,0.432,0.398,0.204,0.156,0.095,0.102
6,1,16,16,256,53.941,52.755,0.332,0.320,0.193,0.209,0.035,0.098
7,1,20,20,400,55.321,54.217,0.128,0.407,0.203,0.248,0.038,0.081
8,1,24,24,576,61.319,59.504,0.502,0.611,0.237,0.225,0.113,0.128
9,1,32,32,1024,87.631,86.588,0.179,0.539,0.027,0.201,0.047,0.051
10,1,40,40,1600,526.647,525.353,0.204,0.766,0.028,0.210,0.062,0.024
11,1,48,48,2304,968.290,966.656,0.249,1.083,0.028,0.141,0.108,0.024
12,1,64,64,4096,693.389,691.175,0.390,1.774,0.029,0.000,0.000,0.022
FINAL_DECODE_MS,412.048
=== SCALE_GPU_PROFILE_END ===


=== SCALE_GPU_PROFILE_BEGIN ===
scale,t,h,w,tokens,total_ms,transformer_ms,logits_ms,sampling_ms,codes_ms,next_scale_ms,word_embed_ms,other_ms
0,1,1,1,1,50.104,47.526,0.912,0.742,0.273,0.118,0.352,0.180
1,1,2,2,4,52.685,51.253,0.395,0.447,0.199,0.097,0.139,0.155
2,1,4,4,16,55.761,53.601,0.591,1.011,0.177,0.098,0.136,0.147
3,1,6,6,36,52.701,51.351,0.377,0.429,0.176,0.093,0.131,0.145
4,1,8,8,64,52.385,51.051,0.393,0.396,0.170,0.107,0.134,0.134
5,1,12,12,144,52.807,51.534,0.384,0.389,0.169,0.131,0.101,0.098
6,1,16,16,256,56.901,54.872,0.551,0.973,0.174,0.174,0.059,0.098
7,1,20,20,400,55.525,54.424,0.179,0.382,0.171,0.208,0.037,0.123
8,1,24,24,576,54.466,53.431,0.147,0.422,0.146,0.217,0.038,0.065
9,1,32,32,1024,87.609,86.567,0.179,0.538,0.027,0.201,0.048,0.049
10,1,40,40,1600,128.517,127.231,0.195,0.769,0.028,0.209,0.062,0.023
11,1,48,48,2304,197.283,195.671,0.247,1.069,0.028,0.139,0.106,0.023
12,1,64,64,4096,379.691,377.469,0.398,1.775,0.029,0.000,0.000,0.020
FINAL_DECODE_MS,243.099
=== SCALE_GPU_PROFILE_END ===


=== SCALE_GPU_PROFILE_BEGIN ===
scale,t,h,w,tokens,total_ms,transformer_ms,logits_ms,sampling_ms,codes_ms,next_scale_ms,word_embed_ms,other_ms
0,1,1,1,1,50.148,48.180,0.543,0.738,0.230,0.129,0.155,0.174
1,1,2,2,4,53.431,51.947,0.442,0.419,0.190,0.095,0.135,0.203
2,1,4,4,16,52.747,51.405,0.385,0.398,0.175,0.100,0.132,0.151
3,1,6,6,36,52.356,51.047,0.366,0.397,0.176,0.093,0.128,0.149
4,1,8,8,64,52.090,50.778,0.368,0.397,0.172,0.107,0.131,0.137
5,1,12,12,144,53.041,51.766,0.391,0.385,0.172,0.131,0.100,0.096
6,1,16,16,256,53.248,52.059,0.325,0.355,0.170,0.175,0.057,0.106
7,1,20,20,400,54.422,53.371,0.150,0.379,0.174,0.208,0.031,0.109
8,1,24,24,576,64.610,62.645,0.587,0.463,0.505,0.255,0.053,0.102
9,1,32,32,1024,87.826,86.740,0.180,0.538,0.027,0.201,0.047,0.094
10,1,40,40,1600,128.233,126.946,0.197,0.769,0.028,0.209,0.062,0.023
11,1,48,48,2304,198.359,196.745,0.247,1.070,0.028,0.139,0.107,0.023
12,1,64,64,4096,379.437,377.219,0.394,1.775,0.029,0.000,0.000,0.020
FINAL_DECODE_MS,242.833
=== SCALE_GPU_PROFILE_END ===


=== SCALE_GPU_PROFILE_BEGIN ===
scale,t,h,w,tokens,total_ms,transformer_ms,logits_ms,sampling_ms,codes_ms,next_scale_ms,word_embed_ms,other_ms
0,1,1,1,1,47.166,45.555,0.533,0.464,0.212,0.099,0.151,0.152
1,1,2,2,4,51.870,50.569,0.375,0.375,0.191,0.092,0.125,0.143
2,1,4,4,16,52.975,51.244,0.804,0.372,0.175,0.092,0.141,0.145
3,1,6,6,36,52.108,50.795,0.380,0.374,0.190,0.093,0.132,0.144
4,1,8,8,64,52.021,50.713,0.375,0.374,0.172,0.106,0.151,0.130
5,1,12,12,144,52.560,51.315,0.362,0.383,0.169,0.131,0.098,0.102
6,1,16,16,256,53.016,51.836,0.323,0.345,0.185,0.175,0.057,0.096
7,1,20,20,400,54.163,53.126,0.152,0.375,0.171,0.208,0.030,0.101
8,1,24,24,576,54.167,53.138,0.138,0.415,0.142,0.216,0.039,0.079
9,1,32,32,1024,87.563,86.519,0.180,0.539,0.027,0.201,0.048,0.049
10,1,40,40,1600,128.306,127.021,0.195,0.768,0.028,0.210,0.061,0.023
11,1,48,48,2304,197.132,195.527,0.242,1.067,0.028,0.139,0.106,0.023
12,1,64,64,4096,379.614,377.369,0.403,1.792,0.030,0.000,0.000,0.020
FINAL_DECODE_MS,243.041
=== SCALE_GPU_PROFILE_END ===

BENCH_WARMUP Sequential-B1 seconds=11.317325 img_s=0.353440 peak_gb=15.749

=== SCALE_GPU_PROFILE_BEGIN ===
scale,t,h,w,tokens,total_ms,transformer_ms,logits_ms,sampling_ms,codes_ms,next_scale_ms,word_embed_ms,other_ms
0,1,1,1,1,46.185,44.879,0.380,0.386,0.167,0.096,0.129,0.148
1,1,2,2,4,51.615,50.326,0.378,0.371,0.169,0.101,0.126,0.144
2,1,4,4,16,52.064,50.791,0.363,0.373,0.167,0.093,0.127,0.149
3,1,6,6,36,51.743,50.460,0.371,0.376,0.170,0.091,0.132,0.144
4,1,8,8,64,52.010,50.674,0.390,0.391,0.178,0.108,0.135,0.135
5,1,12,12,144,52.612,51.357,0.365,0.386,0.169,0.130,0.099,0.106
6,1,16,16,256,52.780,51.616,0.318,0.348,0.172,0.174,0.057,0.095
7,1,20,20,400,54.125,53.086,0.142,0.386,0.172,0.207,0.031,0.100
8,1,24,24,576,54.179,53.130,0.141,0.429,0.143,0.215,0.038,0.083
9,1,32,32,1024,87.574,86.535,0.179,0.537,0.027,0.201,0.047,0.049
10,1,40,40,1600,128.348,127.055,0.203,0.769,0.028,0.208,0.062,0.023
11,1,48,48,2304,197.117,195.502,0.248,1.069,0.028,0.140,0.107,0.023
12,1,64,64,4096,380.941,378.699,0.403,1.790,0.029,0.000,0.000,0.020
FINAL_DECODE_MS,243.104
=== SCALE_GPU_PROFILE_END ===


=== SCALE_GPU_PROFILE_BEGIN ===
scale,t,h,w,tokens,total_ms,transformer_ms,logits_ms,sampling_ms,codes_ms,next_scale_ms,word_embed_ms,other_ms
0,1,1,1,1,45.640,44.325,0.389,0.377,0.167,0.107,0.129,0.147
1,1,2,2,4,51.523,50.242,0.367,0.383,0.166,0.091,0.127,0.145
2,1,4,4,16,52.391,51.103,0.369,0.374,0.168,0.103,0.127,0.146
3,1,6,6,36,51.536,50.266,0.359,0.380,0.171,0.092,0.125,0.143
4,1,8,8,64,51.571,50.288,0.364,0.379,0.177,0.106,0.127,0.130
5,1,12,12,144,52.464,51.205,0.380,0.386,0.169,0.131,0.097,0.096
6,1,16,16,256,52.809,51.645,0.312,0.355,0.170,0.173,0.058,0.095
7,1,20,20,400,53.967,52.933,0.139,0.384,0.171,0.206,0.030,0.104
8,1,24,24,576,54.074,53.042,0.137,0.417,0.156,0.217,0.039,0.066
9,1,32,32,1024,87.570,86.527,0.180,0.538,0.027,0.200,0.048,0.049
10,1,40,40,1600,128.320,127.027,0.202,0.769,0.028,0.209,0.061,0.023
11,1,48,48,2304,197.082,195.458,0.257,1.070,0.028,0.139,0.107,0.023
12,1,64,64,4096,381.113,378.873,0.400,1.791,0.029,0.000,0.000,0.020
FINAL_DECODE_MS,242.964
=== SCALE_GPU_PROFILE_END ===


=== SCALE_GPU_PROFILE_BEGIN ===
scale,t,h,w,tokens,total_ms,transformer_ms,logits_ms,sampling_ms,codes_ms,next_scale_ms,word_embed_ms,other_ms
0,1,1,1,1,45.629,44.337,0.377,0.373,0.168,0.096,0.135,0.144
1,1,2,2,4,51.488,50.218,0.367,0.379,0.166,0.090,0.124,0.142
2,1,4,4,16,51.863,50.598,0.359,0.379,0.169,0.091,0.123,0.144
3,1,6,6,36,51.583,50.303,0.372,0.371,0.168,0.090,0.135,0.143
4,1,8,8,64,51.531,50.264,0.361,0.383,0.166,0.105,0.126,0.127
5,1,12,12,144,52.193,50.947,0.362,0.376,0.169,0.131,0.100,0.107
6,1,16,16,256,52.762,51.609,0.307,0.350,0.170,0.174,0.056,0.095
7,1,20,20,400,53.941,52.912,0.136,0.383,0.169,0.208,0.030,0.104
8,1,24,24,576,54.144,53.098,0.147,0.418,0.161,0.216,0.039,0.065
9,1,32,32,1024,87.552,86.510,0.180,0.539,0.027,0.201,0.047,0.049
10,1,40,40,1600,128.303,127.007,0.203,0.769,0.028,0.210,0.062,0.023
11,1,48,48,2304,197.110,195.496,0.247,1.069,0.028,0.139,0.107,0.023
12,1,64,64,4096,380.701,378.459,0.399,1.793,0.029,0.000,0.000,0.020
FINAL_DECODE_MS,243.113
=== SCALE_GPU_PROFILE_END ===


=== SCALE_GPU_PROFILE_BEGIN ===
scale,t,h,w,tokens,total_ms,transformer_ms,logits_ms,sampling_ms,codes_ms,next_scale_ms,word_embed_ms,other_ms
0,1,1,1,1,45.706,44.420,0.372,0.378,0.166,0.097,0.125,0.148
1,1,2,2,4,51.454,50.176,0.370,0.371,0.173,0.090,0.124,0.150
2,1,4,4,16,51.859,50.595,0.358,0.371,0.175,0.092,0.124,0.145
3,1,6,6,36,54.008,51.425,0.409,1.621,0.186,0.095,0.127,0.146
4,1,8,8,64,51.927,50.641,0.366,0.380,0.174,0.107,0.128,0.131
5,1,12,12,144,52.464,51.213,0.373,0.387,0.169,0.131,0.098,0.093
6,1,16,16,256,52.886,51.728,0.312,0.353,0.169,0.174,0.055,0.095
7,1,20,20,400,53.942,52.916,0.136,0.383,0.170,0.207,0.030,0.099
8,1,24,24,576,54.062,53.030,0.148,0.408,0.154,0.216,0.041,0.064
9,1,32,32,1024,87.589,86.547,0.179,0.539,0.027,0.200,0.048,0.049
10,1,40,40,1600,128.334,127.040,0.203,0.770,0.028,0.209,0.062,0.023
11,1,48,48,2304,197.566,195.954,0.247,1.069,0.028,0.140,0.106,0.023
12,1,64,64,4096,381.006,378.763,0.400,1.793,0.029,0.000,0.000,0.020
FINAL_DECODE_MS,242.939
=== SCALE_GPU_PROFILE_END ===

BENCH_MEASURE Sequential-B1 1 seconds=6.026621 img_s=0.663722 peak_gb=15.749

=== SCALE_GPU_PROFILE_BEGIN ===
scale,t,h,w,tokens,total_ms,transformer_ms,logits_ms,sampling_ms,codes_ms,next_scale_ms,word_embed_ms,other_ms
0,1,1,1,1,45.502,44.215,0.367,0.384,0.168,0.096,0.125,0.147
1,1,2,2,4,51.393,50.115,0.378,0.368,0.166,0.099,0.124,0.143
2,1,4,4,16,51.870,50.593,0.371,0.371,0.167,0.091,0.134,0.142
3,1,6,6,36,51.545,50.273,0.361,0.383,0.170,0.091,0.126,0.142
4,1,8,8,64,51.560,50.274,0.367,0.376,0.167,0.113,0.127,0.136
5,1,12,12,144,58.592,56.593,0.515,0.452,0.613,0.156,0.126,0.138
6,1,16,16,256,53.857,52.643,0.315,0.353,0.177,0.173,0.059,0.136
7,1,20,20,400,53.944,52.898,0.138,0.385,0.179,0.211,0.031,0.101
8,1,24,24,576,53.969,52.937,0.147,0.408,0.158,0.216,0.038,0.064
9,1,32,32,1024,87.579,86.538,0.180,0.538,0.027,0.200,0.047,0.049
10,1,40,40,1600,128.342,127.046,0.203,0.770,0.028,0.209,0.062,0.023
11,1,48,48,2304,197.095,195.486,0.241,1.070,0.028,0.140,0.108,0.023
12,1,64,64,4096,383.384,381.147,0.395,1.792,0.029,0.000,0.000,0.020
FINAL_DECODE_MS,243.187
=== SCALE_GPU_PROFILE_END ===


=== SCALE_GPU_PROFILE_BEGIN ===
scale,t,h,w,tokens,total_ms,transformer_ms,logits_ms,sampling_ms,codes_ms,next_scale_ms,word_embed_ms,other_ms
0,1,1,1,1,45.997,44.594,0.423,0.381,0.201,0.118,0.131,0.148
1,1,2,2,4,51.603,50.303,0.375,0.373,0.183,0.094,0.133,0.141
2,1,4,4,16,51.918,50.640,0.369,0.373,0.168,0.091,0.127,0.152
3,1,6,6,36,51.813,50.524,0.366,0.375,0.174,0.091,0.125,0.157
4,1,8,8,64,51.669,50.383,0.365,0.384,0.171,0.106,0.129,0.130
5,1,12,12,144,52.467,51.208,0.397,0.366,0.168,0.130,0.104,0.092
6,1,16,16,256,52.739,51.576,0.315,0.354,0.169,0.174,0.057,0.094
7,1,20,20,400,56.847,55.617,0.161,0.535,0.193,0.207,0.030,0.102
8,1,24,24,576,54.213,53.181,0.147,0.417,0.143,0.217,0.039,0.070
9,1,32,32,1024,87.591,86.555,0.174,0.539,0.027,0.200,0.048,0.048
10,1,40,40,1600,128.296,127.003,0.202,0.768,0.028,0.210,0.062,0.023
11,1,48,48,2304,197.125,195.511,0.248,1.070,0.028,0.139,0.106,0.023
12,1,64,64,4096,382.018,379.777,0.400,1.793,0.029,0.000,0.000,0.020
FINAL_DECODE_MS,243.244
=== SCALE_GPU_PROFILE_END ===


=== SCALE_GPU_PROFILE_BEGIN ===
scale,t,h,w,tokens,total_ms,transformer_ms,logits_ms,sampling_ms,codes_ms,next_scale_ms,word_embed_ms,other_ms
0,1,1,1,1,46.508,44.772,0.592,0.374,0.177,0.096,0.347,0.149
1,1,2,2,4,51.706,50.428,0.368,0.376,0.178,0.092,0.124,0.141
2,1,4,4,16,52.310,51.039,0.361,0.387,0.167,0.089,0.123,0.144
3,1,6,6,36,51.609,50.347,0.363,0.368,0.175,0.091,0.124,0.141
4,1,8,8,64,51.548,50.271,0.371,0.378,0.167,0.105,0.126,0.130
5,1,12,12,144,52.699,51.449,0.385,0.374,0.169,0.131,0.099,0.094
6,1,16,16,256,52.810,51.656,0.309,0.346,0.171,0.174,0.055,0.100
7,1,20,20,400,54.005,52.974,0.136,0.382,0.173,0.207,0.030,0.102
8,1,24,24,576,55.020,53.749,0.146,0.593,0.188,0.217,0.038,0.089
9,1,32,32,1024,87.556,86.516,0.179,0.538,0.027,0.200,0.047,0.048
10,1,40,40,1600,128.325,127.037,0.197,0.769,0.028,0.210,0.062,0.023
11,1,48,48,2304,197.058,195.450,0.242,1.069,0.028,0.139,0.107,0.023
12,1,64,64,4096,380.616,378.373,0.401,1.792,0.029,0.000,0.000,0.020
FINAL_DECODE_MS,243.190
=== SCALE_GPU_PROFILE_END ===


=== SCALE_GPU_PROFILE_BEGIN ===
scale,t,h,w,tokens,total_ms,transformer_ms,logits_ms,sampling_ms,codes_ms,next_scale_ms,word_embed_ms,other_ms
0,1,1,1,1,46.734,45.037,0.378,0.768,0.181,0.098,0.127,0.145
1,1,2,2,4,51.578,50.301,0.378,0.373,0.168,0.090,0.124,0.143
2,1,4,4,16,52.190,50.905,0.370,0.374,0.169,0.091,0.135,0.145
3,1,6,6,36,51.574,50.301,0.363,0.383,0.169,0.090,0.124,0.143
4,1,8,8,64,51.567,50.290,0.362,0.378,0.175,0.106,0.127,0.129
5,1,12,12,144,52.348,51.098,0.367,0.385,0.170,0.131,0.099,0.097
6,1,16,16,256,52.723,51.561,0.313,0.347,0.179,0.174,0.056,0.094
7,1,20,20,400,54.011,52.988,0.137,0.380,0.171,0.207,0.030,0.098
8,1,24,24,576,53.893,52.849,0.147,0.418,0.151,0.217,0.039,0.071
9,1,32,32,1024,87.544,86.502,0.179,0.539,0.027,0.201,0.048,0.047
10,1,40,40,1600,129.426,128.131,0.204,0.768,0.028,0.210,0.062,0.023
11,1,48,48,2304,197.097,195.485,0.247,1.069,0.028,0.139,0.106,0.023
12,1,64,64,4096,381.362,379.118,0.401,1.793,0.029,0.000,0.000,0.020
FINAL_DECODE_MS,243.241
=== SCALE_GPU_PROFILE_END ===

BENCH_MEASURE Sequential-B1 2 seconds=6.044020 img_s=0.661811 peak_gb=15.749

=== SCALE_GPU_PROFILE_BEGIN ===
scale,t,h,w,tokens,total_ms,transformer_ms,logits_ms,sampling_ms,codes_ms,next_scale_ms,word_embed_ms,other_ms
0,1,1,1,1,47.297,45.600,0.372,0.778,0.170,0.096,0.138,0.143
1,1,2,2,4,51.405,50.133,0.370,0.382,0.166,0.090,0.123,0.140
2,1,4,4,16,51.857,50.596,0.359,0.370,0.176,0.091,0.125,0.141
3,1,6,6,36,51.505,50.237,0.369,0.375,0.170,0.092,0.124,0.140
4,1,8,8,64,51.562,50.281,0.362,0.386,0.166,0.105,0.124,0.137
5,1,12,12,144,52.155,50.916,0.362,0.384,0.170,0.131,0.098,0.094
6,1,16,16,256,52.695,51.527,0.320,0.346,0.178,0.174,0.057,0.093
7,1,20,20,400,54.018,52.990,0.137,0.382,0.172,0.207,0.030,0.100
8,1,24,24,576,53.972,52.941,0.145,0.414,0.153,0.217,0.038,0.063
9,1,32,32,1024,87.546,86.506,0.181,0.537,0.027,0.200,0.047,0.049
10,1,40,40,1600,128.290,126.995,0.203,0.770,0.028,0.209,0.062,0.023
11,1,48,48,2304,197.645,196.034,0.246,1.069,0.028,0.139,0.107,0.023
12,1,64,64,4096,381.847,379.610,0.396,1.793,0.029,0.000,0.000,0.020
FINAL_DECODE_MS,243.230
=== SCALE_GPU_PROFILE_END ===


=== SCALE_GPU_PROFILE_BEGIN ===
scale,t,h,w,tokens,total_ms,transformer_ms,logits_ms,sampling_ms,codes_ms,next_scale_ms,word_embed_ms,other_ms
0,1,1,1,1,48.646,47.078,0.398,0.608,0.177,0.098,0.141,0.146
1,1,2,2,4,51.542,50.263,0.379,0.375,0.167,0.090,0.126,0.142
2,1,4,4,16,51.867,50.597,0.359,0.383,0.168,0.091,0.126,0.143
3,1,6,6,36,51.600,50.325,0.363,0.373,0.180,0.091,0.125,0.142
4,1,8,8,64,51.521,50.242,0.369,0.378,0.169,0.105,0.127,0.131
5,1,12,12,144,52.304,51.046,0.375,0.373,0.167,0.133,0.099,0.112
6,1,16,16,256,52.754,51.587,0.321,0.346,0.169,0.174,0.063,0.094
7,1,20,20,400,53.936,52.911,0.144,0.374,0.171,0.207,0.030,0.100
8,1,24,24,576,54.011,52.974,0.147,0.416,0.146,0.217,0.039,0.073
9,1,32,32,1024,87.546,86.509,0.175,0.539,0.027,0.200,0.048,0.048
10,1,40,40,1600,128.282,126.990,0.202,0.768,0.028,0.209,0.062,0.023
11,1,48,48,2304,197.515,195.902,0.247,1.069,0.028,0.139,0.107,0.023
12,1,64,64,4096,382.022,379.781,0.399,1.793,0.029,0.000,0.000,0.020
FINAL_DECODE_MS,243.108
=== SCALE_GPU_PROFILE_END ===


=== SCALE_GPU_PROFILE_BEGIN ===
scale,t,h,w,tokens,total_ms,transformer_ms,logits_ms,sampling_ms,codes_ms,next_scale_ms,word_embed_ms,other_ms
0,1,1,1,1,45.609,44.324,0.368,0.383,0.167,0.095,0.126,0.146
1,1,2,2,4,51.718,50.245,0.370,0.575,0.170,0.091,0.126,0.142
2,1,4,4,16,52.206,50.939,0.359,0.380,0.169,0.091,0.125,0.143
3,1,6,6,36,51.573,50.302,0.361,0.371,0.178,0.093,0.125,0.143
4,1,8,8,64,51.479,50.207,0.361,0.386,0.167,0.105,0.125,0.128
5,1,12,12,144,52.281,51.024,0.385,0.373,0.169,0.130,0.107,0.093
6,1,16,16,256,52.596,51.436,0.318,0.348,0.169,0.173,0.057,0.094
7,1,20,20,400,53.830,52.801,0.139,0.384,0.171,0.206,0.030,0.099
8,1,24,24,576,53.996,52.961,0.146,0.415,0.155,0.215,0.038,0.065
9,1,32,32,1024,87.511,86.468,0.180,0.540,0.027,0.200,0.047,0.049
10,1,40,40,1600,128.276,126.985,0.200,0.769,0.028,0.209,0.062,0.023
11,1,48,48,2304,197.204,195.581,0.241,1.081,0.028,0.141,0.108,0.023
12,1,64,64,4096,381.551,379.306,0.402,1.793,0.029,0.000,0.000,0.020
FINAL_DECODE_MS,243.206
=== SCALE_GPU_PROFILE_END ===


=== SCALE_GPU_PROFILE_BEGIN ===
scale,t,h,w,tokens,total_ms,transformer_ms,logits_ms,sampling_ms,codes_ms,next_scale_ms,word_embed_ms,other_ms
0,1,1,1,1,45.557,44.272,0.368,0.380,0.170,0.096,0.126,0.147
1,1,2,2,4,51.421,50.143,0.377,0.374,0.170,0.092,0.125,0.142
2,1,4,4,16,51.744,50.468,0.361,0.382,0.169,0.090,0.124,0.150
3,1,6,6,36,53.468,51.933,0.391,0.599,0.170,0.102,0.128,0.145
4,1,8,8,64,51.465,50.188,0.362,0.390,0.166,0.106,0.125,0.128
5,1,12,12,144,52.553,51.298,0.390,0.362,0.168,0.132,0.099,0.104
6,1,16,16,256,52.674,51.513,0.322,0.347,0.168,0.174,0.056,0.094
7,1,20,20,400,53.888,52.861,0.144,0.373,0.169,0.207,0.030,0.105
8,1,24,24,576,53.946,52.921,0.143,0.419,0.145,0.215,0.039,0.065
9,1,32,32,1024,87.554,86.512,0.180,0.539,0.027,0.200,0.048,0.049
10,1,40,40,1600,128.290,126.997,0.202,0.769,0.028,0.210,0.062,0.023
11,1,48,48,2304,197.515,195.896,0.241,1.079,0.028,0.140,0.107,0.023
12,1,64,64,4096,381.713,379.475,0.394,1.793,0.029,0.000,0.000,0.021
FINAL_DECODE_MS,243.080
=== SCALE_GPU_PROFILE_END ===

BENCH_MEASURE Sequential-B1 3 seconds=6.031796 img_s=0.663152 peak_gb=15.749
RESULT Sequential-B1 mean_s=6.034146 mean_img_s=0.662895 peak_gb=15.749
BENCH_WARMUP_BEGIN Fixed-B4

=== SCALE_GPU_PROFILE_BEGIN ===
scale,t,h,w,tokens,total_ms,transformer_ms,logits_ms,sampling_ms,codes_ms,next_scale_ms,word_embed_ms,other_ms
0,1,1,1,1,1302.230,907.840,392.968,0.615,0.331,0.172,0.151,0.153
1,1,2,2,4,1401.599,1028.237,371.990,0.607,0.272,0.225,0.085,0.181
2,1,4,4,16,54.454,53.028,0.400,0.384,0.201,0.253,0.028,0.160
3,1,6,6,36,53.991,52.637,0.406,0.346,0.206,0.283,0.030,0.083
4,1,8,8,64,54.581,53.267,0.387,0.281,0.173,0.395,0.037,0.041
5,1,12,12,144,56.177,54.912,0.250,0.358,0.151,0.427,0.040,0.040
6,1,16,16,256,80.896,79.398,0.286,0.538,0.027,0.577,0.048,0.023
7,1,20,20,400,115.939,114.040,0.313,0.770,0.027,0.702,0.063,0.023
8,1,24,24,576,165.843,163.501,0.356,1.080,0.028,0.747,0.108,0.023
9,1,32,32,1024,292.830,289.596,0.489,1.774,0.031,0.762,0.155,0.023
10,1,40,40,1600,485.930,481.480,0.648,2.715,0.031,0.817,0.214,0.025
11,1,48,48,2304,1100.088,1094.646,0.792,3.728,0.032,0.512,0.353,0.024
12,1,64,64,4096,2372.825,2364.887,1.215,6.663,0.038,0.000,0.000,0.023
FINAL_DECODE_MS,1348.814
=== SCALE_GPU_PROFILE_END ===

BENCH_WARMUP Fixed-B4 seconds=9.057951 img_s=0.441601 peak_gb=40.859

=== SCALE_GPU_PROFILE_BEGIN ===
scale,t,h,w,tokens,total_ms,transformer_ms,logits_ms,sampling_ms,codes_ms,next_scale_ms,word_embed_ms,other_ms
0,1,1,1,1,50.466,48.944,0.428,0.472,0.204,0.170,0.106,0.141
1,1,2,2,4,65.743,64.393,0.393,0.404,0.180,0.177,0.063,0.133
2,1,4,4,16,58.558,57.218,0.394,0.389,0.181,0.212,0.037,0.128
3,1,6,6,36,53.560,52.258,0.393,0.389,0.173,0.236,0.026,0.085
4,1,8,8,64,53.962,52.675,0.335,0.343,0.172,0.323,0.031,0.082
5,1,12,12,144,56.178,54.893,0.241,0.357,0.179,0.426,0.040,0.042
6,1,16,16,256,81.567,80.079,0.270,0.538,0.028,0.578,0.048,0.026
7,1,20,20,400,116.924,115.033,0.296,0.770,0.028,0.707,0.065,0.026
8,1,24,24,576,166.794,164.462,0.359,1.071,0.029,0.740,0.108,0.026
9,1,32,32,1024,295.555,292.283,0.500,1.792,0.029,0.772,0.155,0.024
10,1,40,40,1600,486.912,482.476,0.636,2.715,0.031,0.817,0.215,0.023
11,1,48,48,2304,745.700,740.202,0.800,3.765,0.032,0.519,0.355,0.025
12,1,64,64,4096,1470.103,1462.071,1.234,6.736,0.039,0.000,0.000,0.023
FINAL_DECODE_MS,792.221
=== SCALE_GPU_PROFILE_END ===

BENCH_MEASURE Fixed-B4 1 seconds=4.497518 img_s=0.889379 peak_gb=40.856

=== SCALE_GPU_PROFILE_BEGIN ===
scale,t,h,w,tokens,total_ms,transformer_ms,logits_ms,sampling_ms,codes_ms,next_scale_ms,word_embed_ms,other_ms
0,1,1,1,1,49.830,48.471,0.406,0.392,0.173,0.159,0.092,0.136
1,1,2,2,4,53.249,51.923,0.395,0.377,0.172,0.178,0.068,0.135
2,1,4,4,16,53.301,51.996,0.381,0.387,0.174,0.213,0.023,0.127
3,1,6,6,36,53.269,51.975,0.382,0.389,0.172,0.234,0.025,0.092
4,1,8,8,64,53.807,52.513,0.327,0.360,0.172,0.323,0.030,0.082
5,1,12,12,144,55.285,54.053,0.249,0.358,0.120,0.427,0.039,0.039
6,1,16,16,256,80.852,79.369,0.269,0.537,0.027,0.580,0.047,0.023
7,1,20,20,400,115.803,113.924,0.292,0.767,0.027,0.705,0.065,0.023
8,1,24,24,576,165.826,163.498,0.344,1.080,0.028,0.745,0.108,0.023
9,1,32,32,1024,294.443,291.176,0.496,1.791,0.029,0.772,0.154,0.024
10,1,40,40,1600,487.327,482.894,0.629,2.713,0.031,0.820,0.215,0.023
11,1,48,48,2304,745.814,740.262,0.802,3.808,0.032,0.525,0.361,0.023
12,1,64,64,4096,1473.079,1465.008,1.244,6.766,0.038,0.000,0.000,0.022
FINAL_DECODE_MS,792.760
=== SCALE_GPU_PROFILE_END ===

BENCH_MEASURE Fixed-B4 2 seconds=4.477687 img_s=0.893318 peak_gb=40.855

=== SCALE_GPU_PROFILE_BEGIN ===
scale,t,h,w,tokens,total_ms,transformer_ms,logits_ms,sampling_ms,codes_ms,next_scale_ms,word_embed_ms,other_ms
0,1,1,1,1,49.809,48.437,0.404,0.399,0.175,0.158,0.101,0.135
1,1,2,2,4,53.298,51.993,0.388,0.373,0.181,0.176,0.059,0.128
2,1,4,4,16,52.852,51.554,0.379,0.372,0.172,0.212,0.025,0.138
3,1,6,6,36,53.159,51.865,0.401,0.370,0.182,0.235,0.025,0.082
4,1,8,8,64,53.791,52.506,0.334,0.344,0.171,0.324,0.030,0.082
5,1,12,12,144,55.245,54.000,0.234,0.357,0.135,0.431,0.039,0.049
6,1,16,16,256,80.845,79.342,0.290,0.536,0.027,0.578,0.049,0.023
7,1,20,20,400,115.787,113.906,0.295,0.768,0.027,0.704,0.064,0.023
8,1,24,24,576,166.159,163.832,0.342,1.080,0.028,0.745,0.108,0.023
9,1,32,32,1024,294.411,291.136,0.505,1.792,0.029,0.771,0.154,0.023
10,1,40,40,1600,487.807,483.365,0.641,2.714,0.031,0.817,0.216,0.023
11,1,48,48,2304,744.497,738.924,0.827,3.807,0.032,0.525,0.359,0.023
12,1,64,64,4096,1473.396,1465.460,1.212,6.664,0.037,0.000,0.000,0.022
FINAL_DECODE_MS,791.978
=== SCALE_GPU_PROFILE_END ===

BENCH_MEASURE Fixed-B4 3 seconds=4.476000 img_s=0.893655 peak_gb=40.855
RESULT Fixed-B4 mean_s=4.483735 mean_img_s=0.892118 peak_gb=40.856
BENCH_WARMUP_BEGIN ScaleAware
BENCH_WARMUP ScaleAware seconds=4.526379 img_s=0.883709 peak_gb=52.215
BENCH_MEASURE ScaleAware 1 seconds=4.505319 img_s=0.887839 peak_gb=52.215
BENCH_MEASURE ScaleAware 2 seconds=4.501219 img_s=0.888648 peak_gb=52.215
BENCH_MEASURE ScaleAware 3 seconds=4.500600 img_s=0.888770 peak_gb=52.215
RESULT ScaleAware mean_s=4.502379 mean_img_s=0.888419 peak_gb=52.215
SCALEAWARE_VS_SEQUENTIAL_GAIN_PCT 34.02
SCALEAWARE_FIXED_B4_THROUGHPUT_PCT 99.59
PIPELINE_BENCHMARK_OK
===== 8B REPEAT END =====
Fri Oct  9 01:42:40 KST 2026
