==========================================
SLURM_JOB_ID = 927669
SLURM_NODELIST = gpu36
==========================================
===== JOB INFO =====
Fri Oct  9 01:13:39 KST 2026
gpu36
NVIDIA A100-SXM4-80GB, 81920 MiB, 580.105.08
torch= 2.7.1+cu128 cuda= 12.8 gpu= NVIDIA A100-SXM4-80GB
===== 8B REPEAT START =====
[Loading tokenizer and text encoder]
[Loading Infinity]
self.codebook_dim: 56, self.add_lvl_embeding_only_first_block: 0,             self.use_bit_label: 1, self.rope2d_each_sa_layer: 1, self.rope2d_normalized_by_hw: 2
self.num_blocks_in_a_chunk=5, depth=40, block_chunks=8

[constructor]  ==== customized_flash_attn=False (using_flash=0/40), fused_mlp=False (fused_mlp=0/40) ==== 
    [Infinity config ] embed_dim=3584, num_heads=28, depth=40, mlp_ratio=4, swiglu=False num_blocks_in_a_chunk=5
    [drop ratios] drop_rate=0.0, drop_path_rate=0.1 (tensor([0.0000, 0.0026, 0.0051, 0.0077, 0.0103, 0.0128, 0.0154, 0.0179, 0.0205,
        0.0231, 0.0256, 0.0282, 0.0308, 0.0333, 0.0359, 0.0385, 0.0410, 0.0436,
        0.0462, 0.0487, 0.0513, 0.0538, 0.0564, 0.0590, 0.0615, 0.0641, 0.0667,
        0.0692, 0.0718, 0.0744, 0.0769, 0.0795, 0.0821, 0.0846, 0.0872, 0.0897,
        0.0923, 0.0949, 0.0974, 0.1000]))

[you selected Infinity with model_kwargs={'depth': 40, 'embed_dim': 3584, 'num_heads': 28, 'drop_path_rate': 0.1, 'mlp_ratio': 4, 'block_chunks': 8}] model size: 8.38B, bf16=1
[Load Infinity weights]
prompt=a photo of a red panda sitting on a wooden chair
PIPELINE_BENCHMARK_BEGIN
prompt=a photo of a red panda sitting on a wooden chair
BENCH_WARMUP_BEGIN Sequential-B1

=== SCALE_GPU_PROFILE_BEGIN ===
scale,t,h,w,tokens,total_ms,transformer_ms,logits_ms,sampling_ms,codes_ms,next_scale_ms,word_embed_ms,other_ms
0,1,1,1,1,2933.778,2642.599,255.301,27.734,1.849,0.707,5.313,0.275
1,1,2,2,4,613.837,299.576,283.384,0.541,0.302,0.136,29.710,0.187
2,1,4,4,16,71.866,70.346,0.374,0.413,0.249,0.113,0.213,0.157
3,1,6,6,36,67.590,66.209,0.291,0.390,0.231,0.113,0.223,0.133
4,1,8,8,64,66.106,64.770,0.286,0.378,0.229,0.122,0.193,0.129
5,1,12,12,144,67.245,66.215,0.175,0.280,0.214,0.111,0.153,0.097
6,1,16,16,256,82.035,81.276,0.209,0.373,0.040,0.037,0.049,0.052
7,1,20,20,400,94.821,94.059,0.209,0.414,0.034,0.031,0.051,0.024
8,1,24,24,576,137.332,136.364,0.270,0.537,0.034,0.034,0.071,0.023
9,1,32,32,1024,232.412,231.021,0.337,0.865,0.035,0.032,0.098,0.023
10,1,40,40,1600,356.135,354.178,0.397,1.320,0.036,0.035,0.145,0.024
11,1,48,48,2304,533.541,530.824,0.552,1.817,0.038,0.031,0.256,0.024
12,1,64,64,4096,1031.158,1027.171,0.857,3.068,0.039,0.000,0.000,0.023
FINAL_DECODE_MS,367.582
=== SCALE_GPU_PROFILE_END ===


=== SCALE_GPU_PROFILE_BEGIN ===
scale,t,h,w,tokens,total_ms,transformer_ms,logits_ms,sampling_ms,codes_ms,next_scale_ms,word_embed_ms,other_ms
0,1,1,1,1,58.442,56.888,0.418,0.465,0.236,0.128,0.156,0.151
1,1,2,2,4,64.094,62.788,0.339,0.378,0.213,0.110,0.140,0.127
2,1,4,4,16,64.582,63.283,0.330,0.367,0.222,0.111,0.141,0.128
3,1,6,6,36,65.240,63.991,0.283,0.377,0.212,0.111,0.140,0.126
4,1,8,8,64,64.918,63.665,0.294,0.378,0.207,0.109,0.140,0.126
5,1,12,12,144,66.135,65.071,0.156,0.345,0.208,0.109,0.137,0.108
6,1,16,16,256,70.448,69.800,0.189,0.305,0.033,0.032,0.040,0.048
7,1,20,20,400,92.755,92.002,0.203,0.412,0.034,0.032,0.049,0.023
8,1,24,24,576,136.960,135.993,0.270,0.536,0.034,0.032,0.071,0.023
9,1,32,32,1024,233.281,231.897,0.336,0.866,0.035,0.032,0.091,0.024
10,1,40,40,1600,357.028,355.065,0.403,1.319,0.036,0.034,0.146,0.025
11,1,48,48,2304,537.193,534.483,0.549,1.814,0.037,0.031,0.254,0.024
12,1,64,64,4096,1033.460,1029.439,0.860,3.101,0.039,0.000,0.000,0.021
FINAL_DECODE_MS,178.356
=== SCALE_GPU_PROFILE_END ===

BENCH_WARMUP Sequential-B1 seconds=9.743010 img_s=0.205275 peak_gb=37.081

=== SCALE_GPU_PROFILE_BEGIN ===
scale,t,h,w,tokens,total_ms,transformer_ms,logits_ms,sampling_ms,codes_ms,next_scale_ms,word_embed_ms,other_ms
0,1,1,1,1,56.855,55.531,0.350,0.367,0.216,0.116,0.143,0.132
1,1,2,2,4,64.063,62.762,0.331,0.374,0.217,0.111,0.141,0.127
2,1,4,4,16,64.585,63.292,0.329,0.367,0.206,0.118,0.145,0.127
3,1,6,6,36,64.925,63.679,0.281,0.371,0.206,0.111,0.152,0.124
4,1,8,8,64,64.656,63.408,0.284,0.382,0.211,0.108,0.138,0.124
5,1,12,12,144,66.220,65.151,0.156,0.343,0.209,0.110,0.144,0.108
6,1,16,16,256,70.393,69.749,0.184,0.305,0.033,0.031,0.041,0.049
7,1,20,20,400,93.218,92.460,0.201,0.416,0.035,0.032,0.050,0.023
8,1,24,24,576,137.953,136.974,0.273,0.543,0.034,0.032,0.073,0.023
9,1,32,32,1024,232.870,231.473,0.337,0.874,0.036,0.034,0.091,0.024
10,1,40,40,1600,358.167,356.208,0.399,1.320,0.036,0.034,0.146,0.024
11,1,48,48,2304,537.230,534.515,0.550,1.816,0.037,0.033,0.254,0.024
12,1,64,64,4096,1034.581,1030.551,0.868,3.101,0.039,0.000,0.000,0.022
FINAL_DECODE_MS,178.480
=== SCALE_GPU_PROFILE_END ===


=== SCALE_GPU_PROFILE_BEGIN ===
scale,t,h,w,tokens,total_ms,transformer_ms,logits_ms,sampling_ms,codes_ms,next_scale_ms,word_embed_ms,other_ms
0,1,1,1,1,57.393,56.033,0.365,0.378,0.213,0.130,0.143,0.131
1,1,2,2,4,64.370,63.069,0.329,0.383,0.209,0.112,0.141,0.128
2,1,4,4,16,64.230,62.949,0.324,0.367,0.206,0.110,0.140,0.134
3,1,6,6,36,64.947,63.704,0.279,0.379,0.208,0.111,0.140,0.126
4,1,8,8,64,64.606,63.357,0.288,0.369,0.217,0.110,0.140,0.125
5,1,12,12,144,66.098,65.042,0.157,0.337,0.208,0.109,0.137,0.108
6,1,16,16,256,70.497,69.848,0.189,0.306,0.033,0.031,0.041,0.049
7,1,20,20,400,93.282,92.523,0.204,0.417,0.034,0.031,0.050,0.023
8,1,24,24,576,137.835,136.861,0.269,0.543,0.034,0.033,0.072,0.023
9,1,32,32,1024,233.565,232.171,0.338,0.873,0.035,0.033,0.091,0.024
10,1,40,40,1600,357.496,355.515,0.404,1.335,0.037,0.034,0.147,0.025
11,1,48,48,2304,539.549,536.835,0.549,1.817,0.037,0.032,0.255,0.025
12,1,64,64,4096,1035.562,1031.531,0.868,3.102,0.039,0.000,0.000,0.022
FINAL_DECODE_MS,178.162
=== SCALE_GPU_PROFILE_END ===

BENCH_MEASURE Sequential-B1 1 seconds=6.057750 img_s=0.330156 peak_gb=37.081

=== SCALE_GPU_PROFILE_BEGIN ===
scale,t,h,w,tokens,total_ms,transformer_ms,logits_ms,sampling_ms,codes_ms,next_scale_ms,word_embed_ms,other_ms
0,1,1,1,1,57.306,55.943,0.375,0.375,0.207,0.116,0.160,0.130
1,1,2,2,4,63.903,62.593,0.345,0.368,0.208,0.110,0.153,0.125
2,1,4,4,16,64.098,62.799,0.329,0.367,0.207,0.121,0.144,0.132
3,1,6,6,36,64.739,63.504,0.282,0.367,0.206,0.111,0.143,0.127
4,1,8,8,64,64.520,63.275,0.286,0.368,0.208,0.109,0.140,0.135
5,1,12,12,144,66.058,65.005,0.157,0.336,0.208,0.109,0.137,0.107
6,1,16,16,256,70.467,69.815,0.192,0.307,0.033,0.031,0.041,0.049
7,1,20,20,400,93.147,92.391,0.201,0.416,0.035,0.031,0.050,0.023
8,1,24,24,576,138.911,137.926,0.273,0.548,0.035,0.034,0.073,0.024
9,1,32,32,1024,233.930,232.532,0.340,0.875,0.035,0.033,0.092,0.023
10,1,40,40,1600,358.742,356.753,0.405,1.339,0.037,0.036,0.148,0.025
11,1,48,48,2304,539.683,536.937,0.556,1.837,0.038,0.032,0.258,0.025
12,1,64,64,4096,1037.427,1033.392,0.864,3.111,0.039,0.000,0.000,0.021
FINAL_DECODE_MS,178.334
=== SCALE_GPU_PROFILE_END ===


=== SCALE_GPU_PROFILE_BEGIN ===
scale,t,h,w,tokens,total_ms,transformer_ms,logits_ms,sampling_ms,codes_ms,next_scale_ms,word_embed_ms,other_ms
0,1,1,1,1,56.712,55.365,0.356,0.389,0.210,0.115,0.147,0.130
1,1,2,2,4,63.846,62.551,0.337,0.375,0.206,0.111,0.140,0.125
2,1,4,4,16,64.287,63.016,0.328,0.367,0.206,0.108,0.138,0.124
3,1,6,6,36,64.843,63.609,0.274,0.381,0.206,0.109,0.138,0.126
4,1,8,8,64,64.617,63.380,0.286,0.370,0.204,0.108,0.139,0.130
5,1,12,12,144,66.042,64.987,0.157,0.335,0.207,0.110,0.139,0.107
6,1,16,16,256,70.440,69.790,0.189,0.306,0.033,0.032,0.040,0.049
7,1,20,20,400,93.785,93.020,0.203,0.422,0.035,0.032,0.050,0.023
8,1,24,24,576,138.986,138.000,0.274,0.548,0.035,0.032,0.073,0.024
9,1,32,32,1024,234.073,232.674,0.340,0.874,0.035,0.033,0.092,0.025
10,1,40,40,1600,359.299,357.318,0.407,1.335,0.036,0.034,0.146,0.024
11,1,48,48,2304,538.312,535.601,0.549,1.816,0.037,0.031,0.254,0.024
12,1,64,64,4096,1037.640,1033.606,0.871,3.104,0.039,0.000,0.000,0.021
FINAL_DECODE_MS,178.211
=== SCALE_GPU_PROFILE_END ===

BENCH_MEASURE Sequential-B1 2 seconds=6.068251 img_s=0.329584 peak_gb=37.081

=== SCALE_GPU_PROFILE_BEGIN ===
scale,t,h,w,tokens,total_ms,transformer_ms,logits_ms,sampling_ms,codes_ms,next_scale_ms,word_embed_ms,other_ms
0,1,1,1,1,56.719,55.386,0.355,0.369,0.209,0.119,0.144,0.136
1,1,2,2,4,64.029,62.734,0.341,0.366,0.213,0.111,0.138,0.124
2,1,4,4,16,64.250,62.976,0.318,0.378,0.207,0.109,0.137,0.125
3,1,6,6,36,64.984,63.754,0.269,0.381,0.207,0.110,0.139,0.124
4,1,8,8,64,64.605,63.356,0.297,0.364,0.205,0.120,0.138,0.124
5,1,12,12,144,66.065,65.017,0.156,0.326,0.215,0.108,0.136,0.106
6,1,16,16,256,70.491,69.833,0.184,0.307,0.033,0.031,0.041,0.062
7,1,20,20,400,92.932,92.170,0.204,0.418,0.034,0.033,0.050,0.024
8,1,24,24,576,138.154,137.171,0.275,0.542,0.034,0.033,0.073,0.024
9,1,32,32,1024,233.860,232.466,0.336,0.874,0.035,0.034,0.091,0.023
10,1,40,40,1600,359.250,357.247,0.409,1.350,0.037,0.035,0.149,0.024
11,1,48,48,2304,540.485,537.776,0.547,1.816,0.037,0.033,0.253,0.024
12,1,64,64,4096,1038.954,1034.930,0.863,3.100,0.039,0.000,0.000,0.022
FINAL_DECODE_MS,178.580
=== SCALE_GPU_PROFILE_END ===


=== SCALE_GPU_PROFILE_BEGIN ===
scale,t,h,w,tokens,total_ms,transformer_ms,logits_ms,sampling_ms,codes_ms,next_scale_ms,word_embed_ms,other_ms
0,1,1,1,1,56.668,55.347,0.349,0.369,0.218,0.116,0.142,0.126
1,1,2,2,4,63.744,62.453,0.333,0.365,0.208,0.120,0.141,0.124
2,1,4,4,16,64.275,63.005,0.319,0.371,0.208,0.110,0.138,0.124
3,1,6,6,36,65.322,64.070,0.275,0.386,0.207,0.114,0.144,0.127
4,1,8,8,64,65.257,63.984,0.300,0.376,0.209,0.110,0.145,0.133
5,1,12,12,144,66.953,65.878,0.157,0.346,0.208,0.109,0.148,0.108
6,1,16,16,256,70.635,69.987,0.186,0.307,0.033,0.031,0.042,0.050
7,1,20,20,400,93.540,92.780,0.202,0.418,0.034,0.032,0.049,0.024
8,1,24,24,576,138.701,137.727,0.269,0.542,0.034,0.033,0.072,0.024
9,1,32,32,1024,234.583,233.175,0.340,0.883,0.036,0.033,0.092,0.023
10,1,40,40,1600,360.070,358.067,0.407,1.351,0.037,0.035,0.149,0.024
11,1,48,48,2304,540.043,537.330,0.549,1.816,0.037,0.032,0.254,0.025
12,1,64,64,4096,1039.841,1035.814,0.864,3.102,0.039,0.000,0.000,0.021
FINAL_DECODE_MS,178.892
=== SCALE_GPU_PROFILE_END ===

BENCH_MEASURE Sequential-B1 3 seconds=6.077711 img_s=0.329071 peak_gb=37.081
RESULT Sequential-B1 mean_s=6.067904 mean_img_s=0.329604 peak_gb=37.081
BENCH_WARMUP_BEGIN Fixed-B2

=== SCALE_GPU_PROFILE_BEGIN ===
scale,t,h,w,tokens,total_ms,transformer_ms,logits_ms,sampling_ms,codes_ms,next_scale_ms,word_embed_ms,other_ms
0,1,1,1,1,1720.606,1189.007,530.153,0.574,0.342,0.152,0.212,0.166
1,1,2,2,4,4065.726,3496.499,567.850,0.533,0.317,0.143,0.208,0.177
2,1,4,4,16,68.370,66.907,0.375,0.415,0.243,0.114,0.168,0.148
3,1,6,6,36,68.767,67.648,0.274,0.242,0.233,0.111,0.149,0.110
4,1,8,8,64,68.618,67.499,0.182,0.312,0.242,0.112,0.161,0.110
5,1,12,12,144,85.502,84.666,0.230,0.402,0.040,0.053,0.058,0.052
6,1,16,16,256,132.024,131.106,0.270,0.486,0.034,0.043,0.061,0.023
7,1,20,20,400,176.557,175.371,0.295,0.710,0.036,0.045,0.077,0.023
8,1,24,24,576,253.918,252.349,0.357,0.977,0.036,0.045,0.131,0.023
9,1,32,32,1024,441.141,438.571,0.558,1.683,0.038,0.049,0.217,0.025
10,1,40,40,1600,698.753,695.133,0.711,2.480,0.039,0.049,0.316,0.024
11,1,48,48,2304,1055.834,1050.809,0.943,3.487,0.041,0.047,0.484,0.025
12,1,64,64,4096,2137.297,2129.724,1.446,6.059,0.044,0.000,0.000,0.023
FINAL_DECODE_MS,294.825
=== SCALE_GPU_PROFILE_END ===

BENCH_WARMUP Fixed-B2 seconds=11.271317 img_s=0.177442 peak_gb=55.112

=== SCALE_GPU_PROFILE_BEGIN ===
scale,t,h,w,tokens,total_ms,transformer_ms,logits_ms,sampling_ms,codes_ms,next_scale_ms,word_embed_ms,other_ms
0,1,1,1,1,62.170,60.697,0.417,0.406,0.228,0.136,0.151,0.135
1,1,2,2,4,67.576,66.254,0.337,0.389,0.218,0.111,0.142,0.124
2,1,4,4,16,68.112,66.787,0.346,0.375,0.218,0.111,0.148,0.126
3,1,6,6,36,67.837,66.704,0.227,0.332,0.213,0.110,0.145,0.107
4,1,8,8,64,67.543,66.409,0.163,0.369,0.229,0.110,0.138,0.125
5,1,12,12,144,73.777,73.053,0.213,0.336,0.035,0.044,0.048,0.048
6,1,16,16,256,127.391,126.465,0.270,0.486,0.034,0.044,0.061,0.032
7,1,20,20,400,177.559,176.362,0.295,0.719,0.035,0.046,0.078,0.024
8,1,24,24,576,253.874,252.306,0.355,0.978,0.036,0.046,0.130,0.024
9,1,32,32,1024,441.706,439.173,0.548,1.660,0.038,0.048,0.214,0.025
10,1,40,40,1600,698.877,695.255,0.714,2.479,0.040,0.049,0.317,0.024
11,1,48,48,2304,1054.907,1049.865,0.952,3.497,0.042,0.044,0.483,0.024
12,1,64,64,4096,2041.338,2033.627,1.437,6.205,0.046,0.000,0.000,0.023
FINAL_DECODE_MS,294.948
=== SCALE_GPU_PROFILE_END ===

BENCH_MEASURE Fixed-B2 1 seconds=5.500915 img_s=0.363576 peak_gb=55.109

=== SCALE_GPU_PROFILE_BEGIN ===
scale,t,h,w,tokens,total_ms,transformer_ms,logits_ms,sampling_ms,codes_ms,next_scale_ms,word_embed_ms,other_ms
0,1,1,1,1,61.647,60.276,0.380,0.376,0.212,0.120,0.154,0.129
1,1,2,2,4,65.694,64.378,0.348,0.382,0.210,0.110,0.140,0.125
2,1,4,4,16,65.982,64.679,0.331,0.377,0.220,0.110,0.142,0.123
3,1,6,6,36,67.177,66.048,0.225,0.340,0.209,0.109,0.140,0.106
4,1,8,8,64,67.545,66.427,0.162,0.371,0.210,0.109,0.138,0.128
5,1,12,12,144,73.707,72.993,0.206,0.333,0.034,0.044,0.049,0.049
6,1,16,16,256,127.624,126.707,0.269,0.486,0.034,0.044,0.060,0.023
7,1,20,20,400,176.921,175.718,0.298,0.719,0.036,0.045,0.080,0.024
8,1,24,24,576,253.727,252.157,0.354,0.979,0.036,0.047,0.130,0.024
9,1,32,32,1024,441.632,439.125,0.544,1.641,0.038,0.048,0.212,0.024
10,1,40,40,1600,696.811,693.192,0.709,2.481,0.040,0.049,0.316,0.025
11,1,48,48,2304,1053.927,1048.954,0.940,3.446,0.040,0.044,0.479,0.024
12,1,64,64,4096,2036.591,2028.946,1.449,6.128,0.046,0.000,0.000,0.022
FINAL_DECODE_MS,293.120
=== SCALE_GPU_PROFILE_END ===

BENCH_MEASURE Fixed-B2 2 seconds=5.485158 img_s=0.364620 peak_gb=55.109

=== SCALE_GPU_PROFILE_BEGIN ===
scale,t,h,w,tokens,total_ms,transformer_ms,logits_ms,sampling_ms,codes_ms,next_scale_ms,word_embed_ms,other_ms
0,1,1,1,1,61.421,60.053,0.373,0.376,0.219,0.120,0.147,0.132
1,1,2,2,4,65.469,64.170,0.346,0.374,0.207,0.110,0.138,0.124
2,1,4,4,16,65.948,64.648,0.338,0.379,0.209,0.110,0.138,0.125
3,1,6,6,36,67.396,66.264,0.240,0.322,0.215,0.109,0.139,0.108
4,1,8,8,64,67.484,66.367,0.160,0.381,0.210,0.110,0.138,0.120
5,1,12,12,144,73.663,72.950,0.204,0.334,0.034,0.044,0.048,0.049
6,1,16,16,256,127.362,126.448,0.269,0.486,0.033,0.043,0.060,0.023
7,1,20,20,400,177.290,176.092,0.295,0.719,0.036,0.045,0.078,0.025
8,1,24,24,576,253.360,251.788,0.355,0.979,0.036,0.046,0.130,0.025
9,1,32,32,1024,440.860,438.326,0.550,1.661,0.037,0.048,0.214,0.024
10,1,40,40,1600,695.057,691.473,0.704,2.454,0.039,0.049,0.313,0.025
11,1,48,48,2304,1053.139,1048.121,0.942,3.485,0.041,0.044,0.482,0.024
12,1,64,64,4096,2036.409,2028.828,1.432,6.080,0.045,0.000,0.000,0.024
FINAL_DECODE_MS,294.036
=== SCALE_GPU_PROFILE_END ===

BENCH_MEASURE Fixed-B2 3 seconds=5.481930 img_s=0.364835 peak_gb=55.109
RESULT Fixed-B2 mean_s=5.489334 mean_img_s=0.364344 peak_gb=55.109
BENCH_WARMUP_BEGIN ScaleAware
