==========================================
SLURM_JOB_ID = 927686
SLURM_NODELIST = gpu37
==========================================
===== JOB INFO =====
Fri Oct  9 01:31:12 KST 2026
gpu37
NVIDIA A100-SXM4-80GB, 81920 MiB, 580.105.08
torch= 2.7.1+cu128 cuda= 12.8 gpu= NVIDIA A100-SXM4-80GB
===== 8B REPEAT START =====
[Loading tokenizer and text encoder]
[Loading Infinity]
self.codebook_dim: 56, self.add_lvl_embeding_only_first_block: 0,             self.use_bit_label: 1, self.rope2d_each_sa_layer: 1, self.rope2d_normalized_by_hw: 2
self.num_blocks_in_a_chunk=5, depth=40, block_chunks=8

[constructor]  ==== customized_flash_attn=False (using_flash=0/40), fused_mlp=False (fused_mlp=0/40) ==== 
    [Infinity config ] embed_dim=3584, num_heads=28, depth=40, mlp_ratio=4, swiglu=False num_blocks_in_a_chunk=5
    [drop ratios] drop_rate=0.0, drop_path_rate=0.1 (tensor([0.0000, 0.0026, 0.0051, 0.0077, 0.0103, 0.0128, 0.0154, 0.0179, 0.0205,
        0.0231, 0.0256, 0.0282, 0.0308, 0.0333, 0.0359, 0.0385, 0.0410, 0.0436,
        0.0462, 0.0487, 0.0513, 0.0538, 0.0564, 0.0590, 0.0615, 0.0641, 0.0667,
        0.0692, 0.0718, 0.0744, 0.0769, 0.0795, 0.0821, 0.0846, 0.0872, 0.0897,
        0.0923, 0.0949, 0.0974, 0.1000]))

[you selected Infinity with model_kwargs={'depth': 40, 'embed_dim': 3584, 'num_heads': 28, 'drop_path_rate': 0.1, 'mlp_ratio': 4, 'block_chunks': 8}] model size: 8.38B, bf16=1
[Load Infinity weights]
prompt=a photo of a red panda sitting on a wooden chair
PIPELINE_BENCHMARK_BEGIN
prompt=a photo of a red panda sitting on a wooden chair
BENCH_WARMUP_BEGIN Sequential-B1

=== SCALE_GPU_PROFILE_BEGIN ===
scale,t,h,w,tokens,total_ms,transformer_ms,logits_ms,sampling_ms,codes_ms,next_scale_ms,word_embed_ms,other_ms
0,1,1,1,1,26919.121,23157.639,1438.847,1840.442,38.694,271.961,12.774,158.766
1,1,2,2,4,1275.831,1020.268,248.544,0.558,0.310,0.139,5.575,0.439
2,1,4,4,16,91.513,71.322,15.122,0.646,0.248,0.119,3.873,0.183
3,1,6,6,36,115.003,66.319,0.304,0.425,0.240,0.124,47.434,0.157
4,1,8,8,64,66.645,65.260,0.284,0.389,0.234,0.114,0.204,0.160
5,1,12,12,144,72.169,71.028,0.167,0.317,0.266,0.113,0.162,0.116
6,1,16,16,256,80.932,80.202,0.207,0.351,0.038,0.036,0.046,0.052
7,1,20,20,400,105.269,104.419,0.225,0.471,0.038,0.035,0.056,0.026
8,1,24,24,576,140.034,139.081,0.267,0.527,0.034,0.031,0.069,0.024
9,1,32,32,1024,231.403,230.019,0.335,0.861,0.034,0.032,0.099,0.024
10,1,40,40,1600,351.833,349.921,0.392,1.287,0.034,0.033,0.142,0.024
11,1,48,48,2304,529.683,527.062,0.532,1.752,0.036,0.030,0.248,0.024
12,1,64,64,4096,1019.639,1015.704,0.845,3.028,0.040,0.000,0.000,0.022
FINAL_DECODE_MS,8482.502
=== SCALE_GPU_PROFILE_END ===


=== SCALE_GPU_PROFILE_BEGIN ===
scale,t,h,w,tokens,total_ms,transformer_ms,logits_ms,sampling_ms,codes_ms,next_scale_ms,word_embed_ms,other_ms
0,1,1,1,1,59.350,57.698,0.440,0.513,0.241,0.130,0.172,0.155
1,1,2,2,4,65.565,64.169,0.365,0.413,0.218,0.113,0.148,0.139
2,1,4,4,16,65.674,64.319,0.343,0.386,0.228,0.115,0.149,0.132
3,1,6,6,36,66.156,64.874,0.280,0.383,0.223,0.115,0.147,0.133
4,1,8,8,64,66.000,64.704,0.296,0.383,0.219,0.115,0.144,0.138
5,1,12,12,144,70.114,68.787,0.231,0.405,0.286,0.128,0.142,0.136
6,1,16,16,256,70.453,69.743,0.185,0.303,0.032,0.031,0.081,0.077
7,1,20,20,400,92.633,91.859,0.201,0.411,0.033,0.031,0.048,0.050
8,1,24,24,576,136.240,135.281,0.267,0.533,0.033,0.032,0.071,0.023
9,1,32,32,1024,230.745,229.379,0.333,0.855,0.034,0.032,0.089,0.023
10,1,40,40,1600,350.943,349.032,0.392,1.286,0.035,0.033,0.141,0.023
11,1,48,48,2304,527.210,524.564,0.536,1.770,0.037,0.030,0.249,0.023
12,1,64,64,4096,1014.914,1010.984,0.842,3.029,0.038,0.000,0.000,0.021
FINAL_DECODE_MS,176.891
=== SCALE_GPU_PROFILE_END ===

BENCH_WARMUP Sequential-B1 seconds=45.704361 img_s=0.043760 peak_gb=36.961

=== SCALE_GPU_PROFILE_BEGIN ===
scale,t,h,w,tokens,total_ms,transformer_ms,logits_ms,sampling_ms,codes_ms,next_scale_ms,word_embed_ms,other_ms
0,1,1,1,1,58.149,56.701,0.414,0.393,0.232,0.122,0.150,0.138
1,1,2,2,4,64.811,63.467,0.349,0.373,0.219,0.125,0.145,0.132
2,1,4,4,16,65.484,64.125,0.339,0.407,0.220,0.114,0.148,0.132
3,1,6,6,36,65.807,64.532,0.279,0.388,0.218,0.114,0.147,0.130
4,1,8,8,64,65.601,64.314,0.292,0.377,0.218,0.122,0.145,0.133
5,1,12,12,144,67.180,66.085,0.156,0.347,0.223,0.115,0.141,0.114
6,1,16,16,256,70.234,69.565,0.185,0.303,0.032,0.030,0.057,0.062
7,1,20,20,400,92.260,91.490,0.201,0.408,0.033,0.030,0.048,0.050
8,1,24,24,576,135.165,134.211,0.267,0.529,0.033,0.031,0.070,0.023
9,1,32,32,1024,229.134,227.771,0.330,0.853,0.034,0.033,0.090,0.023
10,1,40,40,1600,351.171,349.257,0.393,1.287,0.035,0.033,0.143,0.023
11,1,48,48,2304,527.265,524.621,0.535,1.769,0.036,0.031,0.249,0.023
12,1,64,64,4096,1014.889,1010.953,0.849,3.028,0.039,0.000,0.000,0.021
FINAL_DECODE_MS,176.548
=== SCALE_GPU_PROFILE_END ===


=== SCALE_GPU_PROFILE_BEGIN ===
scale,t,h,w,tokens,total_ms,transformer_ms,logits_ms,sampling_ms,codes_ms,next_scale_ms,word_embed_ms,other_ms
0,1,1,1,1,59.656,58.040,0.455,0.463,0.236,0.133,0.158,0.170
1,1,2,2,4,64.823,63.475,0.353,0.381,0.216,0.115,0.144,0.139
2,1,4,4,16,65.165,63.835,0.330,0.388,0.220,0.113,0.146,0.131
3,1,6,6,36,65.822,64.540,0.283,0.390,0.218,0.114,0.147,0.130
4,1,8,8,64,65.671,64.372,0.308,0.378,0.229,0.114,0.141,0.131
5,1,12,12,144,67.216,66.122,0.154,0.355,0.220,0.115,0.136,0.113
6,1,16,16,256,70.224,69.576,0.189,0.304,0.033,0.030,0.041,0.051
7,1,20,20,400,92.256,91.487,0.199,0.407,0.033,0.031,0.048,0.051
8,1,24,24,576,135.135,134.187,0.264,0.528,0.033,0.032,0.069,0.023
9,1,32,32,1024,229.041,227.681,0.331,0.851,0.034,0.031,0.090,0.023
10,1,40,40,1600,351.317,349.406,0.392,1.287,0.034,0.033,0.141,0.023
11,1,48,48,2304,528.037,525.395,0.536,1.769,0.036,0.030,0.249,0.023
12,1,64,64,4096,1015.950,1012.013,0.847,3.029,0.038,0.000,0.000,0.022
FINAL_DECODE_MS,176.554
=== SCALE_GPU_PROFILE_END ===

BENCH_MEASURE Sequential-B1 1 seconds=5.976982 img_s=0.334617 peak_gb=36.961

=== SCALE_GPU_PROFILE_BEGIN ===
scale,t,h,w,tokens,total_ms,transformer_ms,logits_ms,sampling_ms,codes_ms,next_scale_ms,word_embed_ms,other_ms
0,1,1,1,1,57.609,56.245,0.363,0.374,0.213,0.133,0.145,0.136
1,1,2,2,4,64.658,63.333,0.353,0.374,0.211,0.113,0.144,0.129
2,1,4,4,16,65.167,63.832,0.335,0.379,0.214,0.113,0.150,0.144
3,1,6,6,36,65.898,64.590,0.294,0.397,0.217,0.113,0.154,0.131
4,1,8,8,64,65.658,64.382,0.291,0.384,0.213,0.113,0.144,0.131
5,1,12,12,144,67.151,66.066,0.155,0.352,0.213,0.113,0.141,0.111
6,1,16,16,256,70.234,69.559,0.188,0.302,0.033,0.030,0.060,0.062
7,1,20,20,400,92.227,91.457,0.201,0.407,0.033,0.030,0.049,0.050
8,1,24,24,576,135.183,134.234,0.266,0.527,0.033,0.031,0.069,0.024
9,1,32,32,1024,228.824,227.459,0.332,0.855,0.034,0.032,0.090,0.023
10,1,40,40,1600,351.415,349.506,0.392,1.286,0.035,0.033,0.141,0.023
11,1,48,48,2304,528.253,525.603,0.538,1.772,0.036,0.030,0.250,0.024
12,1,64,64,4096,1016.629,1012.694,0.849,3.026,0.039,0.000,0.000,0.021
FINAL_DECODE_MS,176.646
=== SCALE_GPU_PROFILE_END ===


=== SCALE_GPU_PROFILE_BEGIN ===
scale,t,h,w,tokens,total_ms,transformer_ms,logits_ms,sampling_ms,codes_ms,next_scale_ms,word_embed_ms,other_ms
0,1,1,1,1,57.403,56.041,0.362,0.388,0.213,0.122,0.144,0.133
1,1,2,2,4,64.676,63.349,0.350,0.371,0.212,0.115,0.140,0.139
2,1,4,4,16,65.027,63.706,0.334,0.377,0.225,0.114,0.141,0.130
3,1,6,6,36,65.691,64.428,0.281,0.375,0.212,0.114,0.150,0.130
4,1,8,8,64,65.583,64.306,0.291,0.388,0.213,0.114,0.140,0.131
5,1,12,12,144,67.143,66.062,0.156,0.347,0.211,0.112,0.140,0.113
6,1,16,16,256,70.169,69.524,0.188,0.303,0.032,0.031,0.040,0.049
7,1,20,20,400,92.240,91.472,0.200,0.407,0.033,0.030,0.048,0.050
8,1,24,24,576,135.193,134.242,0.265,0.529,0.033,0.032,0.069,0.023
9,1,32,32,1024,229.293,227.929,0.334,0.852,0.034,0.032,0.090,0.023
10,1,40,40,1600,351.745,349.838,0.390,1.286,0.034,0.033,0.141,0.024
11,1,48,48,2304,529.353,526.706,0.536,1.771,0.037,0.030,0.249,0.023
12,1,64,64,4096,1016.169,1012.194,0.855,3.061,0.038,0.000,0.000,0.021
FINAL_DECODE_MS,176.984
=== SCALE_GPU_PROFILE_END ===

BENCH_MEASURE Sequential-B1 2 seconds=5.978443 img_s=0.334535 peak_gb=36.961

=== SCALE_GPU_PROFILE_BEGIN ===
scale,t,h,w,tokens,total_ms,transformer_ms,logits_ms,sampling_ms,codes_ms,next_scale_ms,word_embed_ms,other_ms
0,1,1,1,1,58.994,57.459,0.441,0.401,0.274,0.127,0.154,0.139
1,1,2,2,4,64.633,63.306,0.350,0.385,0.212,0.113,0.137,0.130
2,1,4,4,16,64.965,63.665,0.321,0.386,0.218,0.112,0.138,0.126
3,1,6,6,36,65.491,64.228,0.280,0.378,0.217,0.123,0.139,0.126
4,1,8,8,64,65.416,64.161,0.284,0.382,0.214,0.112,0.139,0.125
5,1,12,12,144,66.993,65.915,0.155,0.343,0.216,0.116,0.138,0.111
6,1,16,16,256,70.194,69.551,0.187,0.304,0.032,0.030,0.040,0.049
7,1,20,20,400,92.234,91.469,0.199,0.407,0.033,0.030,0.048,0.049
8,1,24,24,576,135.223,134.269,0.266,0.530,0.034,0.031,0.070,0.023
9,1,32,32,1024,229.224,227.860,0.332,0.853,0.034,0.033,0.089,0.023
10,1,40,40,1600,351.271,349.359,0.394,1.285,0.035,0.033,0.143,0.023
11,1,48,48,2304,529.206,526.562,0.536,1.771,0.037,0.030,0.248,0.023
12,1,64,64,4096,1018.128,1014.153,0.856,3.060,0.039,0.000,0.000,0.021
FINAL_DECODE_MS,176.880
=== SCALE_GPU_PROFILE_END ===


=== SCALE_GPU_PROFILE_BEGIN ===
scale,t,h,w,tokens,total_ms,transformer_ms,logits_ms,sampling_ms,codes_ms,next_scale_ms,word_embed_ms,other_ms
0,1,1,1,1,57.440,56.074,0.368,0.379,0.218,0.122,0.148,0.131
1,1,2,2,4,65.002,63.598,0.368,0.406,0.234,0.115,0.149,0.132
2,1,4,4,16,65.427,64.116,0.322,0.389,0.213,0.116,0.144,0.126
3,1,6,6,36,65.692,64.431,0.282,0.387,0.211,0.112,0.143,0.127
4,1,8,8,64,65.477,64.203,0.294,0.375,0.211,0.113,0.153,0.128
5,1,12,12,144,67.182,66.090,0.155,0.355,0.212,0.122,0.137,0.111
6,1,16,16,256,70.211,69.568,0.186,0.304,0.033,0.030,0.041,0.049
7,1,20,20,400,92.190,91.423,0.199,0.407,0.033,0.031,0.048,0.049
8,1,24,24,576,135.304,134.354,0.266,0.528,0.033,0.032,0.069,0.023
9,1,32,32,1024,229.195,227.833,0.331,0.853,0.034,0.032,0.089,0.023
10,1,40,40,1600,352.704,350.774,0.395,1.301,0.035,0.033,0.142,0.023
11,1,48,48,2304,530.072,527.455,0.531,1.750,0.036,0.030,0.247,0.023
12,1,64,64,4096,1017.725,1013.747,0.854,3.064,0.039,0.000,0.000,0.022
FINAL_DECODE_MS,177.124
=== SCALE_GPU_PROFILE_END ===

BENCH_MEASURE Sequential-B1 3 seconds=5.985990 img_s=0.334113 peak_gb=36.961
RESULT Sequential-B1 mean_s=5.980472 mean_img_s=0.334422 peak_gb=36.961
BENCH_WARMUP_BEGIN Fixed-B2

=== SCALE_GPU_PROFILE_BEGIN ===
scale,t,h,w,tokens,total_ms,transformer_ms,logits_ms,sampling_ms,codes_ms,next_scale_ms,word_embed_ms,other_ms
0,1,1,1,1,1218.495,836.418,380.586,0.595,0.343,0.163,0.222,0.169
1,1,2,2,4,1024.173,840.086,178.474,0.551,0.277,0.139,4.447,0.198
2,1,4,4,16,67.899,66.450,0.362,0.408,0.244,0.116,0.151,0.168
3,1,6,6,36,68.800,67.648,0.273,0.255,0.239,0.115,0.159,0.112
4,1,8,8,64,68.700,67.576,0.183,0.318,0.235,0.114,0.161,0.113
5,1,12,12,144,77.247,76.537,0.207,0.327,0.033,0.044,0.047,0.051
6,1,16,16,256,125.657,124.744,0.268,0.483,0.034,0.043,0.061,0.023
7,1,20,20,400,174.374,173.207,0.289,0.700,0.034,0.045,0.076,0.023
8,1,24,24,576,248.488,246.954,0.350,0.953,0.035,0.046,0.128,0.023
9,1,32,32,1024,432.007,429.591,0.527,1.580,0.036,0.045,0.204,0.024
10,1,40,40,1600,686.016,682.479,0.702,2.417,0.038,0.048,0.310,0.024
11,1,48,48,2304,1036.004,1031.142,0.920,3.364,0.040,0.043,0.470,0.024
12,1,64,64,4096,2014.592,2007.046,1.434,6.045,0.044,0.000,0.000,0.023
FINAL_DECODE_MS,391.781
=== SCALE_GPU_PROFILE_END ===

BENCH_WARMUP Fixed-B2 seconds=7.637657 img_s=0.261860 peak_gb=54.972

=== SCALE_GPU_PROFILE_BEGIN ===
scale,t,h,w,tokens,total_ms,transformer_ms,logits_ms,sampling_ms,codes_ms,next_scale_ms,word_embed_ms,other_ms
0,1,1,1,1,63.097,61.558,0.410,0.439,0.231,0.143,0.163,0.154
1,1,2,2,4,66.456,65.117,0.345,0.381,0.227,0.113,0.146,0.127
2,1,4,4,16,66.556,65.229,0.345,0.380,0.218,0.112,0.145,0.128
3,1,6,6,36,67.986,66.818,0.230,0.342,0.220,0.114,0.154,0.109
4,1,8,8,64,68.126,66.977,0.166,0.377,0.218,0.121,0.140,0.126
5,1,12,12,144,73.124,72.414,0.208,0.330,0.034,0.043,0.047,0.049
6,1,16,16,256,125.739,124.830,0.267,0.484,0.034,0.043,0.059,0.023
7,1,20,20,400,174.140,172.977,0.284,0.699,0.035,0.045,0.076,0.023
8,1,24,24,576,248.760,247.231,0.347,0.952,0.035,0.045,0.127,0.023
9,1,32,32,1024,432.115,429.672,0.532,1.598,0.036,0.046,0.206,0.023
10,1,40,40,1600,685.004,681.508,0.692,2.392,0.037,0.046,0.305,0.023
11,1,48,48,2304,1036.991,1032.134,0.918,3.364,0.039,0.042,0.470,0.024
12,1,64,64,4096,2002.848,1995.465,1.405,5.914,0.042,0.000,0.000,0.022
FINAL_DECODE_MS,290.268
=== SCALE_GPU_PROFILE_END ===

BENCH_MEASURE Fixed-B2 1 seconds=5.404695 img_s=0.370049 peak_gb=54.972

=== SCALE_GPU_PROFILE_BEGIN ===
scale,t,h,w,tokens,total_ms,transformer_ms,logits_ms,sampling_ms,codes_ms,next_scale_ms,word_embed_ms,other_ms
0,1,1,1,1,62.580,61.121,0.415,0.404,0.218,0.135,0.153,0.135
1,1,2,2,4,66.274,64.950,0.339,0.383,0.217,0.112,0.141,0.131
2,1,4,4,16,66.535,65.208,0.344,0.377,0.228,0.114,0.137,0.128
3,1,6,6,36,68.022,66.866,0.226,0.334,0.227,0.113,0.146,0.111
4,1,8,8,64,68.179,67.049,0.160,0.386,0.212,0.111,0.139,0.123
5,1,12,12,144,73.113,72.406,0.206,0.328,0.033,0.043,0.048,0.050
6,1,16,16,256,125.783,124.870,0.268,0.484,0.034,0.044,0.059,0.023
7,1,20,20,400,174.329,173.162,0.288,0.701,0.034,0.044,0.077,0.023
8,1,24,24,576,248.725,247.196,0.345,0.953,0.035,0.046,0.127,0.023
9,1,32,32,1024,432.542,430.123,0.529,1.581,0.036,0.045,0.206,0.023
10,1,40,40,1600,685.602,682.104,0.691,2.390,0.038,0.049,0.306,0.023
11,1,48,48,2304,1036.525,1031.569,0.931,3.438,0.040,0.043,0.479,0.024
12,1,64,64,4096,2003.710,1996.215,1.400,6.028,0.045,0.000,0.000,0.022
FINAL_DECODE_MS,291.903
=== SCALE_GPU_PROFILE_END ===

BENCH_MEASURE Fixed-B2 2 seconds=5.406937 img_s=0.369895 peak_gb=54.972

=== SCALE_GPU_PROFILE_BEGIN ===
scale,t,h,w,tokens,total_ms,transformer_ms,logits_ms,sampling_ms,codes_ms,next_scale_ms,word_embed_ms,other_ms
0,1,1,1,1,62.280,60.904,0.374,0.394,0.209,0.120,0.147,0.133
1,1,2,2,4,66.164,64.851,0.336,0.385,0.212,0.113,0.139,0.129
2,1,4,4,16,66.519,65.202,0.349,0.377,0.219,0.112,0.137,0.125
3,1,6,6,36,67.985,66.821,0.230,0.346,0.223,0.114,0.140,0.111
4,1,8,8,64,68.241,67.097,0.171,0.388,0.210,0.111,0.136,0.129
5,1,12,12,144,73.042,72.342,0.201,0.328,0.033,0.043,0.047,0.048
6,1,16,16,256,125.744,124.834,0.267,0.483,0.034,0.043,0.060,0.023
7,1,20,20,400,173.768,172.603,0.288,0.699,0.034,0.045,0.076,0.023
8,1,24,24,576,248.656,247.127,0.346,0.954,0.035,0.045,0.127,0.023
9,1,32,32,1024,431.670,429.252,0.528,1.581,0.036,0.045,0.204,0.023
10,1,40,40,1600,685.110,681.612,0.691,2.393,0.038,0.048,0.306,0.023
11,1,48,48,2304,1036.568,1031.638,0.933,3.417,0.040,0.043,0.474,0.024
12,1,64,64,4096,2003.537,1995.990,1.431,6.049,0.044,0.000,0.000,0.023
FINAL_DECODE_MS,291.184
=== SCALE_GPU_PROFILE_END ===

BENCH_MEASURE Fixed-B2 3 seconds=5.403894 img_s=0.370104 peak_gb=54.972
RESULT Fixed-B2 mean_s=5.405175 mean_img_s=0.370016 peak_gb=54.972
BENCH_WARMUP_BEGIN ScaleAware
BENCH_WARMUP ScaleAware seconds=5.621181 img_s=0.355797 peak_gb=59.668
BENCH_MEASURE ScaleAware 1 seconds=5.612079 img_s=0.356374 peak_gb=59.668
BENCH_MEASURE ScaleAware 2 seconds=5.609393 img_s=0.356545 peak_gb=59.668
BENCH_MEASURE ScaleAware 3 seconds=5.614456 img_s=0.356223 peak_gb=59.668
RESULT ScaleAware mean_s=5.611976 mean_img_s=0.356381 peak_gb=59.668
SCALEAWARE_VS_SEQUENTIAL_GAIN_PCT 6.57
SCALEAWARE_FIXED_B2_THROUGHPUT_PCT 96.32
PIPELINE_BENCHMARK_OK
===== 8B REPEAT END =====
Fri Oct  9 01:39:24 KST 2026
