==========================================
SLURM_JOB_ID = 927562
SLURM_NODELIST = gpu39
==========================================
===== JOB INFO =====
Thu Oct  8 22:54:55 KST 2026
gpu39
NVIDIA A100-SXM4-80GB, 81920 MiB, 580.105.08
torch= 2.7.1+cu128 cuda= 12.8 gpu= NVIDIA A100-SXM4-80GB
===== 8B REPEAT START =====
[Loading tokenizer and text encoder]
load checkpoint from weights/infinity_2b_reg.pth
[Loading Infinity]
self.codebook_dim: 32, self.add_lvl_embeding_only_first_block: 0,             self.use_bit_label: 1, self.rope2d_each_sa_layer: 1, self.rope2d_normalized_by_hw: 2
self.num_blocks_in_a_chunk=4, depth=32, block_chunks=8

[constructor]  ==== customized_flash_attn=False (using_flash=0/32), fused_mlp=False (fused_mlp=0/32) ==== 
    [Infinity config ] embed_dim=2048, num_heads=16, depth=32, mlp_ratio=4, swiglu=False num_blocks_in_a_chunk=4
    [drop ratios] drop_rate=0.0, drop_path_rate=0.1 (tensor([0.0000, 0.0032, 0.0065, 0.0097, 0.0129, 0.0161, 0.0194, 0.0226, 0.0258,
        0.0290, 0.0323, 0.0355, 0.0387, 0.0419, 0.0452, 0.0484, 0.0516, 0.0548,
        0.0581, 0.0613, 0.0645, 0.0677, 0.0710, 0.0742, 0.0774, 0.0806, 0.0839,
        0.0871, 0.0903, 0.0935, 0.0968, 0.1000]))

[you selected Infinity with model_kwargs={'depth': 32, 'embed_dim': 2048, 'num_heads': 16, 'drop_path_rate': 0.1, 'mlp_ratio': 4, 'block_chunks': 8}] model size: 2.20B, bf16=1
[Load Infinity weights]
<All keys matched successfully>
REPEAT_CONFIG warmup=2 measured=5 batch_size=4
===== WARMUP_1_BEGIN =====
prompt=a photo of a red panda sitting on a wooden chair
cfg: [3.0, 3.0, 3.0, 3.0, 3.0, 3.0, 3.0, 3.0, 3.0, 3.0, 3.0, 3.0, 3.0], tau: [0.5, 0.5, 0.5, 0.5, 0.5, 0.5, 0.5, 0.5, 0.5, 0.5, 0.5, 0.5, 0.5]

=== SCALE_GPU_PROFILE_BEGIN ===
scale,t,h,w,tokens,total_ms,transformer_ms,logits_ms,sampling_ms,codes_ms,next_scale_ms,word_embed_ms,other_ms
0,1,1,1,1,3322.635,2708.469,565.196,45.919,1.835,0.514,0.425,0.279
1,1,2,2,4,1708.889,1360.693,346.707,0.627,0.266,0.241,0.157,0.197
2,1,4,4,16,56.295,54.783,0.417,0.424,0.199,0.254,0.047,0.172
3,1,6,6,36,53.240,51.877,0.387,0.381,0.197,0.283,0.029,0.086
4,1,8,8,64,53.664,52.351,0.418,0.281,0.147,0.391,0.036,0.041
5,1,12,12,144,56.290,54.931,0.311,0.438,0.032,0.497,0.055,0.026
6,1,16,16,256,94.463,92.647,0.340,0.657,0.032,0.705,0.056,0.026
7,1,20,20,400,116.040,114.139,0.306,0.770,0.027,0.709,0.065,0.024
8,1,24,24,576,167.252,164.892,0.347,1.096,0.027,0.758,0.109,0.024
9,1,32,32,1024,295.435,292.156,0.510,1.793,0.029,0.769,0.154,0.024
10,1,40,40,1600,490.397,485.961,0.637,2.712,0.030,0.817,0.214,0.025
11,1,48,48,2304,748.529,742.982,0.800,3.807,0.032,0.524,0.360,0.024
12,1,64,64,4096,1482.848,1474.809,1.240,6.738,0.037,0.000,0.000,0.023
FINAL_DECODE_MS,1395.932
=== SCALE_GPU_PROFILE_END ===

cost: 10.725582361221313, infinity cost=10.356329441070557
===== WARMUP_1_END =====
===== WARMUP_2_BEGIN =====
prompt=a photo of a red panda sitting on a wooden chair
cfg: [3.0, 3.0, 3.0, 3.0, 3.0, 3.0, 3.0, 3.0, 3.0, 3.0, 3.0, 3.0, 3.0], tau: [0.5, 0.5, 0.5, 0.5, 0.5, 0.5, 0.5, 0.5, 0.5, 0.5, 0.5, 0.5, 0.5]

=== SCALE_GPU_PROFILE_BEGIN ===
scale,t,h,w,tokens,total_ms,transformer_ms,logits_ms,sampling_ms,codes_ms,next_scale_ms,word_embed_ms,other_ms
0,1,1,1,1,58.059,56.294,0.550,0.470,0.263,0.192,0.115,0.174
1,1,2,2,4,60.447,59.041,0.434,0.407,0.182,0.179,0.064,0.140
2,1,4,4,16,58.584,57.265,0.376,0.381,0.191,0.212,0.027,0.133
3,1,6,6,36,52.530,51.220,0.375,0.380,0.182,0.237,0.025,0.110
4,1,8,8,64,54.600,53.139,0.411,0.414,0.193,0.328,0.030,0.086
5,1,12,12,144,54.531,53.304,0.256,0.359,0.104,0.428,0.040,0.041
6,1,16,16,256,81.375,79.875,0.283,0.538,0.027,0.577,0.049,0.026
7,1,20,20,400,117.306,115.387,0.310,0.776,0.028,0.713,0.065,0.026
8,1,24,24,576,169.016,166.652,0.352,1.092,0.028,0.756,0.110,0.026
9,1,32,32,1024,297.607,294.307,0.503,1.811,0.028,0.779,0.155,0.024
10,1,40,40,1600,492.368,487.868,0.641,2.758,0.030,0.829,0.218,0.024
11,1,48,48,2304,754.155,748.515,0.818,3.869,0.032,0.534,0.363,0.025
12,1,64,64,4096,1708.795,1700.628,1.259,6.849,0.037,0.000,0.000,0.023
FINAL_DECODE_MS,793.055
=== SCALE_GPU_PROFILE_END ===

cost: 4.839897632598877, infinity cost=4.755987167358398
===== WARMUP_2_END =====
===== MEASURE_1_BEGIN =====
prompt=a photo of a red panda sitting on a wooden chair
cfg: [3.0, 3.0, 3.0, 3.0, 3.0, 3.0, 3.0, 3.0, 3.0, 3.0, 3.0, 3.0, 3.0], tau: [0.5, 0.5, 0.5, 0.5, 0.5, 0.5, 0.5, 0.5, 0.5, 0.5, 0.5, 0.5, 0.5]

=== SCALE_GPU_PROFILE_BEGIN ===
scale,t,h,w,tokens,total_ms,transformer_ms,logits_ms,sampling_ms,codes_ms,next_scale_ms,word_embed_ms,other_ms
0,1,1,1,1,46.530,45.164,0.405,0.390,0.173,0.157,0.103,0.137
1,1,2,2,4,52.376,51.078,0.375,0.383,0.171,0.177,0.062,0.131
2,1,4,4,16,52.634,51.335,0.378,0.375,0.171,0.211,0.037,0.126
3,1,6,6,36,52.537,51.261,0.385,0.377,0.171,0.236,0.025,0.083
4,1,8,8,64,53.022,51.736,0.329,0.348,0.172,0.324,0.030,0.082
5,1,12,12,144,54.461,53.239,0.257,0.359,0.097,0.429,0.040,0.039
6,1,16,16,256,80.908,79.416,0.281,0.538,0.027,0.576,0.047,0.023
7,1,20,20,400,116.105,114.182,0.321,0.776,0.027,0.712,0.062,0.023
8,1,24,24,576,167.346,164.960,0.370,1.096,0.028,0.760,0.109,0.024
9,1,32,32,1024,297.388,294.087,0.501,1.810,0.029,0.779,0.157,0.024
10,1,40,40,1600,491.754,487.267,0.651,2.742,0.030,0.825,0.216,0.024
11,1,48,48,2304,753.089,747.454,0.813,3.870,0.032,0.532,0.363,0.025
12,1,64,64,4096,1489.218,1480.971,1.298,6.889,0.037,0.000,0.000,0.022
FINAL_DECODE_MS,794.594
=== SCALE_GPU_PROFILE_END ===

cost: 4.587857961654663, infinity cost=4.505305528640747
===== MEASURE_1_END =====
===== MEASURE_2_BEGIN =====
prompt=a photo of a red panda sitting on a wooden chair
cfg: [3.0, 3.0, 3.0, 3.0, 3.0, 3.0, 3.0, 3.0, 3.0, 3.0, 3.0, 3.0, 3.0], tau: [0.5, 0.5, 0.5, 0.5, 0.5, 0.5, 0.5, 0.5, 0.5, 0.5, 0.5, 0.5, 0.5]

=== SCALE_GPU_PROFILE_BEGIN ===
scale,t,h,w,tokens,total_ms,transformer_ms,logits_ms,sampling_ms,codes_ms,next_scale_ms,word_embed_ms,other_ms
0,1,1,1,1,47.816,46.278,0.488,0.408,0.237,0.164,0.093,0.148
1,1,2,2,4,53.888,52.420,0.438,0.453,0.186,0.183,0.074,0.135
2,1,4,4,16,51.990,50.682,0.370,0.380,0.179,0.211,0.026,0.141
3,1,6,6,36,52.358,51.077,0.397,0.361,0.181,0.235,0.024,0.082
4,1,8,8,64,52.915,51.639,0.334,0.333,0.175,0.322,0.030,0.083
5,1,12,12,144,54.336,53.109,0.255,0.358,0.109,0.428,0.039,0.039
6,1,16,16,256,80.756,79.268,0.278,0.538,0.026,0.576,0.047,0.023
7,1,20,20,400,116.302,114.386,0.314,0.776,0.028,0.712,0.063,0.023
8,1,24,24,576,167.957,165.587,0.362,1.091,0.029,0.755,0.110,0.023
9,1,32,32,1024,297.339,294.034,0.506,1.810,0.029,0.781,0.156,0.023
10,1,40,40,1600,494.902,490.432,0.632,2.743,0.030,0.824,0.217,0.024
11,1,48,48,2304,754.799,749.173,0.829,3.846,0.032,0.533,0.362,0.025
12,1,64,64,4096,1491.603,1483.372,1.263,6.906,0.038,0.000,0.000,0.023
FINAL_DECODE_MS,795.439
=== SCALE_GPU_PROFILE_END ===

cost: 4.598290205001831, infinity cost=4.515804767608643
===== MEASURE_2_END =====
===== MEASURE_3_BEGIN =====
prompt=a photo of a red panda sitting on a wooden chair
cfg: [3.0, 3.0, 3.0, 3.0, 3.0, 3.0, 3.0, 3.0, 3.0, 3.0, 3.0, 3.0, 3.0], tau: [0.5, 0.5, 0.5, 0.5, 0.5, 0.5, 0.5, 0.5, 0.5, 0.5, 0.5, 0.5, 0.5]

=== SCALE_GPU_PROFILE_BEGIN ===
scale,t,h,w,tokens,total_ms,transformer_ms,logits_ms,sampling_ms,codes_ms,next_scale_ms,word_embed_ms,other_ms
0,1,1,1,1,46.414,45.055,0.403,0.388,0.177,0.159,0.094,0.137
1,1,2,2,4,52.280,50.983,0.377,0.385,0.171,0.178,0.056,0.130
2,1,4,4,16,53.833,52.359,0.444,0.391,0.251,0.221,0.029,0.138
3,1,6,6,36,53.178,51.872,0.387,0.385,0.182,0.236,0.024,0.091
4,1,8,8,64,52.960,51.683,0.329,0.335,0.177,0.323,0.029,0.083
5,1,12,12,144,54.387,53.160,0.270,0.359,0.095,0.426,0.039,0.039
6,1,16,16,256,80.819,79.314,0.295,0.537,0.026,0.576,0.047,0.023
7,1,20,20,400,116.733,114.785,0.320,0.788,0.027,0.723,0.066,0.023
8,1,24,24,576,169.070,166.664,0.371,1.107,0.028,0.767,0.109,0.023
9,1,32,32,1024,298.948,295.616,0.505,1.831,0.029,0.787,0.156,0.024
10,1,40,40,1600,495.031,490.490,0.641,2.787,0.031,0.839,0.219,0.025
11,1,48,48,2304,756.501,750.804,0.837,3.899,0.034,0.537,0.366,0.024
12,1,64,64,4096,1493.884,1485.762,1.255,6.806,0.037,0.000,0.000,0.022
FINAL_DECODE_MS,795.130
=== SCALE_GPU_PROFILE_END ===

cost: 4.604440927505493, infinity cost=4.522289752960205
===== MEASURE_3_END =====
===== MEASURE_4_BEGIN =====
prompt=a photo of a red panda sitting on a wooden chair
cfg: [3.0, 3.0, 3.0, 3.0, 3.0, 3.0, 3.0, 3.0, 3.0, 3.0, 3.0, 3.0, 3.0], tau: [0.5, 0.5, 0.5, 0.5, 0.5, 0.5, 0.5, 0.5, 0.5, 0.5, 0.5, 0.5, 0.5]

=== SCALE_GPU_PROFILE_BEGIN ===
scale,t,h,w,tokens,total_ms,transformer_ms,logits_ms,sampling_ms,codes_ms,next_scale_ms,word_embed_ms,other_ms
0,1,1,1,1,46.454,45.040,0.440,0.394,0.182,0.165,0.094,0.138
1,1,2,2,4,52.387,51.060,0.387,0.397,0.175,0.177,0.059,0.132
2,1,4,4,16,51.973,50.679,0.368,0.385,0.171,0.211,0.027,0.131
3,1,6,6,36,52.387,51.109,0.398,0.366,0.171,0.235,0.024,0.083
4,1,8,8,64,53.001,51.722,0.332,0.340,0.170,0.324,0.029,0.085
5,1,12,12,144,54.311,53.093,0.266,0.360,0.087,0.427,0.039,0.039
6,1,16,16,256,80.850,79.337,0.301,0.536,0.026,0.579,0.048,0.023
7,1,20,20,400,116.382,114.447,0.316,0.785,0.028,0.720,0.064,0.024
8,1,24,24,576,168.843,166.459,0.359,1.102,0.028,0.762,0.109,0.023
9,1,32,32,1024,298.984,295.662,0.496,1.830,0.029,0.787,0.157,0.024
10,1,40,40,1600,495.163,490.672,0.634,2.756,0.030,0.831,0.217,0.024
11,1,48,48,2304,757.697,751.976,0.848,3.909,0.032,0.541,0.366,0.026
12,1,64,64,4096,1495.811,1487.664,1.278,6.810,0.037,0.000,0.000,0.022
FINAL_DECODE_MS,794.409
=== SCALE_GPU_PROFILE_END ===

cost: 4.604178190231323, infinity cost=4.521846055984497
===== MEASURE_4_END =====
===== MEASURE_5_BEGIN =====
prompt=a photo of a red panda sitting on a wooden chair
cfg: [3.0, 3.0, 3.0, 3.0, 3.0, 3.0, 3.0, 3.0, 3.0, 3.0, 3.0, 3.0, 3.0], tau: [0.5, 0.5, 0.5, 0.5, 0.5, 0.5, 0.5, 0.5, 0.5, 0.5, 0.5, 0.5, 0.5]

=== SCALE_GPU_PROFILE_BEGIN ===
scale,t,h,w,tokens,total_ms,transformer_ms,logits_ms,sampling_ms,codes_ms,next_scale_ms,word_embed_ms,other_ms
0,1,1,1,1,46.535,45.090,0.441,0.402,0.187,0.164,0.105,0.146
1,1,2,2,4,52.275,50.964,0.377,0.376,0.187,0.177,0.061,0.134
2,1,4,4,16,51.904,50.602,0.370,0.376,0.184,0.213,0.027,0.132
3,1,6,6,36,52.343,51.059,0.386,0.376,0.180,0.236,0.024,0.082
4,1,8,8,64,52.953,51.665,0.327,0.344,0.178,0.326,0.029,0.083
5,1,12,12,144,54.300,53.078,0.266,0.359,0.092,0.427,0.040,0.039
6,1,16,16,256,80.818,79.329,0.279,0.536,0.026,0.577,0.047,0.023
7,1,20,20,400,116.509,114.589,0.301,0.784,0.028,0.721,0.063,0.023
8,1,24,24,576,168.561,166.141,0.385,1.108,0.028,0.766,0.109,0.024
9,1,32,32,1024,298.491,295.188,0.503,1.810,0.030,0.780,0.156,0.024
10,1,40,40,1600,496.125,491.601,0.646,2.773,0.031,0.832,0.218,0.024
11,1,48,48,2304,758.167,752.482,0.836,3.892,0.033,0.535,0.365,0.024
12,1,64,64,4096,1496.946,1488.713,1.270,6.903,0.038,0.000,0.000,0.022
FINAL_DECODE_MS,795.076
=== SCALE_GPU_PROFILE_END ===

cost: 4.60754656791687, infinity cost=4.524954080581665
===== MEASURE_5_END =====
Save to /scratch/e2032a10/Infinity/outputs/a100_2b_b4_repeat.jpg
===== 8B REPEAT END =====
Thu Oct  8 22:56:01 KST 2026
