/scratch/e2032a10/Infinity/.venv_inf/lib64/python3.9/site-packages/networkx/utils/backends.py:135: RuntimeWarning: networkx backend defined more than once: nx-loopback
  backends.update(_get_backends("networkx.backends"))
`torch_dtype` is deprecated! Use `dtype` instead!
[Loading tokenizer and text encoder]
Loading checkpoint shards:   0%|          | 0/2 [00:00<?, ?it/s]Loading checkpoint shards:  50%|█████     | 1/2 [00:01<00:01,  1.28s/it]Loading checkpoint shards: 100%|██████████| 2/2 [00:01<00:00,  1.56it/s]
/scratch/e2032a10/Infinity/tools/run_infinity_repeat.py:179: FutureWarning: `torch.cuda.amp.autocast(args...)` is deprecated. Please use `torch.amp.autocast('cuda', args...)` instead.
  with torch.cuda.amp.autocast(enabled=True, dtype=torch.bfloat16, cache_enabled=True), torch.no_grad():
load checkpoint from weights/infinity_2b_reg.pth
[Loading Infinity]
self.codebook_dim: 32, self.add_lvl_embeding_only_first_block: 0,             self.use_bit_label: 1, self.rope2d_each_sa_layer: 1, self.rope2d_normalized_by_hw: 2
self.num_blocks_in_a_chunk=4, depth=32, block_chunks=8

[constructor]  ==== customized_flash_attn=False (using_flash=0/32), fused_mlp=False (fused_mlp=0/32) ==== 
    [Infinity config ] embed_dim=2048, num_heads=16, depth=32, mlp_ratio=4, swiglu=False num_blocks_in_a_chunk=4
    [drop ratios] drop_rate=0.0, drop_path_rate=0.1 (tensor([0.0000, 0.0032, 0.0065, 0.0097, 0.0129, 0.0161, 0.0194, 0.0226, 0.0258,
        0.0290, 0.0323, 0.0355, 0.0387, 0.0419, 0.0452, 0.0484, 0.0516, 0.0548,
        0.0581, 0.0613, 0.0645, 0.0677, 0.0710, 0.0742, 0.0774, 0.0806, 0.0839,
        0.0871, 0.0903, 0.0935, 0.0968, 0.1000]))

/scratch/e2032a10/Infinity/tools/run_infinity_repeat.py:408: FutureWarning: `torch.cuda.amp.autocast(args...)` is deprecated. Please use `torch.amp.autocast('cuda', args...)` instead.
  with autocast(dtype=torch.bfloat16):
/scratch/e2032a10/Infinity/tools/run_infinity_repeat.py:112: FutureWarning: `torch.cuda.amp.autocast(args...)` is deprecated. Please use `torch.amp.autocast('cuda', args...)` instead.
  with torch.cuda.amp.autocast(enabled=True, dtype=torch.bfloat16, cache_enabled=True):
/scratch/e2032a10/Infinity/infinity/models/basic.py:495: FutureWarning: `torch.cuda.amp.autocast(args...)` is deprecated. Please use `torch.amp.autocast('cuda', args...)` instead.
  with torch.cuda.amp.autocast(enabled=False):    # disable half precision
/scratch/e2032a10/Infinity/infinity/models/basic.py:495: FutureWarning: `torch.cuda.amp.autocast(args...)` is deprecated. Please use `torch.amp.autocast('cuda', args...)` instead.
  with torch.cuda.amp.autocast(enabled=False):    # disable half precision
/scratch/e2032a10/Infinity/infinity/models/basic.py:495: FutureWarning: `torch.cuda.amp.autocast(args...)` is deprecated. Please use `torch.amp.autocast('cuda', args...)` instead.
  with torch.cuda.amp.autocast(enabled=False):    # disable half precision
/scratch/e2032a10/Infinity/.venv_inf/lib64/python3.9/site-packages/networkx/utils/backends.py:135: RuntimeWarning: networkx backend defined more than once: nx-loopback
  backends.update(_get_backends("networkx.backends"))
/scratch/e2032a10/Infinity/infinity/models/basic.py:495: FutureWarning: `torch.cuda.amp.autocast(args...)` is deprecated. Please use `torch.amp.autocast('cuda', args...)` instead.
  with torch.cuda.amp.autocast(enabled=False):    # disable half precision
/scratch/e2032a10/Infinity/infinity/models/basic.py:495: FutureWarning: `torch.cuda.amp.autocast(args...)` is deprecated. Please use `torch.amp.autocast('cuda', args...)` instead.
  with torch.cuda.amp.autocast(enabled=False):    # disable half precision
/scratch/e2032a10/Infinity/tools/run_infinity_repeat.py:112: FutureWarning: `torch.cuda.amp.autocast(args...)` is deprecated. Please use `torch.amp.autocast('cuda', args...)` instead.
  with torch.cuda.amp.autocast(enabled=True, dtype=torch.bfloat16, cache_enabled=True):
[you selected Infinity with model_kwargs={'depth': 32, 'embed_dim': 2048, 'num_heads': 16, 'drop_path_rate': 0.1, 'mlp_ratio': 4, 'block_chunks': 8}] model size: 2.20B, bf16=1
[Load Infinity weights]
<All keys matched successfully>
REPEAT_CONFIG warmup=2 measured=5
===== WARMUP_1_BEGIN =====
prompt=a photo of a red panda sitting on a wooden chair
cfg: [3.0, 3.0, 3.0, 3.0, 3.0, 3.0, 3.0, 3.0, 3.0, 3.0, 3.0, 3.0, 3.0], tau: [0.5, 0.5, 0.5, 0.5, 0.5, 0.5, 0.5, 0.5, 0.5, 0.5, 0.5, 0.5, 0.5]

=== SCALE_GPU_PROFILE_BEGIN ===
scale,t,h,w,tokens,total_ms,transformer_ms,logits_ms,sampling_ms,codes_ms,next_scale_ms,word_embed_ms,other_ms
0,1,1,1,1,2382.933,2225.981,110.948,43.118,1.669,0.493,0.444,0.279
1,1,2,2,4,256.926,195.436,60.199,0.559,0.248,0.118,0.161,0.206
2,1,4,4,16,56.813,55.230,0.457,0.408,0.239,0.120,0.194,0.165
3,1,6,6,36,58.178,56.620,0.449,0.456,0.226,0.128,0.152,0.148
4,1,8,8,64,53.780,52.294,0.417,0.432,0.198,0.127,0.179,0.133
5,1,12,12,144,55.367,53.885,0.411,0.408,0.315,0.172,0.078,0.098
6,1,16,16,256,59.532,58.043,0.430,0.444,0.229,0.219,0.068,0.099
7,1,20,20,400,55.268,54.177,0.132,0.408,0.176,0.250,0.036,0.088
8,1,24,24,576,55.065,54.004,0.148,0.409,0.159,0.219,0.067,0.058
9,1,32,32,1024,87.826,86.784,0.179,0.539,0.027,0.200,0.049,0.050
10,1,40,40,1600,132.608,131.300,0.205,0.778,0.028,0.211,0.063,0.024
11,1,48,48,2304,200.872,199.226,0.245,1.097,0.028,0.143,0.109,0.024
12,1,64,64,4096,388.008,385.717,0.406,1.833,0.029,0.000,0.000,0.022
FINAL_DECODE_MS,304.625
=== SCALE_GPU_PROFILE_END ===

cost: 4.806956768035889, infinity cost=4.190876722335815
===== WARMUP_1_END =====
===== WARMUP_2_BEGIN =====
prompt=a photo of a red panda sitting on a wooden chair
cfg: [3.0, 3.0, 3.0, 3.0, 3.0, 3.0, 3.0, 3.0, 3.0, 3.0, 3.0, 3.0, 3.0], tau: [0.5, 0.5, 0.5, 0.5, 0.5, 0.5, 0.5, 0.5, 0.5, 0.5, 0.5, 0.5, 0.5]

=== SCALE_GPU_PROFILE_BEGIN ===
scale,t,h,w,tokens,total_ms,transformer_ms,logits_ms,sampling_ms,codes_ms,next_scale_ms,word_embed_ms,other_ms
0,1,1,1,1,46.381,44.808,0.462,0.488,0.202,0.110,0.137,0.174
1,1,2,2,4,50.864,49.547,0.379,0.390,0.186,0.092,0.123,0.146
2,1,4,4,16,50.849,49.614,0.358,0.351,0.171,0.089,0.127,0.141
3,1,6,6,36,50.325,49.077,0.347,0.386,0.167,0.089,0.122,0.137
4,1,8,8,64,50.489,49.259,0.357,0.353,0.162,0.104,0.132,0.122
5,1,12,12,144,51.069,49.823,0.373,0.384,0.168,0.141,0.090,0.089
6,1,16,16,256,51.287,50.170,0.301,0.331,0.168,0.175,0.050,0.092
7,1,20,20,400,52.807,51.820,0.123,0.357,0.173,0.208,0.031,0.097
8,1,24,24,576,52.579,51.605,0.146,0.386,0.124,0.217,0.038,0.064
9,1,32,32,1024,87.830,86.791,0.179,0.539,0.026,0.200,0.047,0.047
10,1,40,40,1600,129.278,127.967,0.198,0.785,0.027,0.214,0.062,0.023
11,1,48,48,2304,200.806,199.156,0.249,1.097,0.028,0.142,0.110,0.024
12,1,64,64,4096,388.071,385.781,0.406,1.834,0.029,0.000,0.000,0.021
FINAL_DECODE_MS,244.525
=== SCALE_GPU_PROFILE_END ===

cost: 1.5400123596191406, infinity cost=1.509885549545288
===== WARMUP_2_END =====
===== MEASURE_1_BEGIN =====
prompt=a photo of a red panda sitting on a wooden chair
cfg: [3.0, 3.0, 3.0, 3.0, 3.0, 3.0, 3.0, 3.0, 3.0, 3.0, 3.0, 3.0, 3.0], tau: [0.5, 0.5, 0.5, 0.5, 0.5, 0.5, 0.5, 0.5, 0.5, 0.5, 0.5, 0.5, 0.5]

=== SCALE_GPU_PROFILE_BEGIN ===
scale,t,h,w,tokens,total_ms,transformer_ms,logits_ms,sampling_ms,codes_ms,next_scale_ms,word_embed_ms,other_ms
0,1,1,1,1,45.322,43.956,0.397,0.396,0.177,0.106,0.138,0.152
1,1,2,2,4,50.688,49.420,0.371,0.371,0.178,0.089,0.122,0.138
2,1,4,4,16,50.483,49.230,0.365,0.355,0.169,0.089,0.137,0.137
3,1,6,6,36,49.891,48.654,0.353,0.369,0.169,0.089,0.121,0.138
4,1,8,8,64,49.980,48.740,0.350,0.359,0.167,0.105,0.137,0.123
5,1,12,12,144,52.377,50.950,0.560,0.372,0.168,0.146,0.090,0.091
6,1,16,16,256,51.530,50.406,0.298,0.338,0.173,0.175,0.050,0.090
7,1,20,20,400,52.602,51.622,0.115,0.356,0.176,0.207,0.030,0.096
8,1,24,24,576,52.624,51.624,0.136,0.410,0.135,0.217,0.038,0.063
9,1,32,32,1024,87.815,86.775,0.178,0.538,0.026,0.201,0.048,0.048
10,1,40,40,1600,129.717,128.397,0.205,0.786,0.028,0.214,0.064,0.023
11,1,48,48,2304,201.061,199.412,0.250,1.096,0.028,0.142,0.109,0.023
12,1,64,64,4096,388.122,385.827,0.408,1.836,0.029,0.000,0.000,0.021
FINAL_DECODE_MS,244.601
=== SCALE_GPU_PROFILE_END ===

cost: 1.5376431941986084, infinity cost=1.5091242790222168
===== MEASURE_1_END =====
===== MEASURE_2_BEGIN =====
prompt=a photo of a red panda sitting on a wooden chair
cfg: [3.0, 3.0, 3.0, 3.0, 3.0, 3.0, 3.0, 3.0, 3.0, 3.0, 3.0, 3.0, 3.0], tau: [0.5, 0.5, 0.5, 0.5, 0.5, 0.5, 0.5, 0.5, 0.5, 0.5, 0.5, 0.5, 0.5]

=== SCALE_GPU_PROFILE_BEGIN ===
scale,t,h,w,tokens,total_ms,transformer_ms,logits_ms,sampling_ms,codes_ms,next_scale_ms,word_embed_ms,other_ms
0,1,1,1,1,44.545,43.268,0.373,0.365,0.164,0.105,0.128,0.142
1,1,2,2,4,50.084,48.857,0.357,0.354,0.170,0.088,0.121,0.136
2,1,4,4,16,50.373,49.140,0.350,0.366,0.167,0.089,0.122,0.139
3,1,6,6,36,50.041,48.828,0.346,0.363,0.163,0.087,0.119,0.136
4,1,8,8,64,50.072,48.836,0.360,0.358,0.165,0.105,0.122,0.126
5,1,12,12,144,50.702,49.487,0.362,0.370,0.166,0.145,0.080,0.091
6,1,16,16,256,51.482,50.372,0.309,0.321,0.162,0.174,0.054,0.090
7,1,20,20,400,52.542,51.567,0.116,0.363,0.164,0.206,0.030,0.096
8,1,24,24,576,52.486,51.491,0.142,0.401,0.133,0.217,0.038,0.063
9,1,32,32,1024,87.869,86.830,0.178,0.538,0.026,0.200,0.047,0.050
10,1,40,40,1600,129.069,127.747,0.205,0.786,0.028,0.214,0.065,0.025
11,1,48,48,2304,201.544,199.882,0.248,1.106,0.028,0.144,0.111,0.024
12,1,64,64,4096,388.625,386.330,0.406,1.838,0.029,0.000,0.000,0.022
FINAL_DECODE_MS,244.712
=== SCALE_GPU_PROFILE_END ===

cost: 1.5346348285675049, infinity cost=1.5065076351165771
===== MEASURE_2_END =====
===== MEASURE_3_BEGIN =====
prompt=a photo of a red panda sitting on a wooden chair
cfg: [3.0, 3.0, 3.0, 3.0, 3.0, 3.0, 3.0, 3.0, 3.0, 3.0, 3.0, 3.0, 3.0], tau: [0.5, 0.5, 0.5, 0.5, 0.5, 0.5, 0.5, 0.5, 0.5, 0.5, 0.5, 0.5, 0.5]

=== SCALE_GPU_PROFILE_BEGIN ===
scale,t,h,w,tokens,total_ms,transformer_ms,logits_ms,sampling_ms,codes_ms,next_scale_ms,word_embed_ms,other_ms
0,1,1,1,1,45.652,44.252,0.434,0.377,0.220,0.101,0.123,0.146
1,1,2,2,4,50.078,48.812,0.387,0.365,0.167,0.089,0.121,0.138
2,1,4,4,16,50.327,49.101,0.356,0.351,0.168,0.088,0.127,0.137
3,1,6,6,36,50.063,48.832,0.354,0.354,0.169,0.088,0.127,0.140
4,1,8,8,64,51.972,50.600,0.388,0.425,0.177,0.112,0.136,0.134
5,1,12,12,144,50.839,49.606,0.374,0.358,0.170,0.143,0.085,0.103
6,1,16,16,256,51.255,50.119,0.308,0.322,0.174,0.181,0.053,0.099
7,1,20,20,400,52.457,51.478,0.114,0.365,0.166,0.207,0.030,0.096
8,1,24,24,576,52.298,51.322,0.146,0.386,0.126,0.216,0.038,0.064
9,1,32,32,1024,87.738,86.699,0.179,0.538,0.026,0.200,0.048,0.048
10,1,40,40,1600,129.442,128.125,0.204,0.785,0.027,0.214,0.063,0.023
11,1,48,48,2304,201.404,199.738,0.252,1.109,0.028,0.144,0.109,0.024
12,1,64,64,4096,389.231,386.935,0.407,1.838,0.030,0.000,0.000,0.021
FINAL_DECODE_MS,244.585
=== SCALE_GPU_PROFILE_END ===

cost: 1.5382981300354004, infinity cost=1.5099453926086426
===== MEASURE_3_END =====
===== MEASURE_4_BEGIN =====
prompt=a photo of a red panda sitting on a wooden chair
cfg: [3.0, 3.0, 3.0, 3.0, 3.0, 3.0, 3.0, 3.0, 3.0, 3.0, 3.0, 3.0, 3.0], tau: [0.5, 0.5, 0.5, 0.5, 0.5, 0.5, 0.5, 0.5, 0.5, 0.5, 0.5, 0.5, 0.5]

=== SCALE_GPU_PROFILE_BEGIN ===
scale,t,h,w,tokens,total_ms,transformer_ms,logits_ms,sampling_ms,codes_ms,next_scale_ms,word_embed_ms,other_ms
0,1,1,1,1,44.546,43.254,0.376,0.378,0.166,0.101,0.128,0.144
1,1,2,2,4,49.982,48.744,0.353,0.367,0.167,0.089,0.123,0.139
2,1,4,4,16,50.299,49.081,0.358,0.352,0.163,0.088,0.121,0.137
3,1,6,6,36,49.927,48.703,0.360,0.355,0.163,0.088,0.119,0.138
4,1,8,8,64,50.004,48.776,0.360,0.357,0.163,0.104,0.119,0.124
5,1,12,12,144,50.798,49.586,0.367,0.366,0.165,0.139,0.085,0.090
6,1,16,16,256,51.182,50.068,0.302,0.330,0.166,0.175,0.050,0.092
7,1,20,20,400,52.508,51.514,0.128,0.359,0.174,0.206,0.030,0.097
8,1,24,24,576,52.534,51.546,0.135,0.407,0.128,0.216,0.038,0.064
9,1,32,32,1024,87.732,86.689,0.179,0.537,0.026,0.200,0.047,0.055
10,1,40,40,1600,129.456,128.123,0.207,0.794,0.028,0.217,0.063,0.024
11,1,48,48,2304,201.098,199.435,0.252,1.105,0.029,0.144,0.110,0.023
12,1,64,64,4096,389.346,387.053,0.407,1.836,0.029,0.000,0.000,0.021
FINAL_DECODE_MS,244.649
=== SCALE_GPU_PROFILE_END ===

cost: 1.5345935821533203, infinity cost=1.5063199996948242
===== MEASURE_4_END =====
===== MEASURE_5_BEGIN =====
prompt=a photo of a red panda sitting on a wooden chair
cfg: [3.0, 3.0, 3.0, 3.0, 3.0, 3.0, 3.0, 3.0, 3.0, 3.0, 3.0, 3.0, 3.0], tau: [0.5, 0.5, 0.5, 0.5, 0.5, 0.5, 0.5, 0.5, 0.5, 0.5, 0.5, 0.5, 0.5]

=== SCALE_GPU_PROFILE_BEGIN ===
scale,t,h,w,tokens,total_ms,transformer_ms,logits_ms,sampling_ms,codes_ms,next_scale_ms,word_embed_ms,other_ms
0,1,1,1,1,44.418,43.159,0.359,0.374,0.163,0.097,0.124,0.142
1,1,2,2,4,50.052,48.818,0.366,0.356,0.164,0.089,0.121,0.137
2,1,4,4,16,50.337,49.116,0.352,0.350,0.165,0.098,0.122,0.134
3,1,6,6,36,50.033,48.806,0.352,0.359,0.171,0.089,0.120,0.136
4,1,8,8,64,50.129,48.894,0.354,0.358,0.166,0.105,0.121,0.131
5,1,12,12,144,50.667,49.464,0.360,0.357,0.162,0.143,0.089,0.092
6,1,16,16,256,51.388,50.282,0.313,0.317,0.165,0.175,0.048,0.089
7,1,20,20,400,52.333,51.347,0.131,0.358,0.165,0.207,0.030,0.097
8,1,24,24,576,52.575,51.603,0.146,0.376,0.132,0.216,0.038,0.063
9,1,32,32,1024,87.701,86.665,0.178,0.537,0.026,0.201,0.048,0.046
10,1,40,40,1600,129.981,128.649,0.205,0.794,0.028,0.216,0.064,0.023
11,1,48,48,2304,201.692,200.027,0.253,1.109,0.028,0.143,0.110,0.024
12,1,64,64,4096,389.264,386.968,0.408,1.838,0.029,0.000,0.000,0.021
FINAL_DECODE_MS,244.669
=== SCALE_GPU_PROFILE_END ===

cost: 1.5353450775146484, infinity cost=1.5073652267456055
===== MEASURE_5_END =====
Save to /scratch/e2032a10/Infinity/outputs/a100_2b_repeat_final.jpg
