==========================================
SLURM_JOB_ID = 927689
SLURM_NODELIST = gpu59
==========================================
===== JOB INFO =====
Fri Oct  9 01:41:46 KST 2026
gpu59
NVIDIA H100 NVL, 95830 MiB, 580.105.08
torch= 2.7.1+cu128 cuda= 12.8 gpu= NVIDIA H100 NVL
===== 8B REPEAT START =====
[Loading tokenizer and text encoder]
[Loading Infinity]
self.codebook_dim: 56, self.add_lvl_embeding_only_first_block: 0,             self.use_bit_label: 1, self.rope2d_each_sa_layer: 1, self.rope2d_normalized_by_hw: 2
self.num_blocks_in_a_chunk=5, depth=40, block_chunks=8

[constructor]  ==== customized_flash_attn=False (using_flash=0/40), fused_mlp=False (fused_mlp=0/40) ==== 
    [Infinity config ] embed_dim=3584, num_heads=28, depth=40, mlp_ratio=4, swiglu=False num_blocks_in_a_chunk=5
    [drop ratios] drop_rate=0.0, drop_path_rate=0.1 (tensor([0.0000, 0.0026, 0.0051, 0.0077, 0.0103, 0.0128, 0.0154, 0.0179, 0.0205,
        0.0231, 0.0256, 0.0282, 0.0308, 0.0333, 0.0359, 0.0385, 0.0410, 0.0436,
        0.0462, 0.0487, 0.0513, 0.0538, 0.0564, 0.0590, 0.0615, 0.0641, 0.0667,
        0.0692, 0.0718, 0.0744, 0.0769, 0.0795, 0.0821, 0.0846, 0.0872, 0.0897,
        0.0923, 0.0949, 0.0974, 0.1000]))

[you selected Infinity with model_kwargs={'depth': 40, 'embed_dim': 3584, 'num_heads': 28, 'drop_path_rate': 0.1, 'mlp_ratio': 4, 'block_chunks': 8}] model size: 8.38B, bf16=1
[Load Infinity weights]
prompt=a photo of a red panda sitting on a wooden chair
PIPELINE_BENCHMARK_BEGIN
prompt=a photo of a red panda sitting on a wooden chair
BENCH_WARMUP_BEGIN Sequential-B1

=== SCALE_GPU_PROFILE_BEGIN ===
scale,t,h,w,tokens,total_ms,transformer_ms,logits_ms,sampling_ms,codes_ms,next_scale_ms,word_embed_ms,other_ms
0,1,1,1,1,2334.647,2190.395,113.043,27.762,2.330,0.457,0.384,0.276
1,1,2,2,4,263.145,201.853,58.059,0.712,0.301,0.130,1.891,0.199
2,1,4,4,16,72.058,70.352,0.459,0.380,0.216,0.105,0.383,0.164
3,1,6,6,36,70.990,68.296,0.352,0.343,0.201,0.099,1.569,0.131
4,1,8,8,64,72.364,69.496,0.366,0.344,0.206,0.100,1.721,0.132
5,1,12,12,144,78.861,75.880,0.406,0.368,0.296,0.110,1.665,0.138
6,1,16,16,256,69.670,64.923,1.824,0.348,0.211,0.100,2.136,0.127
7,1,20,20,400,72.290,69.467,0.159,0.336,0.203,0.101,1.932,0.092
8,1,24,24,576,74.380,71.888,0.201,0.395,0.028,0.026,1.791,0.050
9,1,32,32,1024,129.758,128.625,0.254,0.710,0.032,0.028,0.074,0.036
10,1,40,40,1600,211.604,210.001,0.334,1.062,0.030,0.028,0.140,0.010
11,1,48,48,2304,308.701,306.592,0.399,1.417,0.031,0.025,0.202,0.036
12,1,64,64,4096,621.290,618.203,0.535,2.505,0.034,0.000,0.000,0.013
FINAL_DECODE_MS,198.760
=== SCALE_GPU_PROFILE_END ===


=== SCALE_GPU_PROFILE_BEGIN ===
scale,t,h,w,tokens,total_ms,transformer_ms,logits_ms,sampling_ms,codes_ms,next_scale_ms,word_embed_ms,other_ms
0,1,1,1,1,54.243,52.831,0.381,0.426,0.212,0.116,0.137,0.140
1,1,2,2,4,59.188,57.968,0.352,0.330,0.187,0.098,0.129,0.125
2,1,4,4,16,60.380,59.154,0.350,0.327,0.190,0.100,0.128,0.132
3,1,6,6,36,58.782,57.563,0.343,0.331,0.185,0.098,0.136,0.126
4,1,8,8,64,59.792,58.548,0.349,0.347,0.189,0.099,0.131,0.128
5,1,12,12,144,61.829,60.462,0.369,0.419,0.203,0.107,0.141,0.129
6,1,16,16,256,60.646,59.561,0.225,0.329,0.196,0.098,0.128,0.110
7,1,20,20,400,61.044,60.035,0.165,0.328,0.200,0.099,0.131,0.086
8,1,24,24,576,67.896,67.159,0.188,0.409,0.029,0.027,0.048,0.035
9,1,32,32,1024,126.807,125.703,0.251,0.708,0.031,0.028,0.075,0.011
10,1,40,40,1600,208.583,207.029,0.318,1.071,0.031,0.029,0.095,0.010
11,1,48,48,2304,310.171,308.150,0.378,1.412,0.033,0.025,0.160,0.012
12,1,64,64,4096,621.808,618.837,0.504,2.424,0.032,0.000,0.000,0.011
FINAL_DECODE_MS,114.575
=== SCALE_GPU_PROFILE_END ===

BENCH_WARMUP Sequential-B1 seconds=6.556456 img_s=0.305043 peak_gb=37.105

=== SCALE_GPU_PROFILE_BEGIN ===
scale,t,h,w,tokens,total_ms,transformer_ms,logits_ms,sampling_ms,codes_ms,next_scale_ms,word_embed_ms,other_ms
0,1,1,1,1,52.815,51.425,0.341,0.333,0.185,0.114,0.284,0.132
1,1,2,2,4,59.667,58.413,0.352,0.345,0.189,0.099,0.139,0.129
2,1,4,4,16,60.452,59.001,0.536,0.355,0.192,0.100,0.137,0.130
3,1,6,6,36,59.840,58.627,0.333,0.332,0.195,0.098,0.129,0.127
4,1,8,8,64,58.705,57.476,0.346,0.331,0.185,0.099,0.141,0.127
5,1,12,12,144,60.594,59.379,0.320,0.361,0.195,0.098,0.130,0.111
6,1,16,16,256,60.860,59.773,0.230,0.340,0.185,0.097,0.127,0.108
7,1,20,20,400,60.480,59.495,0.163,0.329,0.182,0.097,0.137,0.077
8,1,24,24,576,67.935,67.207,0.189,0.401,0.029,0.025,0.049,0.035
9,1,32,32,1024,127.322,126.200,0.257,0.721,0.032,0.028,0.074,0.010
10,1,40,40,1600,209.144,207.611,0.312,1.056,0.031,0.028,0.095,0.010
11,1,48,48,2304,309.104,307.080,0.381,1.414,0.032,0.025,0.160,0.010
12,1,64,64,4096,625.242,622.246,0.502,2.449,0.033,0.000,0.000,0.011
FINAL_DECODE_MS,114.264
=== SCALE_GPU_PROFILE_END ===


=== SCALE_GPU_PROFILE_BEGIN ===
scale,t,h,w,tokens,total_ms,transformer_ms,logits_ms,sampling_ms,codes_ms,next_scale_ms,word_embed_ms,other_ms
0,1,1,1,1,54.462,53.187,0.359,0.334,0.194,0.114,0.135,0.139
1,1,2,2,4,59.141,57.931,0.332,0.337,0.188,0.098,0.128,0.128
2,1,4,4,16,60.018,58.765,0.345,0.350,0.195,0.100,0.133,0.129
3,1,6,6,36,59.967,58.675,0.348,0.387,0.193,0.104,0.131,0.130
4,1,8,8,64,59.674,58.450,0.337,0.334,0.188,0.107,0.128,0.129
5,1,12,12,144,59.336,58.107,0.339,0.353,0.195,0.100,0.130,0.113
6,1,16,16,256,60.861,59.739,0.238,0.344,0.199,0.099,0.132,0.110
7,1,20,20,400,61.579,60.587,0.162,0.331,0.188,0.098,0.136,0.077
8,1,24,24,576,68.044,67.307,0.188,0.408,0.029,0.027,0.050,0.036
9,1,32,32,1024,128.022,126.881,0.261,0.733,0.032,0.028,0.076,0.010
10,1,40,40,1600,208.884,207.335,0.313,1.068,0.031,0.028,0.097,0.011
11,1,48,48,2304,310.810,308.768,0.384,1.429,0.032,0.025,0.161,0.010
12,1,64,64,4096,624.407,621.403,0.506,2.453,0.032,0.000,0.000,0.012
FINAL_DECODE_MS,114.805
=== SCALE_GPU_PROFILE_END ===

BENCH_MEASURE Sequential-B1 1 seconds=3.862109 img_s=0.517852 peak_gb=37.105

=== SCALE_GPU_PROFILE_BEGIN ===
scale,t,h,w,tokens,total_ms,transformer_ms,logits_ms,sampling_ms,codes_ms,next_scale_ms,word_embed_ms,other_ms
0,1,1,1,1,53.512,52.239,0.336,0.358,0.190,0.107,0.130,0.153
1,1,2,2,4,60.046,58.826,0.336,0.346,0.185,0.099,0.128,0.126
2,1,4,4,16,59.262,58.046,0.346,0.333,0.184,0.098,0.129,0.127
3,1,6,6,36,59.300,58.050,0.347,0.345,0.188,0.099,0.132,0.139
4,1,8,8,64,59.599,58.373,0.333,0.347,0.185,0.097,0.139,0.125
5,1,12,12,144,59.110,57.937,0.324,0.332,0.186,0.097,0.127,0.108
6,1,16,16,256,60.925,59.815,0.235,0.343,0.190,0.099,0.130,0.114
7,1,20,20,400,61.749,60.765,0.164,0.316,0.187,0.098,0.129,0.090
8,1,24,24,576,68.421,67.681,0.189,0.412,0.028,0.026,0.049,0.034
9,1,32,32,1024,128.233,127.114,0.258,0.715,0.032,0.028,0.075,0.010
10,1,40,40,1600,209.820,208.269,0.315,1.070,0.031,0.029,0.096,0.011
11,1,48,48,2304,310.928,308.890,0.382,1.427,0.031,0.025,0.162,0.010
12,1,64,64,4096,624.313,621.314,0.505,2.448,0.034,0.000,0.000,0.012
FINAL_DECODE_MS,114.348
=== SCALE_GPU_PROFILE_END ===


=== SCALE_GPU_PROFILE_BEGIN ===
scale,t,h,w,tokens,total_ms,transformer_ms,logits_ms,sampling_ms,codes_ms,next_scale_ms,word_embed_ms,other_ms
0,1,1,1,1,53.048,51.813,0.338,0.345,0.187,0.108,0.128,0.130
1,1,2,2,4,60.212,58.990,0.335,0.329,0.187,0.106,0.128,0.138
2,1,4,4,16,59.274,58.065,0.336,0.338,0.188,0.098,0.123,0.126
3,1,6,6,36,59.160,57.924,0.336,0.356,0.186,0.099,0.130,0.128
4,1,8,8,64,59.934,58.719,0.334,0.341,0.187,0.098,0.128,0.126
5,1,12,12,144,58.928,57.749,0.316,0.340,0.187,0.097,0.128,0.110
6,1,16,16,256,60.558,59.473,0.224,0.329,0.185,0.097,0.131,0.119
7,1,20,20,400,60.599,59.626,0.165,0.320,0.184,0.098,0.129,0.078
8,1,24,24,576,68.298,67.558,0.191,0.409,0.029,0.027,0.049,0.035
9,1,32,32,1024,127.632,126.526,0.253,0.710,0.030,0.028,0.074,0.010
10,1,40,40,1600,209.417,207.850,0.319,1.081,0.031,0.029,0.098,0.010
11,1,48,48,2304,310.770,308.725,0.384,1.431,0.031,0.025,0.162,0.011
12,1,64,64,4096,622.887,619.889,0.501,2.452,0.033,0.000,0.000,0.012
FINAL_DECODE_MS,114.459
=== SCALE_GPU_PROFILE_END ===

BENCH_MEASURE Sequential-B1 2 seconds=3.859602 img_s=0.518188 peak_gb=37.105

=== SCALE_GPU_PROFILE_BEGIN ===
scale,t,h,w,tokens,total_ms,transformer_ms,logits_ms,sampling_ms,codes_ms,next_scale_ms,word_embed_ms,other_ms
0,1,1,1,1,53.287,52.057,0.330,0.342,0.187,0.117,0.126,0.129
1,1,2,2,4,59.662,58.464,0.338,0.327,0.186,0.097,0.126,0.123
2,1,4,4,16,59.046,57.843,0.342,0.330,0.187,0.098,0.122,0.124
3,1,6,6,36,59.572,58.333,0.336,0.353,0.188,0.100,0.129,0.133
4,1,8,8,64,59.521,58.283,0.343,0.355,0.185,0.097,0.135,0.123
5,1,12,12,144,58.929,57.751,0.325,0.330,0.187,0.096,0.134,0.107
6,1,16,16,256,60.407,59.331,0.222,0.336,0.185,0.096,0.128,0.109
7,1,20,20,400,60.775,59.758,0.164,0.336,0.192,0.102,0.131,0.093
8,1,24,24,576,68.335,67.590,0.192,0.412,0.028,0.027,0.050,0.036
9,1,32,32,1024,127.561,126.469,0.250,0.701,0.031,0.028,0.072,0.010
10,1,40,40,1600,209.644,208.076,0.319,1.082,0.031,0.029,0.097,0.010
11,1,48,48,2304,309.375,307.300,0.390,1.452,0.033,0.026,0.163,0.011
12,1,64,64,4096,624.975,622.008,0.499,2.424,0.032,0.000,0.000,0.012
FINAL_DECODE_MS,114.584
=== SCALE_GPU_PROFILE_END ===


=== SCALE_GPU_PROFILE_BEGIN ===
scale,t,h,w,tokens,total_ms,transformer_ms,logits_ms,sampling_ms,codes_ms,next_scale_ms,word_embed_ms,other_ms
0,1,1,1,1,53.727,52.446,0.366,0.346,0.193,0.108,0.132,0.137
1,1,2,2,4,60.066,58.859,0.336,0.326,0.189,0.098,0.127,0.131
2,1,4,4,16,58.887,57.678,0.343,0.331,0.191,0.097,0.125,0.122
3,1,6,6,36,59.018,57.815,0.337,0.330,0.206,0.095,0.127,0.108
4,1,8,8,64,58.279,57.081,0.331,0.331,0.183,0.105,0.126,0.122
5,1,12,12,144,59.163,57.966,0.319,0.342,0.201,0.099,0.129,0.107
6,1,16,16,256,60.599,59.487,0.233,0.341,0.188,0.099,0.140,0.110
7,1,20,20,400,60.933,59.953,0.162,0.319,0.191,0.097,0.128,0.083
8,1,24,24,576,68.922,67.901,0.190,0.413,0.085,0.114,0.142,0.075
9,1,32,32,1024,127.794,126.634,0.257,0.720,0.031,0.027,0.075,0.050
10,1,40,40,1600,209.100,207.567,0.311,1.058,0.031,0.028,0.096,0.010
11,1,48,48,2304,310.325,308.278,0.386,1.432,0.031,0.025,0.162,0.010
12,1,64,64,4096,625.688,622.682,0.509,2.451,0.033,0.000,0.000,0.013
FINAL_DECODE_MS,114.719
=== SCALE_GPU_PROFILE_END ===

BENCH_MEASURE Sequential-B1 3 seconds=3.857946 img_s=0.518411 peak_gb=37.105
RESULT Sequential-B1 mean_s=3.859886 mean_img_s=0.518150 peak_gb=37.105
BENCH_WARMUP_BEGIN Fixed-B2

=== SCALE_GPU_PROFILE_BEGIN ===
scale,t,h,w,tokens,total_ms,transformer_ms,logits_ms,sampling_ms,codes_ms,next_scale_ms,word_embed_ms,other_ms
0,1,1,1,1,507.280,298.361,207.640,0.491,0.273,0.131,0.230,0.154
1,1,2,2,4,739.564,518.409,219.903,0.447,0.253,0.119,0.273,0.159
2,1,4,4,16,69.623,68.209,0.406,0.373,0.217,0.101,0.180,0.136
3,1,6,6,36,72.154,69.454,0.353,0.334,0.205,0.097,1.577,0.135
4,1,8,8,64,68.055,65.205,0.354,0.339,0.204,0.098,1.744,0.111
5,1,12,12,144,67.642,66.043,0.391,0.350,0.204,0.100,0.442,0.111
6,1,16,16,256,68.341,65.855,0.187,0.372,0.028,0.098,1.733,0.068
7,1,20,20,400,98.828,97.785,0.235,0.571,0.029,0.039,0.121,0.048
8,1,24,24,576,134.680,133.411,0.300,0.776,0.031,0.039,0.087,0.036
9,1,32,32,1024,240.629,238.702,0.346,1.327,0.033,0.040,0.170,0.010
10,1,40,40,1600,401.310,398.332,0.524,2.154,0.037,0.045,0.196,0.023
11,1,48,48,2304,619.916,615.995,0.651,2.850,0.036,0.039,0.332,0.012
12,1,64,64,4096,1230.782,1224.947,0.814,4.969,0.038,0.000,0.000,0.014
FINAL_DECODE_MS,239.749
=== SCALE_GPU_PROFILE_END ===

BENCH_WARMUP Fixed-B2 seconds=4.568062 img_s=0.437822 peak_gb=55.138

=== SCALE_GPU_PROFILE_BEGIN ===
scale,t,h,w,tokens,total_ms,transformer_ms,logits_ms,sampling_ms,codes_ms,next_scale_ms,word_embed_ms,other_ms
0,1,1,1,1,57.785,56.416,0.357,0.411,0.205,0.112,0.147,0.136
1,1,2,2,4,76.888,75.660,0.358,0.332,0.186,0.097,0.129,0.127
2,1,4,4,16,60.864,59.644,0.358,0.331,0.186,0.098,0.122,0.123
3,1,6,6,36,60.342,59.094,0.346,0.342,0.190,0.110,0.131,0.129
4,1,8,8,64,60.043,58.804,0.347,0.346,0.198,0.101,0.130,0.117
5,1,12,12,144,61.814,60.752,0.206,0.330,0.185,0.096,0.137,0.108
6,1,16,16,256,62.328,61.490,0.188,0.372,0.027,0.067,0.126,0.058
7,1,20,20,400,97.103,96.134,0.231,0.577,0.030,0.040,0.058,0.034
8,1,24,24,576,134.204,132.960,0.299,0.777,0.032,0.039,0.086,0.011
9,1,32,32,1024,240.834,238.929,0.352,1.337,0.033,0.041,0.130,0.011
10,1,40,40,1600,405.355,402.337,0.519,2.203,0.037,0.046,0.200,0.012
11,1,48,48,2304,623.158,619.299,0.636,2.810,0.035,0.038,0.329,0.011
12,1,64,64,4096,1236.109,1230.269,0.816,4.972,0.038,0.000,0.000,0.015
FINAL_DECODE_MS,180.214
=== SCALE_GPU_PROFILE_END ===

BENCH_MEASURE Fixed-B2 1 seconds=3.359804 img_s=0.595273 peak_gb=55.126

=== SCALE_GPU_PROFILE_BEGIN ===
scale,t,h,w,tokens,total_ms,transformer_ms,logits_ms,sampling_ms,codes_ms,next_scale_ms,word_embed_ms,other_ms
0,1,1,1,1,56.983,55.766,0.332,0.334,0.193,0.106,0.127,0.126
1,1,2,2,4,59.996,58.737,0.344,0.343,0.220,0.099,0.130,0.124
2,1,4,4,16,60.596,59.371,0.353,0.338,0.187,0.098,0.125,0.125
3,1,6,6,36,60.181,58.952,0.350,0.330,0.185,0.104,0.128,0.132
4,1,8,8,64,59.301,58.112,0.335,0.339,0.186,0.096,0.127,0.106
5,1,12,12,144,62.110,61.068,0.185,0.340,0.187,0.096,0.127,0.107
6,1,16,16,256,62.385,61.588,0.195,0.395,0.029,0.037,0.094,0.046
7,1,20,20,400,97.272,96.293,0.238,0.582,0.030,0.040,0.057,0.034
8,1,24,24,576,134.965,133.697,0.306,0.792,0.034,0.039,0.088,0.011
9,1,32,32,1024,241.584,239.693,0.354,1.320,0.032,0.042,0.132,0.011
10,1,40,40,1600,402.295,399.320,0.507,2.180,0.036,0.045,0.196,0.012
11,1,48,48,2304,625.304,621.456,0.631,2.811,0.035,0.038,0.323,0.011
12,1,64,64,4096,1233.345,1227.504,0.805,4.982,0.039,0.000,0.000,0.015
FINAL_DECODE_MS,181.279
=== SCALE_GPU_PROFILE_END ===

BENCH_MEASURE Fixed-B2 2 seconds=3.340295 img_s=0.598750 peak_gb=55.125

=== SCALE_GPU_PROFILE_BEGIN ===
scale,t,h,w,tokens,total_ms,transformer_ms,logits_ms,sampling_ms,codes_ms,next_scale_ms,word_embed_ms,other_ms
0,1,1,1,1,57.726,56.438,0.365,0.349,0.190,0.116,0.137,0.131
1,1,2,2,4,60.243,59.010,0.353,0.333,0.189,0.106,0.128,0.125
2,1,4,4,16,60.081,58.831,0.352,0.342,0.199,0.102,0.129,0.126
3,1,6,6,36,60.925,59.515,0.352,0.339,0.359,0.106,0.129,0.124
4,1,8,8,64,59.911,58.700,0.346,0.331,0.191,0.097,0.129,0.116
5,1,12,12,144,61.693,60.642,0.197,0.331,0.190,0.095,0.127,0.110
6,1,16,16,256,62.512,61.739,0.194,0.385,0.028,0.038,0.084,0.046
7,1,20,20,400,96.817,95.835,0.239,0.580,0.032,0.040,0.058,0.034
8,1,24,24,576,135.673,134.421,0.300,0.784,0.032,0.038,0.087,0.010
9,1,32,32,1024,241.998,240.091,0.352,1.336,0.034,0.043,0.132,0.010
10,1,40,40,1600,408.621,405.564,0.523,2.237,0.037,0.047,0.201,0.012
11,1,48,48,2304,623.340,619.492,0.635,2.806,0.035,0.038,0.324,0.010
12,1,64,64,4096,1235.344,1229.563,0.806,4.923,0.037,0.000,0.000,0.013
FINAL_DECODE_MS,179.153
=== SCALE_GPU_PROFILE_END ===

BENCH_MEASURE Fixed-B2 3 seconds=3.346774 img_s=0.597590 peak_gb=55.125
RESULT Fixed-B2 mean_s=3.348957 mean_img_s=0.597204 peak_gb=55.126
BENCH_WARMUP_BEGIN ScaleAware
BENCH_WARMUP ScaleAware seconds=3.494636 img_s=0.572306 peak_gb=59.819
BENCH_MEASURE ScaleAware 1 seconds=3.491286 img_s=0.572855 peak_gb=59.819
BENCH_MEASURE ScaleAware 2 seconds=3.498756 img_s=0.571632 peak_gb=59.819
BENCH_MEASURE ScaleAware 3 seconds=3.498983 img_s=0.571595 peak_gb=59.819
RESULT ScaleAware mean_s=3.496342 mean_img_s=0.572027 peak_gb=59.819
SCALEAWARE_VS_SEQUENTIAL_GAIN_PCT 10.40
SCALEAWARE_FIXED_B2_THROUGHPUT_PCT 95.78
PIPELINE_BENCHMARK_OK
===== 8B REPEAT END =====
Fri Oct  9 01:44:03 KST 2026
