==========================================
SLURM_JOB_ID = 927533
SLURM_NODELIST = gpu37
==========================================
===== JOB INFO =====
Thu Oct  8 22:18:52 KST 2026
gpu37
NVIDIA A100-SXM4-80GB, 81920 MiB, 580.105.08
torch= 2.7.1+cu128 cuda= 12.8 gpu= NVIDIA A100-SXM4-80GB
===== 8B REPEAT START =====
[Loading tokenizer and text encoder]
[Loading Infinity]
self.codebook_dim: 56, self.add_lvl_embeding_only_first_block: 0,             self.use_bit_label: 1, self.rope2d_each_sa_layer: 1, self.rope2d_normalized_by_hw: 2
self.num_blocks_in_a_chunk=5, depth=40, block_chunks=8

[constructor]  ==== customized_flash_attn=False (using_flash=0/40), fused_mlp=False (fused_mlp=0/40) ==== 
    [Infinity config ] embed_dim=3584, num_heads=28, depth=40, mlp_ratio=4, swiglu=False num_blocks_in_a_chunk=5
    [drop ratios] drop_rate=0.0, drop_path_rate=0.1 (tensor([0.0000, 0.0026, 0.0051, 0.0077, 0.0103, 0.0128, 0.0154, 0.0179, 0.0205,
        0.0231, 0.0256, 0.0282, 0.0308, 0.0333, 0.0359, 0.0385, 0.0410, 0.0436,
        0.0462, 0.0487, 0.0513, 0.0538, 0.0564, 0.0590, 0.0615, 0.0641, 0.0667,
        0.0692, 0.0718, 0.0744, 0.0769, 0.0795, 0.0821, 0.0846, 0.0872, 0.0897,
        0.0923, 0.0949, 0.0974, 0.1000]))

[you selected Infinity with model_kwargs={'depth': 40, 'embed_dim': 3584, 'num_heads': 28, 'drop_path_rate': 0.1, 'mlp_ratio': 4, 'block_chunks': 8}] model size: 8.38B, bf16=1
[Load Infinity weights]
REPEAT_CONFIG warmup=2 measured=5
===== WARMUP_1_BEGIN =====
prompt=a photo of a red panda sitting on a wooden chair
cfg: [3.0, 3.0, 3.0, 3.0, 3.0, 3.0, 3.0, 3.0, 3.0, 3.0, 3.0, 3.0, 3.0], tau: [0.5, 0.5, 0.5, 0.5, 0.5, 0.5, 0.5, 0.5, 0.5, 0.5, 0.5, 0.5, 0.5]

=== SCALE_GPU_PROFILE_BEGIN ===
scale,t,h,w,tokens,total_ms,transformer_ms,logits_ms,sampling_ms,codes_ms,next_scale_ms,word_embed_ms,other_ms
0,1,1,1,1,2420.375,2221.094,158.434,37.638,2.042,0.539,0.351,0.277
1,1,2,2,4,324.385,263.798,59.278,0.491,0.259,0.126,0.253,0.179
2,1,4,4,16,69.586,68.144,0.351,0.399,0.230,0.112,0.218,0.132
3,1,6,6,36,66.217,64.885,0.270,0.373,0.230,0.111,0.208,0.140
4,1,8,8,64,64.910,63.610,0.268,0.383,0.229,0.110,0.186,0.124
5,1,12,12,144,66.068,64.985,0.157,0.331,0.226,0.111,0.152,0.107
6,1,16,16,256,70.021,69.374,0.190,0.306,0.032,0.030,0.040,0.049
7,1,20,20,400,92.896,92.147,0.207,0.407,0.033,0.031,0.048,0.023
8,1,24,24,576,135.074,134.120,0.267,0.529,0.033,0.031,0.070,0.023
9,1,32,32,1024,228.673,227.298,0.336,0.853,0.033,0.033,0.096,0.024
10,1,40,40,1600,351.064,349.148,0.395,1.288,0.035,0.033,0.142,0.023
11,1,48,48,2304,526.529,523.881,0.538,1.769,0.036,0.030,0.250,0.024
12,1,64,64,4096,1013.428,1009.532,0.840,2.996,0.038,0.000,0.000,0.022
FINAL_DECODE_MS,196.275
=== SCALE_GPU_PROFILE_END ===

cost: 5.9992852210998535, infinity cost=5.665462017059326
===== WARMUP_1_END =====
===== WARMUP_2_BEGIN =====
prompt=a photo of a red panda sitting on a wooden chair
cfg: [3.0, 3.0, 3.0, 3.0, 3.0, 3.0, 3.0, 3.0, 3.0, 3.0, 3.0, 3.0, 3.0], tau: [0.5, 0.5, 0.5, 0.5, 0.5, 0.5, 0.5, 0.5, 0.5, 0.5, 0.5, 0.5, 0.5]

=== SCALE_GPU_PROFILE_BEGIN ===
scale,t,h,w,tokens,total_ms,transformer_ms,logits_ms,sampling_ms,codes_ms,next_scale_ms,word_embed_ms,other_ms
0,1,1,1,1,57.163,55.591,0.409,0.479,0.244,0.139,0.149,0.152
1,1,2,2,4,63.393,62.056,0.355,0.379,0.220,0.110,0.139,0.134
2,1,4,4,16,63.577,62.300,0.325,0.367,0.211,0.112,0.140,0.123
3,1,6,6,36,64.418,63.194,0.269,0.361,0.219,0.110,0.143,0.122
4,1,8,8,64,64.120,62.892,0.283,0.365,0.206,0.110,0.139,0.125
5,1,12,12,144,66.040,64.955,0.153,0.374,0.209,0.108,0.134,0.107
6,1,16,16,256,69.751,69.104,0.187,0.306,0.032,0.030,0.040,0.051
7,1,20,20,400,91.960,91.220,0.199,0.407,0.033,0.031,0.047,0.023
8,1,24,24,576,134.870,133.921,0.265,0.529,0.033,0.031,0.070,0.023
9,1,32,32,1024,229.196,227.834,0.333,0.851,0.034,0.031,0.090,0.023
10,1,40,40,1600,350.809,348.899,0.392,1.286,0.035,0.033,0.141,0.023
11,1,48,48,2304,527.074,524.458,0.532,1.749,0.036,0.030,0.246,0.023
12,1,64,64,4096,1015.933,1011.961,0.851,3.061,0.038,0.000,0.000,0.021
FINAL_DECODE_MS,176.976
=== SCALE_GPU_PROFILE_END ===

cost: 3.00779128074646, infinity cost=2.978520154953003
===== WARMUP_2_END =====
===== MEASURE_1_BEGIN =====
prompt=a photo of a red panda sitting on a wooden chair
cfg: [3.0, 3.0, 3.0, 3.0, 3.0, 3.0, 3.0, 3.0, 3.0, 3.0, 3.0, 3.0, 3.0], tau: [0.5, 0.5, 0.5, 0.5, 0.5, 0.5, 0.5, 0.5, 0.5, 0.5, 0.5, 0.5, 0.5]

=== SCALE_GPU_PROFILE_BEGIN ===
scale,t,h,w,tokens,total_ms,transformer_ms,logits_ms,sampling_ms,codes_ms,next_scale_ms,word_embed_ms,other_ms
0,1,1,1,1,56.040,54.718,0.366,0.361,0.205,0.113,0.150,0.128
1,1,2,2,4,63.172,61.895,0.334,0.359,0.204,0.118,0.141,0.121
2,1,4,4,16,63.471,62.219,0.310,0.368,0.204,0.110,0.137,0.123
3,1,6,6,36,63.952,62.738,0.267,0.369,0.206,0.109,0.143,0.120
4,1,8,8,64,63.720,62.489,0.285,0.358,0.216,0.107,0.142,0.122
5,1,12,12,144,65.397,64.372,0.155,0.321,0.205,0.108,0.132,0.105
6,1,16,16,256,69.773,69.128,0.189,0.305,0.032,0.031,0.039,0.049
7,1,20,20,400,91.955,91.214,0.199,0.407,0.033,0.031,0.049,0.023
8,1,24,24,576,134.832,133.879,0.268,0.528,0.033,0.031,0.069,0.023
9,1,32,32,1024,228.826,227.453,0.333,0.852,0.034,0.031,0.099,0.023
10,1,40,40,1600,350.905,348.992,0.391,1.288,0.036,0.034,0.141,0.023
11,1,48,48,2304,527.760,525.113,0.537,1.771,0.036,0.031,0.249,0.023
12,1,64,64,4096,1016.696,1012.760,0.848,3.029,0.039,0.000,0.000,0.021
FINAL_DECODE_MS,177.103
=== SCALE_GPU_PROFILE_END ===

cost: 3.0043234825134277, infinity cost=2.9765262603759766
===== MEASURE_1_END =====
===== MEASURE_2_BEGIN =====
prompt=a photo of a red panda sitting on a wooden chair
cfg: [3.0, 3.0, 3.0, 3.0, 3.0, 3.0, 3.0, 3.0, 3.0, 3.0, 3.0, 3.0, 3.0], tau: [0.5, 0.5, 0.5, 0.5, 0.5, 0.5, 0.5, 0.5, 0.5, 0.5, 0.5, 0.5, 0.5]

=== SCALE_GPU_PROFILE_BEGIN ===
scale,t,h,w,tokens,total_ms,transformer_ms,logits_ms,sampling_ms,codes_ms,next_scale_ms,word_embed_ms,other_ms
0,1,1,1,1,55.787,54.486,0.355,0.358,0.211,0.114,0.138,0.125
1,1,2,2,4,62.891,61.619,0.333,0.357,0.206,0.118,0.137,0.122
2,1,4,4,16,63.207,61.958,0.309,0.357,0.215,0.110,0.136,0.122
3,1,6,6,36,63.842,62.623,0.274,0.360,0.215,0.110,0.138,0.123
4,1,8,8,64,63.663,62.437,0.287,0.359,0.205,0.108,0.143,0.123
5,1,12,12,144,65.395,64.372,0.155,0.309,0.214,0.108,0.132,0.105
6,1,16,16,256,69.740,69.094,0.192,0.305,0.032,0.031,0.040,0.047
7,1,20,20,400,91.923,91.183,0.199,0.406,0.033,0.031,0.048,0.023
8,1,24,24,576,134.892,133.941,0.266,0.527,0.033,0.032,0.070,0.023
9,1,32,32,1024,229.066,227.704,0.331,0.853,0.033,0.031,0.090,0.023
10,1,40,40,1600,350.869,348.958,0.392,1.287,0.035,0.033,0.142,0.023
11,1,48,48,2304,528.283,525.662,0.532,1.752,0.036,0.030,0.247,0.023
12,1,64,64,4096,1016.968,1013.034,0.847,3.028,0.038,0.000,0.000,0.021
FINAL_DECODE_MS,176.482
=== SCALE_GPU_PROFILE_END ===

cost: 3.003908157348633, infinity cost=2.9761245250701904
===== MEASURE_2_END =====
===== MEASURE_3_BEGIN =====
prompt=a photo of a red panda sitting on a wooden chair
cfg: [3.0, 3.0, 3.0, 3.0, 3.0, 3.0, 3.0, 3.0, 3.0, 3.0, 3.0, 3.0, 3.0], tau: [0.5, 0.5, 0.5, 0.5, 0.5, 0.5, 0.5, 0.5, 0.5, 0.5, 0.5, 0.5, 0.5]

=== SCALE_GPU_PROFILE_BEGIN ===
scale,t,h,w,tokens,total_ms,transformer_ms,logits_ms,sampling_ms,codes_ms,next_scale_ms,word_embed_ms,other_ms
0,1,1,1,1,57.155,55.693,0.426,0.377,0.264,0.124,0.136,0.135
1,1,2,2,4,62.898,61.616,0.341,0.355,0.211,0.109,0.136,0.130
2,1,4,4,16,63.187,61.931,0.313,0.367,0.212,0.108,0.134,0.121
3,1,6,6,36,63.757,62.554,0.265,0.357,0.215,0.110,0.138,0.119
4,1,8,8,64,63.496,62.269,0.286,0.357,0.209,0.109,0.136,0.130
5,1,12,12,144,65.545,64.525,0.156,0.311,0.207,0.108,0.132,0.105
6,1,16,16,256,69.771,69.124,0.191,0.305,0.032,0.030,0.039,0.048
7,1,20,20,400,93.152,92.412,0.199,0.406,0.033,0.031,0.048,0.023
8,1,24,24,576,134.903,133.952,0.264,0.530,0.033,0.031,0.070,0.023
9,1,32,32,1024,228.839,227.475,0.331,0.853,0.034,0.032,0.090,0.024
10,1,40,40,1600,351.853,349.921,0.396,1.301,0.035,0.033,0.143,0.023
11,1,48,48,2304,530.228,527.584,0.537,1.769,0.036,0.030,0.248,0.023
12,1,64,64,4096,1016.820,1012.892,0.842,3.027,0.038,0.000,0.000,0.021
FINAL_DECODE_MS,176.688
=== SCALE_GPU_PROFILE_END ===

cost: 3.0097391605377197, infinity cost=2.981588363647461
===== MEASURE_3_END =====
===== MEASURE_4_BEGIN =====
prompt=a photo of a red panda sitting on a wooden chair
cfg: [3.0, 3.0, 3.0, 3.0, 3.0, 3.0, 3.0, 3.0, 3.0, 3.0, 3.0, 3.0, 3.0], tau: [0.5, 0.5, 0.5, 0.5, 0.5, 0.5, 0.5, 0.5, 0.5, 0.5, 0.5, 0.5, 0.5]

=== SCALE_GPU_PROFILE_BEGIN ===
scale,t,h,w,tokens,total_ms,transformer_ms,logits_ms,sampling_ms,codes_ms,next_scale_ms,word_embed_ms,other_ms
0,1,1,1,1,55.636,54.321,0.344,0.367,0.212,0.116,0.141,0.137
1,1,2,2,4,63.092,61.824,0.325,0.365,0.206,0.109,0.141,0.123
2,1,4,4,16,63.499,62.230,0.322,0.360,0.206,0.121,0.139,0.121
3,1,6,6,36,64.178,62.967,0.266,0.360,0.214,0.108,0.142,0.121
4,1,8,8,64,63.748,62.521,0.287,0.357,0.203,0.119,0.141,0.121
5,1,12,12,144,65.359,64.340,0.155,0.314,0.204,0.108,0.132,0.106
6,1,16,16,256,69.847,69.201,0.189,0.305,0.033,0.030,0.041,0.048
7,1,20,20,400,91.979,91.239,0.200,0.407,0.033,0.031,0.047,0.023
8,1,24,24,576,134.963,134.012,0.267,0.528,0.033,0.031,0.069,0.023
9,1,32,32,1024,228.921,227.560,0.331,0.852,0.034,0.032,0.090,0.023
10,1,40,40,1600,352.027,350.099,0.394,1.301,0.035,0.033,0.142,0.023
11,1,48,48,2304,529.304,526.659,0.536,1.771,0.036,0.030,0.248,0.023
12,1,64,64,4096,1018.036,1014.103,0.845,3.029,0.038,0.000,0.000,0.021
FINAL_DECODE_MS,176.395
=== SCALE_GPU_PROFILE_END ===

cost: 3.0078561305999756, infinity cost=2.979858636856079
===== MEASURE_4_END =====
===== MEASURE_5_BEGIN =====
prompt=a photo of a red panda sitting on a wooden chair
cfg: [3.0, 3.0, 3.0, 3.0, 3.0, 3.0, 3.0, 3.0, 3.0, 3.0, 3.0, 3.0, 3.0], tau: [0.5, 0.5, 0.5, 0.5, 0.5, 0.5, 0.5, 0.5, 0.5, 0.5, 0.5, 0.5, 0.5]

=== SCALE_GPU_PROFILE_BEGIN ===
scale,t,h,w,tokens,total_ms,transformer_ms,logits_ms,sampling_ms,codes_ms,next_scale_ms,word_embed_ms,other_ms
0,1,1,1,1,55.731,54.457,0.337,0.362,0.205,0.112,0.134,0.124
1,1,2,2,4,63.005,61.752,0.320,0.362,0.204,0.109,0.139,0.120
2,1,4,4,16,63.167,61.927,0.307,0.366,0.205,0.108,0.135,0.119
3,1,6,6,36,63.905,62.711,0.259,0.366,0.204,0.108,0.136,0.120
4,1,8,8,64,63.533,62.307,0.289,0.360,0.203,0.116,0.136,0.121
5,1,12,12,144,65.395,64.375,0.155,0.321,0.203,0.107,0.133,0.101
6,1,16,16,256,69.785,69.142,0.188,0.305,0.032,0.031,0.040,0.047
7,1,20,20,400,91.948,91.207,0.199,0.407,0.033,0.030,0.049,0.023
8,1,24,24,576,134.955,134.003,0.266,0.528,0.033,0.032,0.070,0.023
9,1,32,32,1024,228.962,227.599,0.332,0.852,0.033,0.032,0.091,0.023
10,1,40,40,1600,351.157,349.244,0.392,1.288,0.036,0.034,0.141,0.023
11,1,48,48,2304,529.216,526.593,0.536,1.750,0.036,0.030,0.247,0.024
12,1,64,64,4096,1017.355,1013.419,0.848,3.028,0.040,0.000,0.000,0.021
FINAL_DECODE_MS,176.651
=== SCALE_GPU_PROFILE_END ===

cost: 3.0053868293762207, infinity cost=2.977621555328369
===== MEASURE_5_END =====
Save to /scratch/e2032a10/Infinity/outputs/a100_8b_repeat.jpg
===== 8B REPEAT END =====
Thu Oct  8 22:20:20 KST 2026
