==========================================
SLURM_JOB_ID = 927551
SLURM_NODELIST = gpu39
==========================================
===== JOB INFO =====
Thu Oct  8 22:39:24 KST 2026
gpu39
NVIDIA A100-SXM4-80GB, 81920 MiB, 580.105.08
torch= 2.7.1+cu128 cuda= 12.8 gpu= NVIDIA A100-SXM4-80GB
===== 8B REPEAT START =====
[Loading tokenizer and text encoder]
load checkpoint from weights/infinity_2b_reg.pth
[Loading Infinity]
self.codebook_dim: 32, self.add_lvl_embeding_only_first_block: 0,             self.use_bit_label: 1, self.rope2d_each_sa_layer: 1, self.rope2d_normalized_by_hw: 2
self.num_blocks_in_a_chunk=4, depth=32, block_chunks=8

[constructor]  ==== customized_flash_attn=False (using_flash=0/32), fused_mlp=False (fused_mlp=0/32) ==== 
    [Infinity config ] embed_dim=2048, num_heads=16, depth=32, mlp_ratio=4, swiglu=False num_blocks_in_a_chunk=4
    [drop ratios] drop_rate=0.0, drop_path_rate=0.1 (tensor([0.0000, 0.0032, 0.0065, 0.0097, 0.0129, 0.0161, 0.0194, 0.0226, 0.0258,
        0.0290, 0.0323, 0.0355, 0.0387, 0.0419, 0.0452, 0.0484, 0.0516, 0.0548,
        0.0581, 0.0613, 0.0645, 0.0677, 0.0710, 0.0742, 0.0774, 0.0806, 0.0839,
        0.0871, 0.0903, 0.0935, 0.0968, 0.1000]))

[you selected Infinity with model_kwargs={'depth': 32, 'embed_dim': 2048, 'num_heads': 16, 'drop_path_rate': 0.1, 'mlp_ratio': 4, 'block_chunks': 8}] model size: 2.20B, bf16=1
[Load Infinity weights]
<All keys matched successfully>
REPEAT_CONFIG warmup=2 measured=5 batch_size=2
===== WARMUP_1_BEGIN =====
prompt=a photo of a red panda sitting on a wooden chair
cfg: [3.0, 3.0, 3.0, 3.0, 3.0, 3.0, 3.0, 3.0, 3.0, 3.0, 3.0, 3.0, 3.0], tau: [0.5, 0.5, 0.5, 0.5, 0.5, 0.5, 0.5, 0.5, 0.5, 0.5, 0.5, 0.5, 0.5]

=== SCALE_GPU_PROFILE_BEGIN ===
scale,t,h,w,tokens,total_ms,transformer_ms,logits_ms,sampling_ms,codes_ms,next_scale_ms,word_embed_ms,other_ms
0,1,1,1,1,31372.723,27547.053,1143.514,2239.014,10.522,191.908,15.650,225.062
1,1,2,2,4,1601.413,1228.581,352.509,0.535,0.257,0.131,19.103,0.297
2,1,4,4,16,73.045,55.680,16.179,0.484,0.200,0.143,0.113,0.245
3,1,6,6,36,56.634,55.054,0.448,0.423,0.306,0.166,0.094,0.142
4,1,8,8,64,52.960,51.677,0.382,0.370,0.192,0.213,0.030,0.097
5,1,12,12,144,53.345,52.175,0.193,0.373,0.189,0.277,0.035,0.104
6,1,16,16,256,54.226,53.155,0.154,0.402,0.047,0.379,0.049,0.040
7,1,20,20,400,71.853,70.570,0.195,0.545,0.032,0.439,0.048,0.026
8,1,24,24,576,105.466,103.956,0.221,0.708,0.031,0.455,0.069,0.026
9,1,32,32,1024,409.589,407.861,0.235,0.976,0.026,0.385,0.081,0.024
10,1,40,40,1600,248.007,245.698,0.297,1.430,0.027,0.414,0.118,0.024
11,1,48,48,2304,713.331,710.391,0.425,2.000,0.029,0.272,0.191,0.024
12,1,64,64,4096,748.383,744.239,0.631,3.460,0.031,0.000,0.000,0.022
FINAL_DECODE_MS,10701.827
=== SCALE_GPU_PROFILE_END ===

cost: 56.33083462715149, infinity cost=48.33154630661011
===== WARMUP_1_END =====
===== WARMUP_2_BEGIN =====
prompt=a photo of a red panda sitting on a wooden chair
cfg: [3.0, 3.0, 3.0, 3.0, 3.0, 3.0, 3.0, 3.0, 3.0, 3.0, 3.0, 3.0, 3.0], tau: [0.5, 0.5, 0.5, 0.5, 0.5, 0.5, 0.5, 0.5, 0.5, 0.5, 0.5, 0.5, 0.5]

=== SCALE_GPU_PROFILE_BEGIN ===
scale,t,h,w,tokens,total_ms,transformer_ms,logits_ms,sampling_ms,codes_ms,next_scale_ms,word_embed_ms,other_ms
0,1,1,1,1,47.579,45.962,0.503,0.451,0.250,0.114,0.138,0.160
1,1,2,2,4,52.920,51.444,0.434,0.456,0.198,0.109,0.134,0.145
2,1,4,4,16,51.412,50.127,0.358,0.382,0.176,0.121,0.107,0.141
3,1,6,6,36,51.259,49.993,0.366,0.368,0.175,0.133,0.104,0.120
4,1,8,8,64,51.747,50.477,0.374,0.403,0.170,0.178,0.052,0.093
5,1,12,12,144,52.416,51.278,0.236,0.364,0.174,0.230,0.028,0.107
6,1,16,16,256,53.060,51.947,0.140,0.388,0.163,0.320,0.034,0.068
7,1,20,20,400,61.302,60.245,0.165,0.443,0.026,0.359,0.041,0.023
8,1,24,24,576,90.564,89.309,0.186,0.585,0.026,0.376,0.058,0.023
9,1,32,32,1024,158.274,156.530,0.242,0.983,0.027,0.389,0.081,0.023
10,1,40,40,1600,249.070,246.765,0.295,1.429,0.027,0.413,0.117,0.023
11,1,48,48,2304,385.455,382.525,0.417,1.999,0.029,0.270,0.192,0.023
12,1,64,64,4096,749.644,745.505,0.628,3.459,0.031,0.000,0.000,0.021
FINAL_DECODE_MS,425.270
=== SCALE_GPU_PROFILE_END ===

cost: 2.5313467979431152, infinity cost=2.48368501663208
===== WARMUP_2_END =====
===== MEASURE_1_BEGIN =====
prompt=a photo of a red panda sitting on a wooden chair
cfg: [3.0, 3.0, 3.0, 3.0, 3.0, 3.0, 3.0, 3.0, 3.0, 3.0, 3.0, 3.0, 3.0], tau: [0.5, 0.5, 0.5, 0.5, 0.5, 0.5, 0.5, 0.5, 0.5, 0.5, 0.5, 0.5, 0.5]

=== SCALE_GPU_PROFILE_BEGIN ===
scale,t,h,w,tokens,total_ms,transformer_ms,logits_ms,sampling_ms,codes_ms,next_scale_ms,word_embed_ms,other_ms
0,1,1,1,1,46.986,45.382,0.488,0.436,0.250,0.115,0.147,0.169
1,1,2,2,4,50.899,49.608,0.386,0.361,0.175,0.104,0.127,0.137
2,1,4,4,16,51.447,50.157,0.364,0.391,0.176,0.122,0.108,0.129
3,1,6,6,36,51.262,49.995,0.367,0.363,0.176,0.133,0.105,0.122
4,1,8,8,64,51.244,50.011,0.366,0.370,0.174,0.177,0.050,0.095
5,1,12,12,144,52.837,51.692,0.241,0.366,0.182,0.229,0.029,0.098
6,1,16,16,256,53.321,52.221,0.146,0.371,0.171,0.313,0.034,0.065
7,1,20,20,400,61.315,60.258,0.165,0.445,0.026,0.358,0.040,0.023
8,1,24,24,576,90.615,89.358,0.187,0.585,0.026,0.378,0.058,0.023
9,1,32,32,1024,158.103,156.362,0.239,0.981,0.026,0.389,0.082,0.023
10,1,40,40,1600,248.756,246.434,0.300,1.437,0.028,0.417,0.118,0.023
11,1,48,48,2304,386.269,383.303,0.426,2.022,0.029,0.274,0.193,0.023
12,1,64,64,4096,752.128,747.985,0.632,3.459,0.031,0.000,0.000,0.021
FINAL_DECODE_MS,425.264
=== SCALE_GPU_PROFILE_END ===

cost: 5.337250232696533, infinity cost=5.289451599121094
===== MEASURE_1_END =====
===== MEASURE_2_BEGIN =====
prompt=a photo of a red panda sitting on a wooden chair
cfg: [3.0, 3.0, 3.0, 3.0, 3.0, 3.0, 3.0, 3.0, 3.0, 3.0, 3.0, 3.0, 3.0], tau: [0.5, 0.5, 0.5, 0.5, 0.5, 0.5, 0.5, 0.5, 0.5, 0.5, 0.5, 0.5, 0.5]

=== SCALE_GPU_PROFILE_BEGIN ===
scale,t,h,w,tokens,total_ms,transformer_ms,logits_ms,sampling_ms,codes_ms,next_scale_ms,word_embed_ms,other_ms
0,1,1,1,1,46.972,45.438,0.471,0.419,0.246,0.120,0.133,0.145
1,1,2,2,4,50.721,49.427,0.394,0.362,0.182,0.122,0.109,0.126
2,1,4,4,16,52.332,50.950,0.376,0.444,0.183,0.148,0.100,0.132
3,1,6,6,36,50.986,49.721,0.357,0.373,0.182,0.158,0.069,0.126
4,1,8,8,64,51.292,50.076,0.355,0.358,0.174,0.212,0.030,0.087
5,1,12,12,144,52.699,51.572,0.169,0.374,0.176,0.276,0.034,0.100
6,1,16,16,256,54.161,53.109,0.166,0.403,0.031,0.380,0.041,0.031
7,1,20,20,400,71.715,70.432,0.193,0.543,0.031,0.441,0.048,0.026
8,1,24,24,576,104.049,102.791,0.183,0.589,0.026,0.379,0.058,0.024
9,1,32,32,1024,158.531,156.793,0.236,0.982,0.027,0.390,0.081,0.023
10,1,40,40,1600,249.317,247.020,0.296,1.422,0.027,0.412,0.117,0.023
11,1,48,48,2304,384.998,382.059,0.423,1.999,0.029,0.272,0.192,0.023
12,1,64,64,4096,750.312,746.166,0.634,3.460,0.032,0.000,0.000,0.021
FINAL_DECODE_MS,425.881
=== SCALE_GPU_PROFILE_END ===

cost: 2.5616822242736816, infinity cost=2.5072927474975586
===== MEASURE_2_END =====
===== MEASURE_3_BEGIN =====
prompt=a photo of a red panda sitting on a wooden chair
cfg: [3.0, 3.0, 3.0, 3.0, 3.0, 3.0, 3.0, 3.0, 3.0, 3.0, 3.0, 3.0, 3.0], tau: [0.5, 0.5, 0.5, 0.5, 0.5, 0.5, 0.5, 0.5, 0.5, 0.5, 0.5, 0.5, 0.5]

=== SCALE_GPU_PROFILE_BEGIN ===
scale,t,h,w,tokens,total_ms,transformer_ms,logits_ms,sampling_ms,codes_ms,next_scale_ms,word_embed_ms,other_ms
0,1,1,1,1,45.403,44.107,0.371,0.373,0.170,0.099,0.135,0.148
1,1,2,2,4,50.557,49.297,0.369,0.362,0.168,0.103,0.133,0.126
2,1,4,4,16,50.903,49.643,0.366,0.365,0.166,0.120,0.114,0.128
3,1,6,6,36,50.828,49.577,0.368,0.364,0.167,0.133,0.094,0.124
4,1,8,8,64,51.173,49.937,0.377,0.364,0.166,0.177,0.059,0.094
5,1,12,12,144,52.332,51.211,0.230,0.361,0.169,0.228,0.029,0.103
6,1,16,16,256,53.174,52.071,0.130,0.388,0.169,0.315,0.034,0.067
7,1,20,20,400,61.287,60.232,0.162,0.445,0.026,0.359,0.040,0.023
8,1,24,24,576,90.562,89.306,0.186,0.586,0.026,0.377,0.058,0.023
9,1,32,32,1024,158.314,156.568,0.245,0.982,0.026,0.389,0.082,0.023
10,1,40,40,1600,250.401,248.080,0.298,1.437,0.028,0.416,0.118,0.024
11,1,48,48,2304,386.029,383.060,0.426,2.023,0.029,0.275,0.193,0.024
12,1,64,64,4096,753.399,749.232,0.635,3.480,0.031,0.000,0.000,0.021
FINAL_DECODE_MS,425.600
=== SCALE_GPU_PROFILE_END ===

cost: 2.529386281967163, infinity cost=2.4829790592193604
===== MEASURE_3_END =====
===== MEASURE_4_BEGIN =====
prompt=a photo of a red panda sitting on a wooden chair
cfg: [3.0, 3.0, 3.0, 3.0, 3.0, 3.0, 3.0, 3.0, 3.0, 3.0, 3.0, 3.0, 3.0], tau: [0.5, 0.5, 0.5, 0.5, 0.5, 0.5, 0.5, 0.5, 0.5, 0.5, 0.5, 0.5, 0.5]

=== SCALE_GPU_PROFILE_BEGIN ===
scale,t,h,w,tokens,total_ms,transformer_ms,logits_ms,sampling_ms,codes_ms,next_scale_ms,word_embed_ms,other_ms
0,1,1,1,1,45.273,43.923,0.402,0.384,0.181,0.099,0.129,0.155
1,1,2,2,4,50.528,49.264,0.365,0.362,0.176,0.105,0.128,0.128
2,1,4,4,16,50.983,49.696,0.366,0.381,0.175,0.121,0.111,0.134
3,1,6,6,36,50.926,49.671,0.356,0.376,0.174,0.133,0.094,0.122
4,1,8,8,64,50.919,49.687,0.350,0.373,0.173,0.178,0.050,0.108
5,1,12,12,144,52.246,51.115,0.239,0.363,0.174,0.229,0.028,0.097
6,1,16,16,256,52.804,51.706,0.147,0.374,0.164,0.315,0.034,0.064
7,1,20,20,400,61.329,60.275,0.162,0.444,0.026,0.359,0.040,0.023
8,1,24,24,576,90.692,89.436,0.187,0.585,0.026,0.377,0.058,0.023
9,1,32,32,1024,158.704,156.961,0.236,0.986,0.027,0.390,0.081,0.023
10,1,40,40,1600,249.755,247.432,0.299,1.437,0.028,0.417,0.118,0.024
11,1,48,48,2304,386.898,383.884,0.432,2.053,0.029,0.279,0.196,0.024
12,1,64,64,4096,754.578,750.436,0.631,3.459,0.031,0.000,0.000,0.021
FINAL_DECODE_MS,425.414
=== SCALE_GPU_PROFILE_END ===

cost: 2.530925750732422, infinity cost=2.4843227863311768
===== MEASURE_4_END =====
===== MEASURE_5_BEGIN =====
prompt=a photo of a red panda sitting on a wooden chair
cfg: [3.0, 3.0, 3.0, 3.0, 3.0, 3.0, 3.0, 3.0, 3.0, 3.0, 3.0, 3.0, 3.0], tau: [0.5, 0.5, 0.5, 0.5, 0.5, 0.5, 0.5, 0.5, 0.5, 0.5, 0.5, 0.5, 0.5]

=== SCALE_GPU_PROFILE_BEGIN ===
scale,t,h,w,tokens,total_ms,transformer_ms,logits_ms,sampling_ms,codes_ms,next_scale_ms,word_embed_ms,other_ms
0,1,1,1,1,46.438,44.984,0.424,0.446,0.183,0.111,0.129,0.161
1,1,2,2,4,50.567,49.316,0.357,0.366,0.176,0.104,0.124,0.125
2,1,4,4,16,50.663,49.397,0.361,0.364,0.174,0.121,0.118,0.128
3,1,6,6,36,50.744,49.496,0.363,0.365,0.174,0.134,0.093,0.121
4,1,8,8,64,51.136,49.895,0.388,0.358,0.171,0.177,0.054,0.092
5,1,12,12,144,52.381,51.249,0.230,0.372,0.174,0.229,0.029,0.098
6,1,16,16,256,53.044,51.939,0.131,0.387,0.174,0.314,0.034,0.064
7,1,20,20,400,61.318,60.260,0.167,0.443,0.026,0.358,0.040,0.023
8,1,24,24,576,90.615,89.360,0.186,0.585,0.026,0.376,0.058,0.023
9,1,32,32,1024,158.654,156.894,0.240,0.993,0.027,0.393,0.083,0.023
10,1,40,40,1600,250.407,248.086,0.298,1.437,0.028,0.417,0.118,0.023
11,1,48,48,2304,387.352,384.311,0.436,2.074,0.029,0.281,0.196,0.024
12,1,64,64,4096,755.384,751.194,0.637,3.499,0.032,0.000,0.000,0.022
FINAL_DECODE_MS,426.259
=== SCALE_GPU_PROFILE_END ===

cost: 2.534693956375122, infinity cost=2.4879817962646484
===== MEASURE_5_END =====
Save to /scratch/e2032a10/Infinity/outputs/a100_2b_b2_repeat.jpg
===== 8B REPEAT END =====
Thu Oct  8 22:45:49 KST 2026
