==========================================
SLURM_JOB_ID = 927670
SLURM_NODELIST = gpu59
==========================================
===== JOB INFO =====
Fri Oct  9 01:13:28 KST 2026
gpu59
NVIDIA H100 NVL, 95830 MiB, 580.105.08
torch= 2.7.1+cu128 cuda= 12.8 gpu= NVIDIA H100 NVL
===== 8B REPEAT START =====
[Loading tokenizer and text encoder]
[Loading Infinity]
self.codebook_dim: 56, self.add_lvl_embeding_only_first_block: 0,             self.use_bit_label: 1, self.rope2d_each_sa_layer: 1, self.rope2d_normalized_by_hw: 2
self.num_blocks_in_a_chunk=5, depth=40, block_chunks=8

[constructor]  ==== customized_flash_attn=False (using_flash=0/40), fused_mlp=False (fused_mlp=0/40) ==== 
    [Infinity config ] embed_dim=3584, num_heads=28, depth=40, mlp_ratio=4, swiglu=False num_blocks_in_a_chunk=5
    [drop ratios] drop_rate=0.0, drop_path_rate=0.1 (tensor([0.0000, 0.0026, 0.0051, 0.0077, 0.0103, 0.0128, 0.0154, 0.0179, 0.0205,
        0.0231, 0.0256, 0.0282, 0.0308, 0.0333, 0.0359, 0.0385, 0.0410, 0.0436,
        0.0462, 0.0487, 0.0513, 0.0538, 0.0564, 0.0590, 0.0615, 0.0641, 0.0667,
        0.0692, 0.0718, 0.0744, 0.0769, 0.0795, 0.0821, 0.0846, 0.0872, 0.0897,
        0.0923, 0.0949, 0.0974, 0.1000]))

[you selected Infinity with model_kwargs={'depth': 40, 'embed_dim': 3584, 'num_heads': 28, 'drop_path_rate': 0.1, 'mlp_ratio': 4, 'block_chunks': 8}] model size: 8.38B, bf16=1
[Load Infinity weights]
prompt=a photo of a red panda sitting on a wooden chair
PIPELINE_BENCHMARK_BEGIN
prompt=a photo of a red panda sitting on a wooden chair
BENCH_WARMUP_BEGIN Sequential-B1

=== SCALE_GPU_PROFILE_BEGIN ===
scale,t,h,w,tokens,total_ms,transformer_ms,logits_ms,sampling_ms,codes_ms,next_scale_ms,word_embed_ms,other_ms
0,1,1,1,1,3324.760,2795.281,320.553,19.249,25.311,26.164,137.902,0.301
1,1,2,2,4,1514.821,1190.756,321.050,0.546,0.343,0.150,1.710,0.266
2,1,4,4,16,71.763,70.023,0.482,0.387,0.234,0.108,0.362,0.168
3,1,6,6,36,71.348,68.649,0.356,0.337,0.214,0.100,1.561,0.132
4,1,8,8,64,73.996,71.157,0.357,0.335,0.211,0.101,1.704,0.130
5,1,12,12,144,72.975,70.212,0.341,0.339,0.215,0.101,1.656,0.113
6,1,16,16,256,70.905,66.006,1.960,0.553,0.214,0.103,1.954,0.115
7,1,20,20,400,74.812,71.987,0.159,0.350,0.205,0.100,1.927,0.085
8,1,24,24,576,100.428,71.866,25.499,0.757,0.220,0.103,1.846,0.137
9,1,32,32,1024,129.375,128.257,0.253,0.697,0.031,0.028,0.073,0.036
10,1,40,40,1600,211.645,210.026,0.342,1.068,0.030,0.028,0.140,0.010
11,1,48,48,2304,308.843,306.724,0.405,1.416,0.033,0.025,0.203,0.038
12,1,64,64,4096,621.628,618.515,0.545,2.516,0.033,0.000,0.000,0.018
FINAL_DECODE_MS,210.387
=== SCALE_GPU_PROFILE_END ===


=== SCALE_GPU_PROFILE_BEGIN ===
scale,t,h,w,tokens,total_ms,transformer_ms,logits_ms,sampling_ms,codes_ms,next_scale_ms,word_embed_ms,other_ms
0,1,1,1,1,54.755,53.277,0.400,0.448,0.213,0.118,0.153,0.146
1,1,2,2,4,62.120,60.847,0.367,0.342,0.191,0.111,0.133,0.130
2,1,4,4,16,61.183,59.903,0.362,0.351,0.199,0.102,0.137,0.129
3,1,6,6,36,60.239,59.013,0.340,0.343,0.187,0.101,0.129,0.127
4,1,8,8,64,60.033,58.778,0.344,0.355,0.192,0.101,0.133,0.129
5,1,12,12,144,61.093,59.870,0.331,0.349,0.190,0.101,0.133,0.119
6,1,16,16,256,62.477,61.354,0.237,0.346,0.200,0.101,0.130,0.109
7,1,20,20,400,61.712,60.698,0.165,0.346,0.186,0.100,0.140,0.077
8,1,24,24,576,68.906,68.155,0.192,0.418,0.030,0.026,0.050,0.035
9,1,32,32,1024,126.490,125.380,0.254,0.712,0.032,0.028,0.074,0.011
10,1,40,40,1600,209.365,207.810,0.316,1.074,0.031,0.028,0.097,0.010
11,1,48,48,2304,309.316,307.268,0.386,1.432,0.032,0.026,0.162,0.010
12,1,64,64,4096,622.679,619.692,0.507,2.437,0.032,0.000,0.000,0.011
FINAL_DECODE_MS,114.118
=== SCALE_GPU_PROFILE_END ===

BENCH_WARMUP Sequential-B1 seconds=9.160298 img_s=0.218334 peak_gb=37.105

=== SCALE_GPU_PROFILE_BEGIN ===
scale,t,h,w,tokens,total_ms,transformer_ms,logits_ms,sampling_ms,codes_ms,next_scale_ms,word_embed_ms,other_ms
0,1,1,1,1,55.663,54.210,0.422,0.370,0.260,0.117,0.137,0.147
1,1,2,2,4,60.571,59.319,0.369,0.335,0.192,0.101,0.131,0.125
2,1,4,4,16,60.481,59.206,0.352,0.346,0.210,0.101,0.128,0.138
3,1,6,6,36,60.480,59.226,0.349,0.347,0.194,0.102,0.131,0.131
4,1,8,8,64,61.397,60.028,0.365,0.402,0.212,0.111,0.140,0.138
5,1,12,12,144,59.811,58.595,0.336,0.337,0.193,0.110,0.129,0.110
6,1,16,16,256,61.709,60.568,0.249,0.349,0.197,0.102,0.131,0.112
7,1,20,20,400,62.161,61.147,0.164,0.335,0.191,0.099,0.141,0.085
8,1,24,24,576,68.371,67.626,0.190,0.410,0.029,0.026,0.050,0.039
9,1,32,32,1024,127.450,126.341,0.253,0.713,0.033,0.027,0.073,0.010
10,1,40,40,1600,210.231,208.685,0.317,1.064,0.031,0.029,0.095,0.010
11,1,48,48,2304,310.022,307.977,0.384,1.428,0.034,0.027,0.161,0.011
12,1,64,64,4096,626.064,623.095,0.501,2.424,0.033,0.000,0.000,0.011
FINAL_DECODE_MS,114.482
=== SCALE_GPU_PROFILE_END ===


=== SCALE_GPU_PROFILE_BEGIN ===
scale,t,h,w,tokens,total_ms,transformer_ms,logits_ms,sampling_ms,codes_ms,next_scale_ms,word_embed_ms,other_ms
0,1,1,1,1,54.466,53.201,0.345,0.362,0.188,0.108,0.130,0.131
1,1,2,2,4,60.559,59.315,0.344,0.342,0.197,0.100,0.131,0.129
2,1,4,4,16,61.273,60.022,0.343,0.353,0.193,0.102,0.132,0.128
3,1,6,6,36,60.735,59.497,0.340,0.344,0.197,0.100,0.129,0.128
4,1,8,8,64,60.175,58.934,0.341,0.353,0.187,0.100,0.131,0.128
5,1,12,12,144,60.723,59.490,0.340,0.347,0.199,0.101,0.133,0.112
6,1,16,16,256,61.771,60.639,0.242,0.351,0.188,0.101,0.140,0.110
7,1,20,20,400,62.075,61.050,0.164,0.344,0.191,0.110,0.132,0.084
8,1,24,24,576,68.677,67.936,0.189,0.411,0.029,0.026,0.051,0.036
9,1,32,32,1024,127.437,126.304,0.259,0.727,0.033,0.028,0.075,0.010
10,1,40,40,1600,209.628,208.077,0.317,1.065,0.032,0.029,0.097,0.012
11,1,48,48,2304,311.112,309.034,0.393,1.450,0.034,0.026,0.166,0.010
12,1,64,64,4096,622.631,619.585,0.515,2.483,0.034,0.000,0.000,0.013
FINAL_DECODE_MS,114.445
=== SCALE_GPU_PROFILE_END ===

BENCH_MEASURE Sequential-B1 1 seconds=3.880292 img_s=0.515425 peak_gb=37.105

=== SCALE_GPU_PROFILE_BEGIN ===
scale,t,h,w,tokens,total_ms,transformer_ms,logits_ms,sampling_ms,codes_ms,next_scale_ms,word_embed_ms,other_ms
0,1,1,1,1,54.113,52.865,0.337,0.346,0.186,0.106,0.135,0.138
1,1,2,2,4,60.679,59.436,0.338,0.353,0.191,0.100,0.131,0.129
2,1,4,4,16,60.916,59.664,0.347,0.355,0.192,0.101,0.128,0.129
3,1,6,6,36,60.422,59.170,0.352,0.342,0.188,0.108,0.133,0.129
4,1,8,8,64,60.256,59.003,0.343,0.349,0.198,0.100,0.132,0.130
5,1,12,12,144,60.606,59.374,0.336,0.348,0.190,0.101,0.143,0.114
6,1,16,16,256,61.634,60.509,0.237,0.354,0.190,0.100,0.131,0.111
7,1,20,20,400,62.357,61.334,0.163,0.340,0.191,0.101,0.142,0.086
8,1,24,24,576,68.711,67.964,0.191,0.414,0.030,0.026,0.050,0.036
9,1,32,32,1024,127.413,126.292,0.258,0.716,0.033,0.028,0.077,0.010
10,1,40,40,1600,209.684,208.126,0.316,1.073,0.032,0.029,0.097,0.011
11,1,48,48,2304,310.538,308.511,0.381,1.416,0.033,0.026,0.161,0.010
12,1,64,64,4096,621.571,618.595,0.501,2.430,0.033,0.000,0.000,0.012
FINAL_DECODE_MS,114.859
=== SCALE_GPU_PROFILE_END ===


=== SCALE_GPU_PROFILE_BEGIN ===
scale,t,h,w,tokens,total_ms,transformer_ms,logits_ms,sampling_ms,codes_ms,next_scale_ms,word_embed_ms,other_ms
0,1,1,1,1,53.794,52.547,0.341,0.345,0.186,0.106,0.134,0.134
1,1,2,2,4,60.990,59.740,0.348,0.344,0.188,0.101,0.139,0.129
2,1,4,4,16,61.437,60.187,0.343,0.361,0.190,0.101,0.127,0.127
3,1,6,6,36,60.143,58.903,0.341,0.353,0.188,0.100,0.131,0.127
4,1,8,8,64,60.476,59.215,0.356,0.344,0.189,0.108,0.135,0.128
5,1,12,12,144,60.367,59.160,0.323,0.353,0.190,0.099,0.132,0.110
6,1,16,16,256,61.225,60.098,0.238,0.353,0.191,0.101,0.131,0.114
7,1,20,20,400,62.681,61.672,0.165,0.328,0.192,0.101,0.132,0.091
8,1,24,24,576,68.285,67.542,0.191,0.413,0.029,0.027,0.049,0.034
9,1,32,32,1024,128.183,127.058,0.256,0.721,0.032,0.028,0.076,0.011
10,1,40,40,1600,209.343,207.781,0.318,1.076,0.032,0.029,0.096,0.010
11,1,48,48,2304,310.262,308.216,0.382,1.428,0.034,0.027,0.163,0.012
12,1,64,64,4096,623.462,620.459,0.505,2.452,0.033,0.000,0.000,0.012
FINAL_DECODE_MS,114.573
=== SCALE_GPU_PROFILE_END ===

BENCH_MEASURE Sequential-B1 2 seconds=3.874139 img_s=0.516244 peak_gb=37.105

=== SCALE_GPU_PROFILE_BEGIN ===
scale,t,h,w,tokens,total_ms,transformer_ms,logits_ms,sampling_ms,codes_ms,next_scale_ms,word_embed_ms,other_ms
0,1,1,1,1,54.308,52.996,0.378,0.349,0.205,0.109,0.134,0.137
1,1,2,2,4,60.649,59.405,0.339,0.351,0.195,0.102,0.131,0.127
2,1,4,4,16,60.694,59.454,0.343,0.342,0.201,0.102,0.127,0.126
3,1,6,6,36,61.463,60.087,0.364,0.425,0.204,0.110,0.140,0.132
4,1,8,8,64,60.409,59.145,0.344,0.346,0.195,0.111,0.132,0.135
5,1,12,12,144,60.614,59.402,0.331,0.346,0.195,0.101,0.130,0.109
6,1,16,16,256,61.475,60.320,0.254,0.348,0.203,0.102,0.133,0.114
7,1,20,20,400,62.513,61.509,0.164,0.339,0.193,0.100,0.131,0.078
8,1,24,24,576,68.904,68.164,0.191,0.411,0.029,0.026,0.050,0.034
9,1,32,32,1024,127.749,126.635,0.256,0.712,0.033,0.028,0.074,0.011
10,1,40,40,1600,209.763,208.205,0.317,1.074,0.031,0.029,0.097,0.010
11,1,48,48,2304,310.438,308.391,0.386,1.428,0.034,0.027,0.161,0.011
12,1,64,64,4096,623.627,620.565,0.519,2.498,0.034,0.000,0.000,0.011
FINAL_DECODE_MS,115.069
=== SCALE_GPU_PROFILE_END ===


=== SCALE_GPU_PROFILE_BEGIN ===
scale,t,h,w,tokens,total_ms,transformer_ms,logits_ms,sampling_ms,codes_ms,next_scale_ms,word_embed_ms,other_ms
0,1,1,1,1,54.559,53.302,0.335,0.366,0.187,0.106,0.131,0.131
1,1,2,2,4,60.640,59.397,0.341,0.342,0.194,0.102,0.130,0.134
2,1,4,4,16,60.656,59.411,0.349,0.345,0.191,0.101,0.132,0.126
3,1,6,6,36,60.448,59.202,0.343,0.345,0.198,0.102,0.132,0.127
4,1,8,8,64,60.289,59.052,0.338,0.353,0.189,0.100,0.132,0.125
5,1,12,12,144,60.432,59.203,0.335,0.349,0.192,0.109,0.133,0.112
6,1,16,16,256,61.544,60.427,0.225,0.358,0.191,0.102,0.132,0.110
7,1,20,20,400,62.270,61.254,0.163,0.344,0.190,0.100,0.139,0.081
8,1,24,24,576,68.851,68.108,0.190,0.413,0.029,0.026,0.051,0.035
9,1,32,32,1024,127.958,126.826,0.259,0.727,0.033,0.029,0.075,0.010
10,1,40,40,1600,210.269,208.711,0.315,1.074,0.031,0.029,0.097,0.012
11,1,48,48,2304,309.732,307.677,0.388,1.435,0.034,0.027,0.162,0.010
12,1,64,64,4096,623.706,620.668,0.512,2.480,0.033,0.000,0.000,0.013
FINAL_DECODE_MS,114.918
=== SCALE_GPU_PROFILE_END ===

BENCH_MEASURE Sequential-B1 3 seconds=3.879329 img_s=0.515553 peak_gb=37.105
RESULT Sequential-B1 mean_s=3.877920 mean_img_s=0.515741 peak_gb=37.105
BENCH_WARMUP_BEGIN Fixed-B2

=== SCALE_GPU_PROFILE_BEGIN ===
scale,t,h,w,tokens,total_ms,transformer_ms,logits_ms,sampling_ms,codes_ms,next_scale_ms,word_embed_ms,other_ms
0,1,1,1,1,1108.846,612.641,494.804,0.531,0.317,0.137,0.266,0.149
1,1,2,2,4,1849.902,1314.573,533.915,0.519,0.282,0.143,0.305,0.165
2,1,4,4,16,70.584,69.173,0.414,0.357,0.212,0.103,0.173,0.151
3,1,6,6,36,72.403,69.660,0.370,0.347,0.210,0.102,1.587,0.128
4,1,8,8,64,69.724,66.830,0.359,0.359,0.208,0.100,1.754,0.113
5,1,12,12,144,68.341,67.070,0.236,0.348,0.218,0.103,0.256,0.110
6,1,16,16,256,70.216,67.678,0.182,0.356,0.072,0.113,1.739,0.077
7,1,20,20,400,98.279,97.229,0.238,0.572,0.030,0.038,0.124,0.049
8,1,24,24,576,134.649,133.343,0.308,0.801,0.033,0.039,0.089,0.035
9,1,32,32,1024,241.207,239.274,0.349,1.325,0.032,0.041,0.175,0.010
10,1,40,40,1600,403.772,400.650,0.559,2.239,0.038,0.048,0.201,0.038
11,1,48,48,2304,622.295,618.463,0.627,2.789,0.036,0.039,0.329,0.011
12,1,64,64,4096,1231.420,1225.606,0.811,4.952,0.038,0.000,0.000,0.014
FINAL_DECODE_MS,241.099
=== SCALE_GPU_PROFILE_END ===

BENCH_WARMUP Fixed-B2 seconds=6.292480 img_s=0.317840 peak_gb=55.138

=== SCALE_GPU_PROFILE_BEGIN ===
scale,t,h,w,tokens,total_ms,transformer_ms,logits_ms,sampling_ms,codes_ms,next_scale_ms,word_embed_ms,other_ms
0,1,1,1,1,58.608,57.237,0.357,0.402,0.213,0.117,0.142,0.142
1,1,2,2,4,77.462,76.209,0.351,0.354,0.189,0.101,0.131,0.127
2,1,4,4,16,62.829,61.581,0.355,0.353,0.188,0.101,0.128,0.124
3,1,6,6,36,61.451,60.189,0.358,0.346,0.191,0.101,0.139,0.126
4,1,8,8,64,61.008,59.770,0.354,0.343,0.191,0.099,0.133,0.118
5,1,12,12,144,62.475,61.385,0.200,0.354,0.192,0.102,0.132,0.109
6,1,16,16,256,64.289,63.402,0.187,0.370,0.028,0.100,0.132,0.068
7,1,20,20,400,96.726,95.727,0.239,0.587,0.031,0.041,0.059,0.043
8,1,24,24,576,134.592,133.341,0.300,0.781,0.033,0.039,0.087,0.011
9,1,32,32,1024,240.954,239.046,0.351,1.339,0.033,0.043,0.131,0.011
10,1,40,40,1600,404.290,401.288,0.516,2.189,0.038,0.047,0.201,0.012
11,1,48,48,2304,621.692,617.831,0.636,2.811,0.036,0.040,0.326,0.011
12,1,64,64,4096,1226.561,1220.841,0.801,4.868,0.037,0.000,0.000,0.013
FINAL_DECODE_MS,180.807
=== SCALE_GPU_PROFILE_END ===

BENCH_MEASURE Fixed-B2 1 seconds=3.356707 img_s=0.595822 peak_gb=55.126

=== SCALE_GPU_PROFILE_BEGIN ===
scale,t,h,w,tokens,total_ms,transformer_ms,logits_ms,sampling_ms,codes_ms,next_scale_ms,word_embed_ms,other_ms
0,1,1,1,1,57.841,56.527,0.380,0.357,0.197,0.114,0.137,0.129
1,1,2,2,4,61.661,60.395,0.352,0.350,0.206,0.102,0.132,0.125
2,1,4,4,16,61.459,60.198,0.353,0.353,0.198,0.101,0.129,0.126
3,1,6,6,36,61.339,60.066,0.361,0.346,0.197,0.107,0.134,0.128
4,1,8,8,64,61.279,60.030,0.346,0.352,0.204,0.103,0.132,0.113
5,1,12,12,144,62.558,61.441,0.228,0.346,0.195,0.100,0.140,0.108
6,1,16,16,256,64.291,63.392,0.190,0.378,0.029,0.101,0.133,0.069
7,1,20,20,400,96.007,95.025,0.239,0.580,0.031,0.041,0.058,0.034
8,1,24,24,576,135.140,133.873,0.302,0.793,0.032,0.040,0.089,0.011
9,1,32,32,1024,240.616,238.708,0.352,1.338,0.034,0.043,0.131,0.010
10,1,40,40,1600,405.461,402.522,0.497,2.153,0.037,0.045,0.194,0.012
11,1,48,48,2304,618.005,614.140,0.642,2.813,0.034,0.039,0.326,0.011
12,1,64,64,4096,1231.936,1226.152,0.805,4.926,0.039,0.000,0.000,0.013
FINAL_DECODE_MS,180.364
=== SCALE_GPU_PROFILE_END ===

BENCH_MEASURE Fixed-B2 2 seconds=3.340933 img_s=0.598635 peak_gb=55.125

=== SCALE_GPU_PROFILE_BEGIN ===
scale,t,h,w,tokens,total_ms,transformer_ms,logits_ms,sampling_ms,codes_ms,next_scale_ms,word_embed_ms,other_ms
0,1,1,1,1,58.295,57.035,0.341,0.348,0.190,0.109,0.132,0.140
1,1,2,2,4,61.392,60.143,0.357,0.344,0.190,0.100,0.131,0.127
2,1,4,4,16,61.647,60.389,0.358,0.354,0.191,0.100,0.127,0.127
3,1,6,6,36,61.696,60.448,0.344,0.342,0.189,0.101,0.131,0.140
4,1,8,8,64,60.886,59.644,0.356,0.344,0.191,0.109,0.133,0.109
5,1,12,12,144,62.725,61.637,0.209,0.348,0.191,0.100,0.132,0.108
6,1,16,16,256,64.344,63.449,0.189,0.367,0.029,0.102,0.132,0.075
7,1,20,20,400,96.939,95.955,0.237,0.582,0.031,0.040,0.058,0.034
8,1,24,24,576,136.295,135.028,0.304,0.794,0.032,0.039,0.088,0.011
9,1,32,32,1024,240.807,238.903,0.350,1.337,0.034,0.043,0.130,0.010
10,1,40,40,1600,402.354,399.359,0.512,2.185,0.039,0.046,0.201,0.013
11,1,48,48,2304,619.429,615.530,0.629,2.852,0.036,0.040,0.332,0.011
12,1,64,64,4096,1232.984,1227.076,0.827,5.029,0.039,0.000,0.000,0.013
FINAL_DECODE_MS,178.523
=== SCALE_GPU_PROFILE_END ===

BENCH_MEASURE Fixed-B2 3 seconds=3.341065 img_s=0.598611 peak_gb=55.125
RESULT Fixed-B2 mean_s=3.346235 mean_img_s=0.597690 peak_gb=55.126
BENCH_WARMUP_BEGIN ScaleAware
BENCH_WARMUP ScaleAware seconds=3.793408 img_s=0.527230 peak_gb=80.293
BENCH_MEASURE ScaleAware 1 seconds=3.776391 img_s=0.529606 peak_gb=80.291
BENCH_MEASURE ScaleAware 2 seconds=3.795493 img_s=0.526941 peak_gb=80.284
BENCH_MEASURE ScaleAware 3 seconds=3.787984 img_s=0.527985 peak_gb=80.285
RESULT ScaleAware mean_s=3.786623 mean_img_s=0.528177 peak_gb=80.291
SCALEAWARE_VS_SEQUENTIAL_GAIN_PCT 2.41
SCALEAWARE_FIXED_B2_THROUGHPUT_PCT 88.37
PIPELINE_BENCHMARK_OK
===== 8B REPEAT END =====
Fri Oct  9 01:21:48 KST 2026
