/scratch/e2032a10/Infinity/.venv_inf/lib64/python3.9/site-packages/networkx/utils/backends.py:135: RuntimeWarning: networkx backend defined more than once: nx-loopback
  backends.update(_get_backends("networkx.backends"))
`torch_dtype` is deprecated! Use `dtype` instead!
Loading checkpoint shards:   0%|          | 0/2 [00:00<?, ?it/s]Loading checkpoint shards:  50%|█████     | 1/2 [00:00<00:00,  1.25it/s]Loading checkpoint shards: 100%|██████████| 2/2 [00:00<00:00,  2.50it/s]
/scratch/e2032a10/Infinity/tools/run_infinity_batch_repeat.py:180: FutureWarning: `torch.cuda.amp.autocast(args...)` is deprecated. Please use `torch.amp.autocast('cuda', args...)` instead.
  with torch.cuda.amp.autocast(enabled=True, dtype=torch.bfloat16, cache_enabled=True), torch.no_grad():
/scratch/e2032a10/Infinity/tools/run_scale_pipeline_benchmark_8b.py:136: FutureWarning: `torch.cuda.amp.autocast(args...)` is deprecated. Please use `torch.amp.autocast('cuda', args...)` instead.
  with torch.cuda.amp.autocast(
/scratch/e2032a10/Infinity/infinity/models/basic.py:495: FutureWarning: `torch.cuda.amp.autocast(args...)` is deprecated. Please use `torch.amp.autocast('cuda', args...)` instead.
  with torch.cuda.amp.autocast(enabled=False):    # disable half precision
/scratch/e2032a10/Infinity/infinity/models/basic.py:495: FutureWarning: `torch.cuda.amp.autocast(args...)` is deprecated. Please use `torch.amp.autocast('cuda', args...)` instead.
  with torch.cuda.amp.autocast(enabled=False):    # disable half precision
/scratch/e2032a10/Infinity/.venv_inf/lib64/python3.9/site-packages/networkx/utils/backends.py:135: RuntimeWarning: networkx backend defined more than once: nx-loopback
  backends.update(_get_backends("networkx.backends"))
/scratch/e2032a10/Infinity/infinity/models/basic.py:495: FutureWarning: `torch.cuda.amp.autocast(args...)` is deprecated. Please use `torch.amp.autocast('cuda', args...)` instead.
  with torch.cuda.amp.autocast(enabled=False):    # disable half precision
/scratch/e2032a10/Infinity/infinity/models/basic.py:495: FutureWarning: `torch.cuda.amp.autocast(args...)` is deprecated. Please use `torch.amp.autocast('cuda', args...)` instead.
  with torch.cuda.amp.autocast(enabled=False):    # disable half precision
/scratch/e2032a10/Infinity/infinity/models/basic.py:495: FutureWarning: `torch.cuda.amp.autocast(args...)` is deprecated. Please use `torch.amp.autocast('cuda', args...)` instead.
  with torch.cuda.amp.autocast(enabled=False):    # disable half precision
/scratch/e2032a10/Infinity/infinity/models/basic.py:495: FutureWarning: `torch.cuda.amp.autocast(args...)` is deprecated. Please use `torch.amp.autocast('cuda', args...)` instead.
  with torch.cuda.amp.autocast(enabled=False):    # disable half precision
/scratch/e2032a10/Infinity/infinity/models/basic.py:495: FutureWarning: `torch.cuda.amp.autocast(args...)` is deprecated. Please use `torch.amp.autocast('cuda', args...)` instead.
  with torch.cuda.amp.autocast(enabled=False):    # disable half precision
/scratch/e2032a10/Infinity/infinity/models/basic.py:495: FutureWarning: `torch.cuda.amp.autocast(args...)` is deprecated. Please use `torch.amp.autocast('cuda', args...)` instead.
  with torch.cuda.amp.autocast(enabled=False):    # disable half precision
/scratch/e2032a10/Infinity/infinity/models/basic.py:495: FutureWarning: `torch.cuda.amp.autocast(args...)` is deprecated. Please use `torch.amp.autocast('cuda', args...)` instead.
  with torch.cuda.amp.autocast(enabled=False):    # disable half precision
Traceback (most recent call last):
  File "/scratch/e2032a10/Infinity/tools/run_scale_pipeline_benchmark_8b.py", line 141, in <module>
    wsec, wips, wmem = measure(fn, args.seed + 10000)
  File "/scratch/e2032a10/Infinity/tools/run_scale_pipeline_benchmark_8b.py", line 122, in measure
    fn(seed)
  File "/scratch/e2032a10/Infinity/tools/run_scale_pipeline_benchmark_8b.py", line 112, in run_scaleaware
    runtime.run_scale_batch(
  File "/scratch/e2032a10/Infinity/.venv_inf/lib64/python3.9/site-packages/torch/utils/_contextlib.py", line 116, in decorate_context
    return func(*args, **kwargs)
  File "/scratch/e2032a10/Infinity/tools/scale_pipeline_runtime.py", line 377, in run_scale_batch
    new_cache_parts = split_cfg_kv_cache(
  File "/scratch/e2032a10/Infinity/tools/kv_cache_state.py", line 36, in split_cfg_kv_cache
    ki = k.index_select(0, idx).detach().clone()
torch.OutOfMemoryError: CUDA out of memory. Tried to allocate 288.00 MiB. GPU 0 has a total capacity of 79.25 GiB of which 279.94 MiB is free. Including non-PyTorch memory, this process has 78.97 GiB memory in use. Of the allocated memory 70.51 GiB is allocated by PyTorch, and 7.95 GiB is reserved by PyTorch but unallocated. If reserved but unallocated memory is large try setting PYTORCH_CUDA_ALLOC_CONF=expandable_segments:True to avoid fragmentation.  See documentation for Memory Management  (https://pytorch.org/docs/stable/notes/cuda.html#environment-variables)
