==========================================
SLURM_JOB_ID = 927568
SLURM_NODELIST = gpu39
==========================================
===== JOB INFO =====
Thu Oct  8 23:11:57 KST 2026
gpu39
NVIDIA A100-SXM4-80GB, 81920 MiB, 580.105.08
torch= 2.7.1+cu128 cuda= 12.8 gpu= NVIDIA A100-SXM4-80GB
===== 8B REPEAT START =====
[Loading tokenizer and text encoder]
load checkpoint from weights/infinity_2b_reg.pth
[Loading Infinity]
self.codebook_dim: 32, self.add_lvl_embeding_only_first_block: 0,             self.use_bit_label: 1, self.rope2d_each_sa_layer: 1, self.rope2d_normalized_by_hw: 2
self.num_blocks_in_a_chunk=4, depth=32, block_chunks=8

[constructor]  ==== customized_flash_attn=False (using_flash=0/32), fused_mlp=False (fused_mlp=0/32) ==== 
    [Infinity config ] embed_dim=2048, num_heads=16, depth=32, mlp_ratio=4, swiglu=False num_blocks_in_a_chunk=4
    [drop ratios] drop_rate=0.0, drop_path_rate=0.1 (tensor([0.0000, 0.0032, 0.0065, 0.0097, 0.0129, 0.0161, 0.0194, 0.0226, 0.0258,
        0.0290, 0.0323, 0.0355, 0.0387, 0.0419, 0.0452, 0.0484, 0.0516, 0.0548,
        0.0581, 0.0613, 0.0645, 0.0677, 0.0710, 0.0742, 0.0774, 0.0806, 0.0839,
        0.0871, 0.0903, 0.0935, 0.0968, 0.1000]))

[you selected Infinity with model_kwargs={'depth': 32, 'embed_dim': 2048, 'num_heads': 16, 'drop_path_rate': 0.1, 'mlp_ratio': 4, 'block_chunks': 8}] model size: 2.20B, bf16=1
[Load Infinity weights]
<All keys matched successfully>
REPEAT_CONFIG warmup=2 measured=5 batch_size=7
===== WARMUP_1_BEGIN =====
prompt=a photo of a red panda sitting on a wooden chair
cfg: [3.0, 3.0, 3.0, 3.0, 3.0, 3.0, 3.0, 3.0, 3.0, 3.0, 3.0, 3.0, 3.0], tau: [0.5, 0.5, 0.5, 0.5, 0.5, 0.5, 0.5, 0.5, 0.5, 0.5, 0.5, 0.5, 0.5]

=== SCALE_GPU_PROFILE_BEGIN ===
scale,t,h,w,tokens,total_ms,transformer_ms,logits_ms,sampling_ms,codes_ms,next_scale_ms,word_embed_ms,other_ms
0,1,1,1,1,3180.973,2751.087,371.206,55.376,1.719,0.648,0.670,0.266
1,1,2,2,4,1235.823,884.035,350.334,0.554,0.308,0.358,0.036,0.199
2,1,4,4,16,54.075,52.511,0.386,0.412,0.204,0.412,0.029,0.121
3,1,6,6,36,53.309,51.908,0.389,0.282,0.180,0.476,0.033,0.041
4,1,8,8,64,54.813,53.375,0.320,0.375,0.033,0.630,0.054,0.026
5,1,12,12,144,94.283,92.328,0.327,0.649,0.033,0.852,0.068,0.026
6,1,16,16,256,143.946,141.636,0.333,0.849,0.027,1.003,0.074,0.023
7,1,20,20,400,201.419,198.364,0.382,1.269,0.028,1.246,0.107,0.024
8,1,24,24,576,283.735,279.904,0.528,1.752,0.029,1.322,0.175,0.024
9,1,32,32,1024,512.656,507.215,0.711,3.046,0.032,1.371,0.256,0.025
10,1,40,40,1600,839.177,831.759,0.942,4.640,0.034,1.423,0.355,0.025
11,1,48,48,2304,1304.776,1295.421,1.225,6.549,0.037,0.911,0.608,0.024
12,1,64,64,4096,3164.551,3150.701,2.037,11.741,0.048,0.000,0.000,0.025
FINAL_DECODE_MS,2337.241
=== SCALE_GPU_PROFILE_END ===

cost: 14.164620637893677, infinity cost=13.50400447845459
===== WARMUP_1_END =====
===== WARMUP_2_BEGIN =====
prompt=a photo of a red panda sitting on a wooden chair
cfg: [3.0, 3.0, 3.0, 3.0, 3.0, 3.0, 3.0, 3.0, 3.0, 3.0, 3.0, 3.0, 3.0], tau: [0.5, 0.5, 0.5, 0.5, 0.5, 0.5, 0.5, 0.5, 0.5, 0.5, 0.5, 0.5, 0.5]

=== SCALE_GPU_PROFILE_BEGIN ===
scale,t,h,w,tokens,total_ms,transformer_ms,logits_ms,sampling_ms,codes_ms,next_scale_ms,word_embed_ms,other_ms
0,1,1,1,1,51.183,49.612,0.474,0.462,0.198,0.261,0.024,0.152
1,1,2,2,4,55.045,53.638,0.399,0.392,0.182,0.292,0.023,0.119
2,1,4,4,16,52.140,50.758,0.377,0.376,0.185,0.343,0.025,0.077
3,1,6,6,36,52.298,50.989,0.326,0.335,0.179,0.383,0.029,0.057
4,1,8,8,64,53.541,52.220,0.249,0.306,0.154,0.536,0.036,0.038
5,1,12,12,144,80.405,78.799,0.268,0.531,0.027,0.699,0.057,0.023
6,1,16,16,256,135.078,132.770,0.341,0.845,0.027,0.998,0.074,0.023
7,1,20,20,400,202.377,199.295,0.402,1.274,0.029,1.245,0.109,0.023
8,1,24,24,576,285.063,281.254,0.511,1.753,0.030,1.317,0.174,0.023
9,1,32,32,1024,514.334,508.920,0.711,3.031,0.031,1.360,0.256,0.024
10,1,40,40,1600,842.558,835.212,0.938,4.586,0.034,1.409,0.355,0.024
11,1,48,48,2304,1499.580,1490.252,1.238,6.516,0.038,0.905,0.607,0.024
12,1,64,64,4096,2677.345,2663.381,2.066,11.825,0.046,0.000,0.000,0.026
FINAL_DECODE_MS,1347.057
=== SCALE_GPU_PROFILE_END ===

cost: 7.98682427406311, infinity cost=7.8516998291015625
===== WARMUP_2_END =====
===== MEASURE_1_BEGIN =====
prompt=a photo of a red panda sitting on a wooden chair
cfg: [3.0, 3.0, 3.0, 3.0, 3.0, 3.0, 3.0, 3.0, 3.0, 3.0, 3.0, 3.0, 3.0], tau: [0.5, 0.5, 0.5, 0.5, 0.5, 0.5, 0.5, 0.5, 0.5, 0.5, 0.5, 0.5, 0.5]

=== SCALE_GPU_PROFILE_BEGIN ===
scale,t,h,w,tokens,total_ms,transformer_ms,logits_ms,sampling_ms,codes_ms,next_scale_ms,word_embed_ms,other_ms
0,1,1,1,1,46.906,45.361,0.460,0.473,0.197,0.256,0.022,0.138
1,1,2,2,4,51.243,49.891,0.373,0.375,0.178,0.281,0.022,0.124
2,1,4,4,16,51.234,49.885,0.364,0.371,0.174,0.341,0.024,0.075
3,1,6,6,36,52.208,50.902,0.326,0.338,0.178,0.380,0.027,0.057
4,1,8,8,64,53.352,52.034,0.238,0.307,0.162,0.534,0.038,0.038
5,1,12,12,144,80.461,78.844,0.280,0.531,0.027,0.700,0.056,0.023
6,1,16,16,256,135.092,132.797,0.329,0.845,0.028,0.995,0.075,0.023
7,1,20,20,400,201.927,198.862,0.387,1.275,0.029,1.243,0.108,0.023
8,1,24,24,576,285.683,281.865,0.496,1.761,0.030,1.333,0.175,0.023
9,1,32,32,1024,518.047,512.612,0.711,3.047,0.031,1.364,0.257,0.024
10,1,40,40,1600,845.220,837.675,0.954,4.715,0.036,1.451,0.365,0.024
11,1,48,48,2304,1306.250,1296.681,1.261,6.698,0.037,0.930,0.619,0.024
12,1,64,64,4096,2615.992,2601.990,2.051,11.880,0.047,0.000,0.000,0.023
FINAL_DECODE_MS,1351.751
=== SCALE_GPU_PROFILE_END ===

cost: 7.7333083152771, infinity cost=7.598567008972168
===== MEASURE_1_END =====
===== MEASURE_2_BEGIN =====
prompt=a photo of a red panda sitting on a wooden chair
cfg: [3.0, 3.0, 3.0, 3.0, 3.0, 3.0, 3.0, 3.0, 3.0, 3.0, 3.0, 3.0, 3.0], tau: [0.5, 0.5, 0.5, 0.5, 0.5, 0.5, 0.5, 0.5, 0.5, 0.5, 0.5, 0.5, 0.5]

=== SCALE_GPU_PROFILE_BEGIN ===
scale,t,h,w,tokens,total_ms,transformer_ms,logits_ms,sampling_ms,codes_ms,next_scale_ms,word_embed_ms,other_ms
0,1,1,1,1,45.540,44.173,0.400,0.397,0.176,0.248,0.022,0.124
1,1,2,2,4,51.100,49.761,0.382,0.368,0.167,0.280,0.022,0.119
2,1,4,4,16,51.359,50.004,0.356,0.392,0.169,0.339,0.025,0.074
3,1,6,6,36,51.978,50.687,0.323,0.328,0.170,0.380,0.027,0.063
4,1,8,8,64,53.160,51.844,0.261,0.307,0.136,0.537,0.036,0.038
5,1,12,12,144,80.428,78.820,0.272,0.531,0.027,0.696,0.058,0.023
6,1,16,16,256,135.211,132.907,0.338,0.845,0.028,0.995,0.074,0.023
7,1,20,20,400,203.601,200.494,0.385,1.296,0.029,1.264,0.109,0.023
8,1,24,24,576,287.475,283.615,0.521,1.773,0.030,1.337,0.176,0.024
9,1,32,32,1024,517.688,512.228,0.710,3.052,0.032,1.381,0.260,0.024
10,1,40,40,1600,846.899,839.386,0.961,4.691,0.034,1.442,0.360,0.025
11,1,48,48,2304,1307.846,1298.219,1.269,6.737,0.038,0.935,0.623,0.025
12,1,64,64,4096,2621.818,2607.918,2.038,11.790,0.047,0.000,0.000,0.024
FINAL_DECODE_MS,1351.127
=== SCALE_GPU_PROFILE_END ===

cost: 7.743486642837524, infinity cost=7.609275579452515
===== MEASURE_2_END =====
===== MEASURE_3_BEGIN =====
prompt=a photo of a red panda sitting on a wooden chair
cfg: [3.0, 3.0, 3.0, 3.0, 3.0, 3.0, 3.0, 3.0, 3.0, 3.0, 3.0, 3.0, 3.0], tau: [0.5, 0.5, 0.5, 0.5, 0.5, 0.5, 0.5, 0.5, 0.5, 0.5, 0.5, 0.5, 0.5]

=== SCALE_GPU_PROFILE_BEGIN ===
scale,t,h,w,tokens,total_ms,transformer_ms,logits_ms,sampling_ms,codes_ms,next_scale_ms,word_embed_ms,other_ms
0,1,1,1,1,45.978,44.471,0.452,0.452,0.194,0.252,0.021,0.136
1,1,2,2,4,51.147,49.794,0.388,0.369,0.176,0.281,0.022,0.117
2,1,4,4,16,51.220,49.868,0.366,0.372,0.176,0.342,0.025,0.072
3,1,6,6,36,51.963,50.668,0.320,0.334,0.176,0.381,0.027,0.057
4,1,8,8,64,53.205,51.878,0.286,0.306,0.121,0.536,0.039,0.039
5,1,12,12,144,80.455,78.832,0.291,0.530,0.027,0.695,0.056,0.023
6,1,16,16,256,135.472,133.144,0.328,0.858,0.028,1.016,0.074,0.023
7,1,20,20,400,203.978,200.866,0.399,1.291,0.029,1.260,0.109,0.023
8,1,24,24,576,287.446,283.556,0.519,1.791,0.030,1.348,0.178,0.024
9,1,32,32,1024,518.926,513.492,0.711,3.032,0.031,1.377,0.258,0.024
10,1,40,40,1600,848.226,840.715,0.962,4.690,0.034,1.441,0.360,0.024
11,1,48,48,2304,1313.038,1303.410,1.270,6.736,0.038,0.935,0.623,0.025
12,1,64,64,4096,2626.798,2612.731,2.098,11.898,0.047,0.000,0.000,0.024
FINAL_DECODE_MS,1350.558
=== SCALE_GPU_PROFILE_END ===

cost: 7.756314277648926, infinity cost=7.621692180633545
===== MEASURE_3_END =====
===== MEASURE_4_BEGIN =====
prompt=a photo of a red panda sitting on a wooden chair
cfg: [3.0, 3.0, 3.0, 3.0, 3.0, 3.0, 3.0, 3.0, 3.0, 3.0, 3.0, 3.0, 3.0], tau: [0.5, 0.5, 0.5, 0.5, 0.5, 0.5, 0.5, 0.5, 0.5, 0.5, 0.5, 0.5, 0.5]

=== SCALE_GPU_PROFILE_BEGIN ===
scale,t,h,w,tokens,total_ms,transformer_ms,logits_ms,sampling_ms,codes_ms,next_scale_ms,word_embed_ms,other_ms
0,1,1,1,1,45.784,44.391,0.399,0.423,0.174,0.249,0.021,0.126
1,1,2,2,4,51.062,49.720,0.374,0.379,0.168,0.281,0.022,0.118
2,1,4,4,16,51.140,49.796,0.357,0.372,0.170,0.340,0.024,0.081
3,1,6,6,36,51.916,50.619,0.313,0.349,0.168,0.382,0.028,0.056
4,1,8,8,64,53.050,51.727,0.256,0.307,0.145,0.539,0.036,0.039
5,1,12,12,144,80.485,78.881,0.268,0.530,0.027,0.700,0.056,0.023
6,1,16,16,256,135.550,133.231,0.327,0.854,0.028,1.012,0.075,0.023
7,1,20,20,400,203.708,200.578,0.386,1.304,0.029,1.276,0.111,0.024
8,1,24,24,576,287.933,284.063,0.521,1.779,0.030,1.340,0.176,0.024
9,1,32,32,1024,520.030,514.557,0.718,3.063,0.031,1.378,0.258,0.024
10,1,40,40,1600,848.068,840.540,0.976,4.690,0.034,1.442,0.361,0.024
11,1,48,48,2304,1315.158,1305.521,1.280,6.737,0.039,0.933,0.624,0.024
12,1,64,64,4096,2623.181,2609.266,2.071,11.774,0.046,0.000,0.000,0.024
FINAL_DECODE_MS,1349.462
=== SCALE_GPU_PROFILE_END ===

cost: 7.753839015960693, infinity cost=7.619654893875122
===== MEASURE_4_END =====
===== MEASURE_5_BEGIN =====
prompt=a photo of a red panda sitting on a wooden chair
cfg: [3.0, 3.0, 3.0, 3.0, 3.0, 3.0, 3.0, 3.0, 3.0, 3.0, 3.0, 3.0, 3.0], tau: [0.5, 0.5, 0.5, 0.5, 0.5, 0.5, 0.5, 0.5, 0.5, 0.5, 0.5, 0.5, 0.5]

=== SCALE_GPU_PROFILE_BEGIN ===
scale,t,h,w,tokens,total_ms,transformer_ms,logits_ms,sampling_ms,codes_ms,next_scale_ms,word_embed_ms,other_ms
0,1,1,1,1,45.257,43.893,0.394,0.393,0.184,0.247,0.021,0.124
1,1,2,2,4,50.890,49.550,0.385,0.370,0.168,0.280,0.022,0.115
2,1,4,4,16,51.005,49.660,0.366,0.370,0.170,0.341,0.024,0.073
3,1,6,6,36,51.939,50.632,0.337,0.335,0.166,0.383,0.028,0.057
4,1,8,8,64,53.191,51.878,0.280,0.307,0.116,0.534,0.038,0.038
5,1,12,12,144,80.443,78.822,0.283,0.530,0.028,0.700,0.056,0.023
6,1,16,16,256,135.720,133.381,0.337,0.858,0.028,1.017,0.075,0.023
7,1,20,20,400,203.013,199.934,0.401,1.275,0.028,1.244,0.108,0.023
8,1,24,24,576,288.106,284.195,0.523,1.800,0.030,1.356,0.178,0.024
9,1,32,32,1024,517.854,512.437,0.715,3.029,0.032,1.361,0.256,0.025
10,1,40,40,1600,848.029,840.402,0.988,4.754,0.036,1.459,0.366,0.024
11,1,48,48,2304,1316.513,1306.885,1.251,6.755,0.038,0.935,0.624,0.024
12,1,64,64,4096,2621.451,2607.390,2.066,11.924,0.048,0.000,0.000,0.024
FINAL_DECODE_MS,1351.259
=== SCALE_GPU_PROFILE_END ===

cost: 7.751962900161743, infinity cost=7.617694854736328
===== MEASURE_5_END =====
Save to /scratch/e2032a10/Infinity/outputs/a100_2b_b7_repeat.jpg
===== 8B REPEAT END =====
Thu Oct  8 23:13:26 KST 2026
