==========================================
SLURM_JOB_ID = 927648
SLURM_NODELIST = gpu36
==========================================
===== JOB INFO =====
Fri Oct  9 01:07:08 KST 2026
gpu36
NVIDIA A100-SXM4-80GB, 81920 MiB, 580.105.08
torch= 2.7.1+cu128 cuda= 12.8 gpu= NVIDIA A100-SXM4-80GB
===== 8B REPEAT START =====
[Loading tokenizer and text encoder]
load checkpoint from weights/infinity_2b_reg.pth
[Loading Infinity]
self.codebook_dim: 32, self.add_lvl_embeding_only_first_block: 0,             self.use_bit_label: 1, self.rope2d_each_sa_layer: 1, self.rope2d_normalized_by_hw: 2
self.num_blocks_in_a_chunk=4, depth=32, block_chunks=8

[constructor]  ==== customized_flash_attn=False (using_flash=0/32), fused_mlp=False (fused_mlp=0/32) ==== 
    [Infinity config ] embed_dim=2048, num_heads=16, depth=32, mlp_ratio=4, swiglu=False num_blocks_in_a_chunk=4
    [drop ratios] drop_rate=0.0, drop_path_rate=0.1 (tensor([0.0000, 0.0032, 0.0065, 0.0097, 0.0129, 0.0161, 0.0194, 0.0226, 0.0258,
        0.0290, 0.0323, 0.0355, 0.0387, 0.0419, 0.0452, 0.0484, 0.0516, 0.0548,
        0.0581, 0.0613, 0.0645, 0.0677, 0.0710, 0.0742, 0.0774, 0.0806, 0.0839,
        0.0871, 0.0903, 0.0935, 0.0968, 0.1000]))

[you selected Infinity with model_kwargs={'depth': 32, 'embed_dim': 2048, 'num_heads': 16, 'drop_path_rate': 0.1, 'mlp_ratio': 4, 'block_chunks': 8}] model size: 2.20B, bf16=1
[Load Infinity weights]
<All keys matched successfully>
prompt=a photo of a red panda sitting on a wooden chair
PIPELINE_BENCHMARK_BEGIN
prompt=a photo of a red panda sitting on a wooden chair
BENCH_WARMUP_BEGIN Sequential-B1

=== SCALE_GPU_PROFILE_BEGIN ===
scale,t,h,w,tokens,total_ms,transformer_ms,logits_ms,sampling_ms,codes_ms,next_scale_ms,word_embed_ms,other_ms
0,1,1,1,1,2815.494,2540.040,246.878,25.624,1.730,0.497,0.448,0.278
1,1,2,2,4,928.607,520.867,406.481,0.519,0.256,0.117,0.159,0.207
2,1,4,4,16,80.912,54.681,0.417,0.397,0.192,0.095,24.958,0.173
3,1,6,6,36,56.950,55.594,0.384,0.375,0.192,0.097,0.136,0.172
4,1,8,8,64,52.899,51.538,0.376,0.373,0.199,0.125,0.161,0.127
5,1,12,12,144,294.594,293.307,0.394,0.353,0.195,0.155,0.096,0.094
6,1,16,16,256,53.370,52.211,0.316,0.303,0.202,0.209,0.037,0.094
7,1,20,20,400,54.789,53.730,0.127,0.401,0.180,0.249,0.037,0.065
8,1,24,24,576,57.895,56.925,0.162,0.433,0.032,0.241,0.053,0.049
9,1,32,32,1024,99.076,98.066,0.177,0.536,0.026,0.200,0.046,0.023
10,1,40,40,1600,129.897,128.583,0.205,0.781,0.028,0.214,0.063,0.024
11,1,48,48,2304,201.116,199.461,0.245,1.103,0.028,0.143,0.110,0.025
12,1,64,64,4096,389.779,387.492,0.404,1.832,0.029,0.000,0.000,0.022
FINAL_DECODE_MS,390.261
=== SCALE_GPU_PROFILE_END ===


=== SCALE_GPU_PROFILE_BEGIN ===
scale,t,h,w,tokens,total_ms,transformer_ms,logits_ms,sampling_ms,codes_ms,next_scale_ms,word_embed_ms,other_ms
0,1,1,1,1,50.979,49.312,0.509,0.477,0.256,0.117,0.140,0.169
1,1,2,2,4,52.831,51.513,0.395,0.385,0.173,0.092,0.125,0.147
2,1,4,4,16,52.115,50.850,0.372,0.368,0.168,0.093,0.126,0.139
3,1,6,6,36,51.622,50.331,0.369,0.383,0.175,0.092,0.126,0.145
4,1,8,8,64,51.833,50.568,0.357,0.370,0.178,0.106,0.127,0.126
5,1,12,12,144,52.119,50.871,0.366,0.384,0.169,0.132,0.102,0.097
6,1,16,16,256,52.553,51.382,0.321,0.345,0.168,0.175,0.068,0.094
7,1,20,20,400,53.875,52.850,0.141,0.372,0.168,0.209,0.030,0.105
8,1,24,24,576,54.045,53.016,0.142,0.417,0.145,0.217,0.038,0.070
9,1,32,32,1024,87.635,86.607,0.172,0.534,0.026,0.199,0.048,0.048
10,1,40,40,1600,130.360,129.030,0.206,0.792,0.028,0.216,0.064,0.024
11,1,48,48,2304,201.705,200.047,0.251,1.103,0.028,0.144,0.108,0.025
12,1,64,64,4096,391.692,389.379,0.411,1.851,0.030,0.000,0.000,0.021
FINAL_DECODE_MS,245.116
=== SCALE_GPU_PROFILE_END ===


=== SCALE_GPU_PROFILE_BEGIN ===
scale,t,h,w,tokens,total_ms,transformer_ms,logits_ms,sampling_ms,codes_ms,next_scale_ms,word_embed_ms,other_ms
0,1,1,1,1,45.638,44.356,0.374,0.371,0.170,0.098,0.127,0.143
1,1,2,2,4,53.022,51.613,0.399,0.441,0.177,0.106,0.140,0.145
2,1,4,4,16,51.844,50.566,0.366,0.372,0.168,0.093,0.129,0.152
3,1,6,6,36,51.419,50.153,0.359,0.374,0.178,0.092,0.125,0.139
4,1,8,8,64,51.432,50.157,0.364,0.383,0.168,0.106,0.128,0.127
5,1,12,12,144,52.136,50.896,0.382,0.366,0.170,0.132,0.099,0.092
6,1,16,16,256,52.493,51.334,0.315,0.341,0.170,0.175,0.058,0.100
7,1,20,20,400,53.863,52.824,0.142,0.378,0.182,0.207,0.030,0.101
8,1,24,24,576,54.365,53.335,0.142,0.410,0.158,0.216,0.038,0.064
9,1,32,32,1024,87.848,86.816,0.175,0.535,0.026,0.199,0.047,0.049
10,1,40,40,1600,130.255,128.912,0.208,0.799,0.029,0.219,0.064,0.025
11,1,48,48,2304,203.199,201.526,0.252,1.114,0.028,0.145,0.111,0.024
12,1,64,64,4096,392.155,389.846,0.408,1.851,0.029,0.000,0.000,0.021
FINAL_DECODE_MS,245.109
=== SCALE_GPU_PROFILE_END ===


=== SCALE_GPU_PROFILE_BEGIN ===
scale,t,h,w,tokens,total_ms,transformer_ms,logits_ms,sampling_ms,codes_ms,next_scale_ms,word_embed_ms,other_ms
0,1,1,1,1,45.884,44.542,0.378,0.401,0.180,0.099,0.131,0.153
1,1,2,2,4,51.434,50.164,0.368,0.379,0.167,0.091,0.125,0.139
2,1,4,4,16,51.888,50.615,0.365,0.378,0.169,0.093,0.129,0.139
3,1,6,6,36,51.614,50.335,0.370,0.372,0.170,0.091,0.127,0.149
4,1,8,8,64,51.554,50.283,0.362,0.381,0.167,0.107,0.127,0.128
5,1,12,12,144,52.827,51.568,0.379,0.386,0.169,0.132,0.101,0.093
6,1,16,16,256,53.002,51.835,0.312,0.357,0.171,0.176,0.058,0.093
7,1,20,20,400,54.301,53.260,0.149,0.381,0.173,0.208,0.029,0.102
8,1,24,24,576,54.323,53.268,0.142,0.419,0.154,0.218,0.038,0.084
9,1,32,32,1024,87.741,86.704,0.177,0.535,0.026,0.200,0.048,0.050
10,1,40,40,1600,130.493,129.153,0.207,0.799,0.029,0.218,0.064,0.024
11,1,48,48,2304,202.637,200.962,0.254,1.115,0.028,0.145,0.109,0.024
12,1,64,64,4096,391.655,389.317,0.414,1.873,0.030,0.000,0.000,0.021
FINAL_DECODE_MS,245.304
=== SCALE_GPU_PROFILE_END ===

BENCH_WARMUP Sequential-B1 seconds=10.256420 img_s=0.390000 peak_gb=15.749

=== SCALE_GPU_PROFILE_BEGIN ===
scale,t,h,w,tokens,total_ms,transformer_ms,logits_ms,sampling_ms,codes_ms,next_scale_ms,word_embed_ms,other_ms
0,1,1,1,1,45.758,44.456,0.372,0.384,0.169,0.108,0.128,0.141
1,1,2,2,4,51.474,50.193,0.364,0.386,0.171,0.094,0.126,0.142
2,1,4,4,16,52.372,51.079,0.373,0.378,0.171,0.093,0.136,0.142
3,1,6,6,36,51.961,50.668,0.372,0.380,0.171,0.093,0.136,0.141
4,1,8,8,64,51.981,50.684,0.376,0.381,0.169,0.106,0.137,0.129
5,1,12,12,144,52.749,51.488,0.370,0.390,0.170,0.131,0.104,0.095
6,1,16,16,256,53.211,52.028,0.319,0.357,0.171,0.175,0.068,0.093
7,1,20,20,400,54.306,53.257,0.146,0.382,0.183,0.204,0.029,0.104
8,1,24,24,576,54.377,53.350,0.141,0.420,0.149,0.216,0.037,0.064
9,1,32,32,1024,87.715,86.681,0.178,0.535,0.026,0.200,0.047,0.049
10,1,40,40,1600,130.472,129.143,0.206,0.791,0.028,0.216,0.064,0.023
11,1,48,48,2304,202.920,201.244,0.253,1.114,0.028,0.145,0.110,0.023
12,1,64,64,4096,392.297,389.984,0.410,1.853,0.029,0.000,0.000,0.021
FINAL_DECODE_MS,245.591
=== SCALE_GPU_PROFILE_END ===


=== SCALE_GPU_PROFILE_BEGIN ===
scale,t,h,w,tokens,total_ms,transformer_ms,logits_ms,sampling_ms,codes_ms,next_scale_ms,word_embed_ms,other_ms
0,1,1,1,1,46.039,44.736,0.373,0.389,0.169,0.099,0.127,0.146
1,1,2,2,4,51.753,50.466,0.370,0.379,0.180,0.092,0.126,0.140
2,1,4,4,16,52.164,50.883,0.359,0.392,0.169,0.094,0.125,0.141
3,1,6,6,36,51.843,50.562,0.361,0.378,0.182,0.093,0.126,0.143
4,1,8,8,64,51.739,50.449,0.370,0.378,0.168,0.106,0.129,0.138
5,1,12,12,144,52.462,51.200,0.374,0.390,0.171,0.131,0.102,0.094
6,1,16,16,256,52.740,51.579,0.314,0.345,0.179,0.175,0.055,0.093
7,1,20,20,400,53.762,52.730,0.144,0.370,0.170,0.208,0.030,0.110
8,1,24,24,576,53.902,52.876,0.143,0.412,0.144,0.217,0.038,0.073
9,1,32,32,1024,87.718,86.685,0.175,0.535,0.026,0.199,0.048,0.049
10,1,40,40,1600,130.269,128.929,0.207,0.800,0.028,0.218,0.064,0.023
11,1,48,48,2304,203.287,201.616,0.250,1.115,0.028,0.145,0.110,0.023
12,1,64,64,4096,392.334,389.997,0.414,1.872,0.030,0.000,0.000,0.021
FINAL_DECODE_MS,245.743
=== SCALE_GPU_PROFILE_END ===


=== SCALE_GPU_PROFILE_BEGIN ===
scale,t,h,w,tokens,total_ms,transformer_ms,logits_ms,sampling_ms,codes_ms,next_scale_ms,word_embed_ms,other_ms
0,1,1,1,1,45.858,44.562,0.374,0.375,0.167,0.098,0.138,0.143
1,1,2,2,4,51.538,50.272,0.362,0.386,0.167,0.091,0.124,0.137
2,1,4,4,16,51.704,50.438,0.360,0.373,0.178,0.093,0.125,0.139
3,1,6,6,36,51.249,49.993,0.357,0.377,0.168,0.091,0.125,0.139
4,1,8,8,64,51.381,50.119,0.369,0.370,0.166,0.106,0.125,0.125
5,1,12,12,144,52.204,50.952,0.372,0.373,0.168,0.131,0.110,0.097
6,1,16,16,256,52.445,51.294,0.309,0.354,0.168,0.174,0.054,0.092
7,1,20,20,400,53.684,52.664,0.130,0.373,0.180,0.208,0.029,0.099
8,1,24,24,576,53.759,52.739,0.141,0.417,0.143,0.217,0.038,0.064
9,1,32,32,1024,87.773,86.740,0.177,0.534,0.026,0.199,0.047,0.048
10,1,40,40,1600,130.489,129.159,0.207,0.792,0.028,0.216,0.064,0.024
11,1,48,48,2304,203.168,201.498,0.248,1.113,0.028,0.146,0.111,0.024
12,1,64,64,4096,391.912,389.600,0.409,1.851,0.029,0.000,0.000,0.021
FINAL_DECODE_MS,245.260
=== SCALE_GPU_PROFILE_END ===


=== SCALE_GPU_PROFILE_BEGIN ===
scale,t,h,w,tokens,total_ms,transformer_ms,logits_ms,sampling_ms,codes_ms,next_scale_ms,word_embed_ms,other_ms
0,1,1,1,1,45.987,44.697,0.366,0.386,0.170,0.097,0.127,0.144
1,1,2,2,4,51.388,50.111,0.377,0.376,0.167,0.092,0.126,0.139
2,1,4,4,16,51.770,50.509,0.356,0.383,0.167,0.092,0.125,0.138
3,1,6,6,36,51.436,50.157,0.370,0.372,0.170,0.094,0.135,0.138
4,1,8,8,64,51.341,50.068,0.360,0.387,0.168,0.106,0.125,0.127
5,1,12,12,144,52.147,50.896,0.374,0.388,0.169,0.131,0.099,0.091
6,1,16,16,256,52.535,51.375,0.320,0.339,0.168,0.175,0.065,0.092
7,1,20,20,400,53.765,52.733,0.150,0.370,0.169,0.208,0.029,0.106
8,1,24,24,576,53.824,52.811,0.143,0.407,0.145,0.217,0.038,0.063
9,1,32,32,1024,87.766,86.732,0.176,0.536,0.026,0.199,0.048,0.049
10,1,40,40,1600,130.174,128.831,0.206,0.802,0.029,0.219,0.064,0.023
11,1,48,48,2304,203.447,201.771,0.254,1.116,0.028,0.145,0.110,0.024
12,1,64,64,4096,393.690,391.348,0.415,1.876,0.030,0.000,0.000,0.021
FINAL_DECODE_MS,245.826
=== SCALE_GPU_PROFILE_END ===

BENCH_MEASURE Sequential-B1 1 seconds=6.112014 img_s=0.654449 peak_gb=15.749

=== SCALE_GPU_PROFILE_BEGIN ===
scale,t,h,w,tokens,total_ms,transformer_ms,logits_ms,sampling_ms,codes_ms,next_scale_ms,word_embed_ms,other_ms
0,1,1,1,1,45.489,44.213,0.363,0.372,0.177,0.096,0.126,0.141
1,1,2,2,4,51.208,49.934,0.363,0.383,0.169,0.093,0.126,0.140
2,1,4,4,16,51.704,50.435,0.361,0.370,0.179,0.093,0.125,0.141
3,1,6,6,36,51.278,50.017,0.357,0.382,0.168,0.092,0.126,0.137
4,1,8,8,64,51.352,50.064,0.372,0.379,0.169,0.106,0.125,0.137
5,1,12,12,144,52.559,51.295,0.374,0.392,0.172,0.132,0.102,0.093
6,1,16,16,256,52.821,51.643,0.311,0.352,0.181,0.176,0.063,0.095
7,1,20,20,400,54.114,53.085,0.132,0.387,0.170,0.208,0.030,0.104
8,1,24,24,576,54.128,53.093,0.142,0.409,0.161,0.218,0.038,0.066
9,1,32,32,1024,87.997,86.950,0.180,0.541,0.027,0.203,0.047,0.049
10,1,40,40,1600,131.221,129.878,0.207,0.801,0.028,0.218,0.065,0.023
11,1,48,48,2304,203.664,201.988,0.254,1.115,0.028,0.145,0.111,0.023
12,1,64,64,4096,393.484,391.174,0.408,1.853,0.029,0.000,0.000,0.021
FINAL_DECODE_MS,245.286
=== SCALE_GPU_PROFILE_END ===


=== SCALE_GPU_PROFILE_BEGIN ===
scale,t,h,w,tokens,total_ms,transformer_ms,logits_ms,sampling_ms,codes_ms,next_scale_ms,word_embed_ms,other_ms
0,1,1,1,1,45.643,44.353,0.366,0.382,0.168,0.098,0.130,0.145
1,1,2,2,4,51.329,50.047,0.376,0.370,0.167,0.093,0.128,0.147
2,1,4,4,16,52.174,50.880,0.372,0.379,0.170,0.103,0.127,0.143
3,1,6,6,36,51.757,50.479,0.369,0.378,0.170,0.092,0.127,0.141
4,1,8,8,64,51.766,50.477,0.365,0.390,0.170,0.107,0.127,0.130
5,1,12,12,144,52.636,51.372,0.363,0.382,0.182,0.132,0.102,0.103
6,1,16,16,256,52.929,51.758,0.308,0.355,0.180,0.175,0.060,0.093
7,1,20,20,400,54.228,53.188,0.133,0.390,0.170,0.208,0.029,0.109
8,1,24,24,576,54.177,53.142,0.142,0.419,0.154,0.217,0.038,0.065
9,1,32,32,1024,87.908,86.864,0.179,0.540,0.027,0.202,0.048,0.048
10,1,40,40,1600,131.286,129.944,0.208,0.800,0.028,0.218,0.064,0.024
11,1,48,48,2304,204.168,202.500,0.247,1.115,0.028,0.144,0.110,0.023
12,1,64,64,4096,393.818,391.487,0.408,1.873,0.030,0.000,0.000,0.021
FINAL_DECODE_MS,245.306
=== SCALE_GPU_PROFILE_END ===


=== SCALE_GPU_PROFILE_BEGIN ===
scale,t,h,w,tokens,total_ms,transformer_ms,logits_ms,sampling_ms,codes_ms,next_scale_ms,word_embed_ms,other_ms
0,1,1,1,1,46.012,44.699,0.377,0.383,0.169,0.098,0.142,0.145
1,1,2,2,4,51.667,50.389,0.366,0.388,0.167,0.092,0.125,0.139
2,1,4,4,16,52.225,50.939,0.375,0.379,0.170,0.092,0.126,0.143
3,1,6,6,36,51.920,50.638,0.372,0.379,0.170,0.093,0.127,0.141
4,1,8,8,64,51.803,50.516,0.365,0.391,0.170,0.106,0.127,0.128
5,1,12,12,144,52.620,51.354,0.371,0.381,0.179,0.131,0.102,0.100
6,1,16,16,256,52.972,51.818,0.307,0.347,0.179,0.175,0.055,0.093
7,1,20,20,400,53.812,52.785,0.139,0.372,0.168,0.214,0.029,0.103
8,1,24,24,576,53.863,52.837,0.140,0.416,0.146,0.216,0.038,0.071
9,1,32,32,1024,87.990,86.946,0.180,0.541,0.026,0.202,0.048,0.048
10,1,40,40,1600,131.516,130.172,0.208,0.801,0.028,0.218,0.065,0.023
11,1,48,48,2304,204.473,202.781,0.255,1.127,0.029,0.147,0.112,0.024
12,1,64,64,4096,394.768,392.438,0.407,1.872,0.030,0.000,0.000,0.021
FINAL_DECODE_MS,245.414
=== SCALE_GPU_PROFILE_END ===


=== SCALE_GPU_PROFILE_BEGIN ===
scale,t,h,w,tokens,total_ms,transformer_ms,logits_ms,sampling_ms,codes_ms,next_scale_ms,word_embed_ms,other_ms
0,1,1,1,1,46.105,44.795,0.381,0.382,0.168,0.098,0.137,0.144
1,1,2,2,4,51.783,50.496,0.375,0.382,0.171,0.093,0.127,0.140
2,1,4,4,16,51.977,50.715,0.364,0.371,0.169,0.091,0.125,0.142
3,1,6,6,36,51.314,50.047,0.358,0.373,0.176,0.094,0.125,0.142
4,1,8,8,64,51.303,50.034,0.358,0.388,0.167,0.107,0.124,0.126
5,1,12,12,144,52.036,50.793,0.368,0.384,0.168,0.131,0.100,0.092
6,1,16,16,256,52.491,51.318,0.322,0.347,0.173,0.175,0.065,0.092
7,1,20,20,400,53.669,52.646,0.137,0.377,0.170,0.209,0.029,0.102
8,1,24,24,576,53.792,52.773,0.141,0.400,0.159,0.216,0.038,0.065
9,1,32,32,1024,87.887,86.853,0.177,0.534,0.026,0.200,0.047,0.049
10,1,40,40,1600,131.404,130.061,0.206,0.801,0.029,0.219,0.065,0.024
11,1,48,48,2304,203.594,201.919,0.253,1.115,0.028,0.145,0.110,0.023
12,1,64,64,4096,394.836,392.503,0.409,1.873,0.030,0.000,0.000,0.021
FINAL_DECODE_MS,245.594
=== SCALE_GPU_PROFILE_END ===

BENCH_MEASURE Sequential-B1 2 seconds=6.125894 img_s=0.652966 peak_gb=15.749

=== SCALE_GPU_PROFILE_BEGIN ===
scale,t,h,w,tokens,total_ms,transformer_ms,logits_ms,sampling_ms,codes_ms,next_scale_ms,word_embed_ms,other_ms
0,1,1,1,1,45.872,44.568,0.374,0.384,0.168,0.098,0.136,0.145
1,1,2,2,4,51.118,49.856,0.362,0.369,0.176,0.092,0.125,0.138
2,1,4,4,16,51.605,50.340,0.371,0.372,0.169,0.091,0.124,0.139
3,1,6,6,36,51.099,49.828,0.367,0.372,0.168,0.091,0.135,0.138
4,1,8,8,64,51.180,49.898,0.360,0.373,0.169,0.107,0.126,0.146
5,1,12,12,144,51.904,50.661,0.367,0.372,0.168,0.131,0.108,0.096
6,1,16,16,256,52.487,51.339,0.307,0.354,0.169,0.174,0.054,0.090
7,1,20,20,400,53.609,52.586,0.140,0.370,0.177,0.207,0.029,0.099
8,1,24,24,576,53.679,52.666,0.140,0.413,0.143,0.216,0.037,0.064
9,1,32,32,1024,88.132,87.090,0.178,0.540,0.026,0.201,0.048,0.048
10,1,40,40,1600,131.287,129.944,0.208,0.801,0.028,0.218,0.064,0.023
11,1,48,48,2304,204.081,202.389,0.255,1.126,0.029,0.147,0.112,0.024
12,1,64,64,4096,394.532,392.195,0.413,1.873,0.030,0.000,0.000,0.022
FINAL_DECODE_MS,245.806
=== SCALE_GPU_PROFILE_END ===


=== SCALE_GPU_PROFILE_BEGIN ===
scale,t,h,w,tokens,total_ms,transformer_ms,logits_ms,sampling_ms,codes_ms,next_scale_ms,word_embed_ms,other_ms
0,1,1,1,1,45.372,44.098,0.365,0.376,0.167,0.097,0.127,0.142
1,1,2,2,4,51.157,49.879,0.372,0.371,0.168,0.093,0.135,0.139
2,1,4,4,16,51.534,50.271,0.359,0.380,0.168,0.092,0.124,0.139
3,1,6,6,36,51.139,49.877,0.359,0.379,0.169,0.090,0.125,0.139
4,1,8,8,64,51.209,49.945,0.366,0.373,0.169,0.105,0.126,0.126
5,1,12,12,144,51.890,50.642,0.375,0.377,0.169,0.131,0.098,0.099
6,1,16,16,256,52.561,51.402,0.314,0.352,0.171,0.176,0.057,0.091
7,1,20,20,400,53.716,52.691,0.137,0.373,0.170,0.216,0.029,0.101
8,1,24,24,576,53.761,52.748,0.138,0.414,0.143,0.217,0.038,0.064
9,1,32,32,1024,88.059,87.015,0.179,0.541,0.027,0.201,0.048,0.048
10,1,40,40,1600,131.573,130.218,0.208,0.810,0.028,0.221,0.065,0.024
11,1,48,48,2304,204.884,203.192,0.255,1.128,0.029,0.146,0.110,0.024
12,1,64,64,4096,394.765,392.427,0.414,1.873,0.030,0.000,0.000,0.021
FINAL_DECODE_MS,246.176
=== SCALE_GPU_PROFILE_END ===


=== SCALE_GPU_PROFILE_BEGIN ===
scale,t,h,w,tokens,total_ms,transformer_ms,logits_ms,sampling_ms,codes_ms,next_scale_ms,word_embed_ms,other_ms
0,1,1,1,1,45.418,44.135,0.365,0.379,0.171,0.098,0.126,0.143
1,1,2,2,4,51.136,49.871,0.363,0.381,0.168,0.092,0.124,0.137
2,1,4,4,16,51.633,50.372,0.355,0.372,0.179,0.092,0.124,0.138
3,1,6,6,36,51.225,49.954,0.360,0.384,0.168,0.093,0.125,0.140
4,1,8,8,64,51.249,49.987,0.366,0.373,0.167,0.106,0.124,0.126
5,1,12,12,144,52.026,50.776,0.375,0.376,0.169,0.132,0.099,0.099
6,1,16,16,256,52.398,51.222,0.329,0.340,0.181,0.175,0.059,0.093
7,1,20,20,400,53.668,52.642,0.140,0.373,0.169,0.207,0.029,0.109
8,1,24,24,576,53.838,52.817,0.135,0.418,0.149,0.216,0.038,0.067
9,1,32,32,1024,88.178,87.137,0.175,0.541,0.026,0.203,0.047,0.048
10,1,40,40,1600,131.045,129.688,0.209,0.810,0.029,0.221,0.065,0.024
11,1,48,48,2304,203.856,202.162,0.256,1.126,0.029,0.147,0.112,0.024
12,1,64,64,4096,396.736,394.346,0.422,1.916,0.030,0.000,0.000,0.021
FINAL_DECODE_MS,246.639
=== SCALE_GPU_PROFILE_END ===


=== SCALE_GPU_PROFILE_BEGIN ===
scale,t,h,w,tokens,total_ms,transformer_ms,logits_ms,sampling_ms,codes_ms,next_scale_ms,word_embed_ms,other_ms
0,1,1,1,1,45.396,44.118,0.362,0.374,0.177,0.098,0.127,0.142
1,1,2,2,4,51.167,49.902,0.361,0.379,0.170,0.093,0.123,0.138
2,1,4,4,16,51.584,50.310,0.362,0.372,0.168,0.102,0.124,0.147
3,1,6,6,36,51.161,49.901,0.354,0.371,0.178,0.091,0.125,0.140
4,1,8,8,64,51.114,49.852,0.361,0.380,0.168,0.105,0.125,0.124
5,1,12,12,144,51.878,50.632,0.363,0.372,0.171,0.132,0.099,0.110
6,1,16,16,256,52.314,51.156,0.309,0.355,0.171,0.175,0.056,0.091
7,1,20,20,400,53.765,52.751,0.127,0.381,0.170,0.207,0.029,0.100
8,1,24,24,576,53.712,52.686,0.141,0.413,0.154,0.218,0.037,0.063
9,1,32,32,1024,88.262,87.217,0.179,0.540,0.027,0.202,0.048,0.049
10,1,40,40,1600,131.431,130.090,0.206,0.799,0.028,0.219,0.064,0.025
11,1,48,48,2304,204.258,202.571,0.249,1.127,0.029,0.146,0.111,0.025
12,1,64,64,4096,397.399,395.009,0.422,1.917,0.030,0.000,0.000,0.021
FINAL_DECODE_MS,246.288
=== SCALE_GPU_PROFILE_END ===

BENCH_MEASURE Sequential-B1 3 seconds=6.124370 img_s=0.653128 peak_gb=15.749
RESULT Sequential-B1 mean_s=6.120759 mean_img_s=0.653514 peak_gb=15.749
BENCH_WARMUP_BEGIN Fixed-B4

=== SCALE_GPU_PROFILE_BEGIN ===
scale,t,h,w,tokens,total_ms,transformer_ms,logits_ms,sampling_ms,codes_ms,next_scale_ms,word_embed_ms,other_ms
0,1,1,1,1,1494.910,976.266,517.299,0.579,0.302,0.173,0.137,0.154
1,1,2,2,4,2055.236,1503.180,550.744,0.554,0.261,0.223,0.096,0.178
2,1,4,4,16,54.914,53.499,0.408,0.390,0.196,0.253,0.028,0.140
3,1,6,6,36,54.303,52.937,0.395,0.369,0.205,0.283,0.029,0.086
4,1,8,8,64,54.675,53.372,0.371,0.275,0.187,0.394,0.035,0.041
5,1,12,12,144,56.067,54.819,0.229,0.354,0.160,0.426,0.040,0.038
6,1,16,16,256,81.071,79.576,0.282,0.536,0.026,0.580,0.047,0.023
7,1,20,20,400,117.820,115.880,0.308,0.791,0.028,0.725,0.066,0.023
8,1,24,24,576,170.574,168.167,0.359,1.112,0.029,0.773,0.110,0.024
9,1,32,32,1024,302.736,299.362,0.510,1.857,0.029,0.795,0.159,0.024
10,1,40,40,1600,503.439,498.844,0.669,2.808,0.032,0.842,0.220,0.025
11,1,48,48,2304,767.456,761.659,0.834,3.982,0.034,0.551,0.371,0.026
12,1,64,64,4096,1534.618,1526.126,1.291,7.136,0.040,0.000,0.000,0.024
FINAL_DECODE_MS,1452.892
=== SCALE_GPU_PROFILE_END ===

BENCH_WARMUP Fixed-B4 seconds=8.705466 img_s=0.459481 peak_gb=40.859

=== SCALE_GPU_PROFILE_BEGIN ===
scale,t,h,w,tokens,total_ms,transformer_ms,logits_ms,sampling_ms,codes_ms,next_scale_ms,word_embed_ms,other_ms
0,1,1,1,1,50.802,49.273,0.450,0.461,0.196,0.167,0.108,0.147
1,1,2,2,4,65.589,64.263,0.389,0.380,0.191,0.177,0.063,0.126
2,1,4,4,16,58.630,57.314,0.385,0.375,0.180,0.211,0.036,0.127
3,1,6,6,36,53.864,52.553,0.388,0.389,0.180,0.237,0.025,0.092
4,1,8,8,64,54.441,53.124,0.341,0.350,0.178,0.326,0.031,0.091
5,1,12,12,144,55.954,54.711,0.251,0.355,0.126,0.428,0.040,0.042
6,1,16,16,256,81.908,80.398,0.281,0.542,0.027,0.584,0.049,0.027
7,1,20,20,400,119.593,117.593,0.335,0.802,0.029,0.739,0.066,0.027
8,1,24,24,576,172.200,169.752,0.369,1.127,0.030,0.781,0.114,0.027
9,1,32,32,1024,303.422,300.042,0.518,1.852,0.030,0.798,0.158,0.024
10,1,40,40,1600,501.501,496.936,0.639,2.808,0.031,0.843,0.220,0.025
11,1,48,48,2304,767.162,761.300,0.839,4.030,0.034,0.559,0.375,0.025
12,1,64,64,4096,1514.527,1506.218,1.274,6.973,0.040,0.000,0.000,0.023
FINAL_DECODE_MS,803.290
=== SCALE_GPU_PROFILE_END ===

BENCH_MEASURE Fixed-B4 1 seconds=4.606382 img_s=0.868360 peak_gb=40.856

=== SCALE_GPU_PROFILE_BEGIN ===
scale,t,h,w,tokens,total_ms,transformer_ms,logits_ms,sampling_ms,codes_ms,next_scale_ms,word_embed_ms,other_ms
0,1,1,1,1,50.298,48.926,0.396,0.412,0.178,0.159,0.093,0.135
1,1,2,2,4,53.848,52.527,0.389,0.393,0.174,0.178,0.060,0.127
2,1,4,4,16,53.663,52.357,0.383,0.378,0.184,0.213,0.023,0.125
3,1,6,6,36,53.214,51.929,0.386,0.388,0.172,0.234,0.024,0.081
4,1,8,8,64,53.873,52.575,0.341,0.341,0.182,0.324,0.030,0.080
5,1,12,12,144,55.214,53.984,0.243,0.356,0.126,0.428,0.039,0.038
6,1,16,16,256,81.079,79.598,0.271,0.534,0.026,0.579,0.048,0.023
7,1,20,20,400,117.799,115.853,0.313,0.790,0.028,0.726,0.066,0.023
8,1,24,24,576,169.543,167.110,0.361,1.125,0.029,0.782,0.112,0.024
9,1,32,32,1024,302.005,298.622,0.522,1.852,0.029,0.798,0.158,0.024
10,1,40,40,1600,502.358,497.777,0.653,2.807,0.031,0.846,0.220,0.025
11,1,48,48,2304,764.008,758.283,0.816,3.938,0.033,0.543,0.370,0.024
12,1,64,64,4096,1508.983,1500.593,1.276,7.052,0.039,0.000,0.000,0.023
FINAL_DECODE_MS,800.750
=== SCALE_GPU_PROFILE_END ===

BENCH_MEASURE Fixed-B4 2 seconds=4.569762 img_s=0.875319 peak_gb=40.855

=== SCALE_GPU_PROFILE_BEGIN ===
scale,t,h,w,tokens,total_ms,transformer_ms,logits_ms,sampling_ms,codes_ms,next_scale_ms,word_embed_ms,other_ms
0,1,1,1,1,50.443,49.027,0.412,0.420,0.175,0.161,0.112,0.135
1,1,2,2,4,54.152,52.825,0.392,0.383,0.184,0.177,0.063,0.127
2,1,4,4,16,53.530,52.207,0.392,0.390,0.174,0.212,0.029,0.126
3,1,6,6,36,53.784,52.472,0.389,0.396,0.174,0.237,0.024,0.092
4,1,8,8,64,54.274,52.983,0.327,0.358,0.171,0.323,0.030,0.082
5,1,12,12,144,55.269,54.046,0.245,0.355,0.116,0.429,0.039,0.038
6,1,16,16,256,81.055,79.560,0.285,0.535,0.026,0.578,0.048,0.023
7,1,20,20,400,116.383,114.500,0.303,0.765,0.027,0.701,0.063,0.023
8,1,24,24,576,168.659,166.286,0.347,1.101,0.028,0.764,0.110,0.024
9,1,32,32,1024,300.446,297.087,0.498,1.852,0.029,0.798,0.158,0.024
10,1,40,40,1600,501.894,497.329,0.637,2.807,0.031,0.844,0.221,0.025
11,1,48,48,2304,761.942,756.147,0.832,3.982,0.033,0.550,0.372,0.025
12,1,64,64,4096,1505.068,1496.836,1.268,6.905,0.038,0.000,0.000,0.023
FINAL_DECODE_MS,799.702
=== SCALE_GPU_PROFILE_END ===

BENCH_MEASURE Fixed-B4 3 seconds=4.559800 img_s=0.877231 peak_gb=40.855
RESULT Fixed-B4 mean_s=4.578648 mean_img_s=0.873637 peak_gb=40.856
BENCH_WARMUP_BEGIN ScaleAware
BENCH_WARMUP ScaleAware seconds=5.055484 img_s=0.791220 peak_gb=52.214
BENCH_MEASURE ScaleAware 1 seconds=4.963252 img_s=0.805923 peak_gb=52.216
BENCH_MEASURE ScaleAware 2 seconds=4.953941 img_s=0.807438 peak_gb=52.216
BENCH_MEASURE ScaleAware 3 seconds=4.959351 img_s=0.806557 peak_gb=52.216
RESULT ScaleAware mean_s=4.958848 mean_img_s=0.806639 peak_gb=52.216
SCALEAWARE_VS_SEQUENTIAL_GAIN_PCT 23.43
SCALEAWARE_FIXED_B4_THROUGHPUT_PCT 92.33
PIPELINE_BENCHMARK_OK
===== 8B REPEAT END =====
Fri Oct  9 01:09:03 KST 2026
