==========================================
SLURM_JOB_ID = 927593
SLURM_NODELIST = gpu36
==========================================
===== JOB INFO =====
Thu Oct  8 23:56:31 KST 2026
gpu36
NVIDIA A100-SXM4-80GB, 81920 MiB, 580.105.08
torch= 2.7.1+cu128 cuda= 12.8 gpu= NVIDIA A100-SXM4-80GB
===== 8B REPEAT START =====
[Loading tokenizer and text encoder]
[Loading Infinity]
self.codebook_dim: 56, self.add_lvl_embeding_only_first_block: 0,             self.use_bit_label: 1, self.rope2d_each_sa_layer: 1, self.rope2d_normalized_by_hw: 2
self.num_blocks_in_a_chunk=5, depth=40, block_chunks=8

[constructor]  ==== customized_flash_attn=False (using_flash=0/40), fused_mlp=False (fused_mlp=0/40) ==== 
    [Infinity config ] embed_dim=3584, num_heads=28, depth=40, mlp_ratio=4, swiglu=False num_blocks_in_a_chunk=5
    [drop ratios] drop_rate=0.0, drop_path_rate=0.1 (tensor([0.0000, 0.0026, 0.0051, 0.0077, 0.0103, 0.0128, 0.0154, 0.0179, 0.0205,
        0.0231, 0.0256, 0.0282, 0.0308, 0.0333, 0.0359, 0.0385, 0.0410, 0.0436,
        0.0462, 0.0487, 0.0513, 0.0538, 0.0564, 0.0590, 0.0615, 0.0641, 0.0667,
        0.0692, 0.0718, 0.0744, 0.0769, 0.0795, 0.0821, 0.0846, 0.0872, 0.0897,
        0.0923, 0.0949, 0.0974, 0.1000]))

[you selected Infinity with model_kwargs={'depth': 40, 'embed_dim': 3584, 'num_heads': 28, 'drop_path_rate': 0.1, 'mlp_ratio': 4, 'block_chunks': 8}] model size: 8.38B, bf16=1
[Load Infinity weights]
REPEAT_CONFIG warmup=2 measured=5 batch_size=2
===== WARMUP_1_BEGIN =====
prompt=a photo of a red panda sitting on a wooden chair
cfg: [3.0, 3.0, 3.0, 3.0, 3.0, 3.0, 3.0, 3.0, 3.0, 3.0, 3.0, 3.0, 3.0], tau: [0.5, 0.5, 0.5, 0.5, 0.5, 0.5, 0.5, 0.5, 0.5, 0.5, 0.5, 0.5, 0.5]

=== SCALE_GPU_PROFILE_BEGIN ===
scale,t,h,w,tokens,total_ms,transformer_ms,logits_ms,sampling_ms,codes_ms,next_scale_ms,word_embed_ms,other_ms
0,1,1,1,1,29410.414,25173.621,1076.112,2747.740,42.075,151.528,39.135,180.204
1,1,2,2,4,1693.915,1342.947,349.517,0.543,0.301,0.141,0.250,0.217
2,1,4,4,16,77.365,68.284,7.772,0.638,0.234,0.114,0.147,0.176
3,1,6,6,36,68.088,66.934,0.279,0.230,0.233,0.111,0.186,0.115
4,1,8,8,64,67.198,66.106,0.185,0.297,0.230,0.113,0.151,0.115
5,1,12,12,144,80.442,79.739,0.196,0.332,0.034,0.043,0.048,0.050
6,1,16,16,256,126.775,125.851,0.277,0.485,0.034,0.044,0.061,0.023
7,1,20,20,400,176.497,175.314,0.291,0.711,0.035,0.045,0.079,0.023
8,1,24,24,576,252.521,250.950,0.355,0.979,0.036,0.047,0.130,0.024
9,1,32,32,1024,440.365,437.850,0.549,1.644,0.037,0.047,0.213,0.025
10,1,40,40,1600,697.053,693.467,0.709,2.453,0.038,0.048,0.312,0.025
11,1,48,48,2304,1301.774,1296.738,0.954,3.489,0.040,0.045,0.483,0.025
12,1,64,64,4096,2494.046,2486.365,1.481,6.130,0.045,0.000,0.000,0.025
FINAL_DECODE_MS,9377.765
=== SCALE_GPU_PROFILE_END ===

cost: 56.48653030395508, infinity cost=48.28402400016785
===== WARMUP_1_END =====
===== WARMUP_2_BEGIN =====
prompt=a photo of a red panda sitting on a wooden chair
cfg: [3.0, 3.0, 3.0, 3.0, 3.0, 3.0, 3.0, 3.0, 3.0, 3.0, 3.0, 3.0, 3.0], tau: [0.5, 0.5, 0.5, 0.5, 0.5, 0.5, 0.5, 0.5, 0.5, 0.5, 0.5, 0.5, 0.5]

=== SCALE_GPU_PROFILE_BEGIN ===
scale,t,h,w,tokens,total_ms,transformer_ms,logits_ms,sampling_ms,codes_ms,next_scale_ms,word_embed_ms,other_ms
0,1,1,1,1,57.865,56.426,0.375,0.428,0.226,0.130,0.141,0.139
1,1,2,2,4,66.072,64.769,0.347,0.371,0.206,0.119,0.135,0.125
2,1,4,4,16,66.308,65.022,0.324,0.381,0.212,0.110,0.137,0.122
3,1,6,6,36,65.701,64.571,0.225,0.329,0.219,0.110,0.138,0.109
4,1,8,8,64,65.748,64.651,0.163,0.367,0.208,0.109,0.145,0.105
5,1,12,12,144,73.319,72.601,0.212,0.333,0.034,0.043,0.048,0.048
6,1,16,16,256,126.863,125.945,0.272,0.485,0.034,0.043,0.060,0.023
7,1,20,20,400,177.205,176.006,0.297,0.719,0.036,0.045,0.078,0.024
8,1,24,24,576,253.541,251.973,0.355,0.978,0.036,0.046,0.129,0.024
9,1,32,32,1024,443.248,440.705,0.554,1.665,0.038,0.048,0.214,0.025
10,1,40,40,1600,698.319,694.699,0.713,2.481,0.039,0.049,0.315,0.024
11,1,48,48,2304,1057.253,1052.224,0.951,3.490,0.040,0.044,0.479,0.025
12,1,64,64,4096,2049.084,2041.320,1.484,6.211,0.045,0.000,0.000,0.024
FINAL_DECODE_MS,293.766
=== SCALE_GPU_PROFILE_END ===

cost: 5.544540166854858, infinity cost=5.49766206741333
===== WARMUP_2_END =====
===== MEASURE_1_BEGIN =====
prompt=a photo of a red panda sitting on a wooden chair
cfg: [3.0, 3.0, 3.0, 3.0, 3.0, 3.0, 3.0, 3.0, 3.0, 3.0, 3.0, 3.0, 3.0], tau: [0.5, 0.5, 0.5, 0.5, 0.5, 0.5, 0.5, 0.5, 0.5, 0.5, 0.5, 0.5, 0.5]

=== SCALE_GPU_PROFILE_BEGIN ===
scale,t,h,w,tokens,total_ms,transformer_ms,logits_ms,sampling_ms,codes_ms,next_scale_ms,word_embed_ms,other_ms
0,1,1,1,1,57.592,56.185,0.402,0.377,0.217,0.124,0.151,0.135
1,1,2,2,4,64.247,62.949,0.333,0.366,0.225,0.111,0.136,0.127
2,1,4,4,16,64.288,63.012,0.313,0.377,0.212,0.112,0.137,0.125
3,1,6,6,36,65.596,64.468,0.229,0.318,0.217,0.121,0.137,0.106
4,1,8,8,64,65.866,64.757,0.160,0.370,0.213,0.110,0.138,0.117
5,1,12,12,144,73.481,72.757,0.210,0.336,0.034,0.045,0.048,0.050
6,1,16,16,256,127.686,126.764,0.274,0.485,0.034,0.043,0.061,0.024
7,1,20,20,400,177.485,176.281,0.298,0.720,0.036,0.047,0.079,0.024
8,1,24,24,576,254.413,252.841,0.357,0.978,0.036,0.046,0.131,0.024
9,1,32,32,1024,445.772,443.233,0.551,1.663,0.038,0.049,0.214,0.024
10,1,40,40,1600,699.893,696.264,0.719,2.480,0.039,0.049,0.317,0.025
11,1,48,48,2304,1062.178,1057.150,0.946,3.489,0.041,0.045,0.483,0.024
12,1,64,64,4096,2054.695,2046.960,1.466,6.200,0.045,0.000,0.000,0.023
FINAL_DECODE_MS,294.406
=== SCALE_GPU_PROFILE_END ===

cost: 5.557144403457642, infinity cost=5.510722637176514
===== MEASURE_1_END =====
===== MEASURE_2_BEGIN =====
prompt=a photo of a red panda sitting on a wooden chair
cfg: [3.0, 3.0, 3.0, 3.0, 3.0, 3.0, 3.0, 3.0, 3.0, 3.0, 3.0, 3.0, 3.0], tau: [0.5, 0.5, 0.5, 0.5, 0.5, 0.5, 0.5, 0.5, 0.5, 0.5, 0.5, 0.5, 0.5]

=== SCALE_GPU_PROFILE_BEGIN ===
scale,t,h,w,tokens,total_ms,transformer_ms,logits_ms,sampling_ms,codes_ms,next_scale_ms,word_embed_ms,other_ms
0,1,1,1,1,57.309,55.937,0.360,0.381,0.209,0.129,0.153,0.140
1,1,2,2,4,63.771,62.491,0.326,0.381,0.205,0.111,0.135,0.123
2,1,4,4,16,64.227,62.947,0.329,0.366,0.206,0.109,0.146,0.124
3,1,6,6,36,65.364,64.261,0.226,0.300,0.221,0.110,0.141,0.106
4,1,8,8,64,65.727,64.638,0.164,0.355,0.207,0.120,0.136,0.108
5,1,12,12,144,73.686,72.962,0.213,0.336,0.034,0.044,0.048,0.048
6,1,16,16,256,127.871,126.947,0.275,0.489,0.034,0.043,0.060,0.023
7,1,20,20,400,178.129,176.930,0.296,0.719,0.036,0.045,0.079,0.023
8,1,24,24,576,254.802,253.218,0.358,0.989,0.037,0.046,0.131,0.024
9,1,32,32,1024,447.114,444.567,0.556,1.666,0.038,0.047,0.214,0.025
10,1,40,40,1600,700.872,697.211,0.721,2.508,0.040,0.049,0.319,0.024
11,1,48,48,2304,1063.830,1058.746,0.962,3.528,0.041,0.045,0.484,0.024
12,1,64,64,4096,2059.234,2051.577,1.463,6.127,0.044,0.000,0.000,0.023
FINAL_DECODE_MS,295.155
=== SCALE_GPU_PROFILE_END ===

cost: 5.566515684127808, infinity cost=5.520206451416016
===== MEASURE_2_END =====
===== MEASURE_3_BEGIN =====
prompt=a photo of a red panda sitting on a wooden chair
cfg: [3.0, 3.0, 3.0, 3.0, 3.0, 3.0, 3.0, 3.0, 3.0, 3.0, 3.0, 3.0, 3.0], tau: [0.5, 0.5, 0.5, 0.5, 0.5, 0.5, 0.5, 0.5, 0.5, 0.5, 0.5, 0.5, 0.5]

=== SCALE_GPU_PROFILE_BEGIN ===
scale,t,h,w,tokens,total_ms,transformer_ms,logits_ms,sampling_ms,codes_ms,next_scale_ms,word_embed_ms,other_ms
0,1,1,1,1,57.335,55.989,0.355,0.390,0.211,0.121,0.139,0.131
1,1,2,2,4,64.359,63.076,0.331,0.366,0.207,0.120,0.135,0.124
2,1,4,4,16,64.378,63.077,0.331,0.385,0.211,0.110,0.136,0.129
3,1,6,6,36,66.093,64.989,0.239,0.306,0.208,0.108,0.135,0.108
4,1,8,8,64,65.646,64.560,0.162,0.358,0.216,0.109,0.134,0.106
5,1,12,12,144,73.712,72.978,0.217,0.340,0.034,0.044,0.050,0.048
6,1,16,16,256,128.429,127.505,0.270,0.491,0.034,0.045,0.061,0.023
7,1,20,20,400,178.185,176.984,0.296,0.721,0.036,0.045,0.080,0.024
8,1,24,24,576,255.891,254.302,0.361,0.989,0.036,0.048,0.131,0.024
9,1,32,32,1024,446.286,443.745,0.553,1.662,0.038,0.048,0.215,0.025
10,1,40,40,1600,702.937,699.309,0.719,2.482,0.040,0.049,0.315,0.024
11,1,48,48,2304,1064.465,1059.439,0.946,3.488,0.040,0.044,0.483,0.024
12,1,64,64,4096,2056.759,2049.015,1.478,6.199,0.044,0.000,0.000,0.023
FINAL_DECODE_MS,294.399
=== SCALE_GPU_PROFILE_END ===

cost: 5.568349838256836, infinity cost=5.522014379501343
===== MEASURE_3_END =====
===== MEASURE_4_BEGIN =====
prompt=a photo of a red panda sitting on a wooden chair
cfg: [3.0, 3.0, 3.0, 3.0, 3.0, 3.0, 3.0, 3.0, 3.0, 3.0, 3.0, 3.0, 3.0], tau: [0.5, 0.5, 0.5, 0.5, 0.5, 0.5, 0.5, 0.5, 0.5, 0.5, 0.5, 0.5, 0.5]

=== SCALE_GPU_PROFILE_BEGIN ===
scale,t,h,w,tokens,total_ms,transformer_ms,logits_ms,sampling_ms,codes_ms,next_scale_ms,word_embed_ms,other_ms
0,1,1,1,1,57.300,55.930,0.367,0.387,0.211,0.132,0.140,0.133
1,1,2,2,4,64.093,62.811,0.331,0.366,0.216,0.109,0.137,0.123
2,1,4,4,16,64.102,62.827,0.320,0.370,0.217,0.109,0.136,0.122
3,1,6,6,36,65.325,64.213,0.227,0.322,0.209,0.110,0.137,0.106
4,1,8,8,64,65.745,64.657,0.163,0.367,0.206,0.110,0.135,0.107
5,1,12,12,144,73.603,72.891,0.201,0.336,0.034,0.044,0.048,0.048
6,1,16,16,256,127.992,127.064,0.275,0.491,0.034,0.044,0.061,0.023
7,1,20,20,400,177.526,176.326,0.299,0.719,0.036,0.045,0.079,0.023
8,1,24,24,576,255.314,253.726,0.362,0.990,0.036,0.046,0.131,0.024
9,1,32,32,1024,445.475,442.935,0.554,1.661,0.038,0.048,0.214,0.025
10,1,40,40,1600,702.267,698.648,0.708,2.483,0.039,0.049,0.315,0.024
11,1,48,48,2304,1062.180,1057.153,0.949,3.489,0.040,0.044,0.480,0.025
12,1,64,64,4096,2053.824,2046.081,1.475,6.201,0.045,0.000,0.000,0.022
FINAL_DECODE_MS,294.066
=== SCALE_GPU_PROFILE_END ===

cost: 5.5580408573150635, infinity cost=5.511911392211914
===== MEASURE_4_END =====
===== MEASURE_5_BEGIN =====
prompt=a photo of a red panda sitting on a wooden chair
cfg: [3.0, 3.0, 3.0, 3.0, 3.0, 3.0, 3.0, 3.0, 3.0, 3.0, 3.0, 3.0, 3.0], tau: [0.5, 0.5, 0.5, 0.5, 0.5, 0.5, 0.5, 0.5, 0.5, 0.5, 0.5, 0.5, 0.5]

=== SCALE_GPU_PROFILE_BEGIN ===
scale,t,h,w,tokens,total_ms,transformer_ms,logits_ms,sampling_ms,codes_ms,next_scale_ms,word_embed_ms,other_ms
0,1,1,1,1,57.213,55.865,0.356,0.384,0.219,0.120,0.139,0.130
1,1,2,2,4,64.152,62.870,0.327,0.378,0.207,0.109,0.135,0.126
2,1,4,4,16,64.621,63.333,0.330,0.373,0.207,0.118,0.135,0.125
3,1,6,6,36,65.968,64.847,0.232,0.318,0.208,0.119,0.137,0.108
4,1,8,8,64,66.211,65.101,0.164,0.372,0.219,0.110,0.136,0.109
5,1,12,12,144,73.553,72.830,0.212,0.336,0.034,0.045,0.048,0.048
6,1,16,16,256,127.513,126.597,0.272,0.484,0.034,0.043,0.061,0.023
7,1,20,20,400,177.587,176.388,0.295,0.720,0.036,0.046,0.078,0.024
8,1,24,24,576,253.941,252.368,0.358,0.978,0.036,0.046,0.131,0.023
9,1,32,32,1024,442.961,440.425,0.550,1.662,0.038,0.048,0.214,0.025
10,1,40,40,1600,697.564,693.978,0.707,2.454,0.039,0.048,0.314,0.024
11,1,48,48,2304,1057.362,1052.330,0.952,3.488,0.041,0.045,0.482,0.024
12,1,64,64,4096,2041.949,2034.196,1.466,6.219,0.045,0.000,0.000,0.023
FINAL_DECODE_MS,294.970
=== SCALE_GPU_PROFILE_END ===

cost: 5.53477144241333, infinity cost=5.488633632659912
===== MEASURE_5_END =====
Save to /scratch/e2032a10/Infinity/profiles/a100_8b_b2_repeat.jpg
===== 8B REPEAT END =====
Fri Oct  9 00:07:48 KST 2026
