==========================================
SLURM_JOB_ID = 927563
SLURM_NODELIST = gpu39
==========================================
===== JOB INFO =====
Thu Oct  8 23:00:56 KST 2026
gpu39
NVIDIA A100-SXM4-80GB, 81920 MiB, 580.105.08
torch= 2.7.1+cu128 cuda= 12.8 gpu= NVIDIA A100-SXM4-80GB
===== 8B REPEAT START =====
[Loading tokenizer and text encoder]
load checkpoint from weights/infinity_2b_reg.pth
[Loading Infinity]
self.codebook_dim: 32, self.add_lvl_embeding_only_first_block: 0,             self.use_bit_label: 1, self.rope2d_each_sa_layer: 1, self.rope2d_normalized_by_hw: 2
self.num_blocks_in_a_chunk=4, depth=32, block_chunks=8

[constructor]  ==== customized_flash_attn=False (using_flash=0/32), fused_mlp=False (fused_mlp=0/32) ==== 
    [Infinity config ] embed_dim=2048, num_heads=16, depth=32, mlp_ratio=4, swiglu=False num_blocks_in_a_chunk=4
    [drop ratios] drop_rate=0.0, drop_path_rate=0.1 (tensor([0.0000, 0.0032, 0.0065, 0.0097, 0.0129, 0.0161, 0.0194, 0.0226, 0.0258,
        0.0290, 0.0323, 0.0355, 0.0387, 0.0419, 0.0452, 0.0484, 0.0516, 0.0548,
        0.0581, 0.0613, 0.0645, 0.0677, 0.0710, 0.0742, 0.0774, 0.0806, 0.0839,
        0.0871, 0.0903, 0.0935, 0.0968, 0.1000]))

[you selected Infinity with model_kwargs={'depth': 32, 'embed_dim': 2048, 'num_heads': 16, 'drop_path_rate': 0.1, 'mlp_ratio': 4, 'block_chunks': 8}] model size: 2.20B, bf16=1
[Load Infinity weights]
<All keys matched successfully>
REPEAT_CONFIG warmup=2 measured=5 batch_size=8
===== WARMUP_1_BEGIN =====
prompt=a photo of a red panda sitting on a wooden chair
cfg: [3.0, 3.0, 3.0, 3.0, 3.0, 3.0, 3.0, 3.0, 3.0, 3.0, 3.0, 3.0, 3.0], tau: [0.5, 0.5, 0.5, 0.5, 0.5, 0.5, 0.5, 0.5, 0.5, 0.5, 0.5, 0.5, 0.5]
