==========================================
SLURM_JOB_ID = 927605
SLURM_NODELIST = gpu36
==========================================
===== JOB INFO =====
Fri Oct  9 00:24:34 KST 2026
gpu36
NVIDIA A100-SXM4-80GB, 81920 MiB, 580.105.08
torch= 2.7.1+cu128 cuda= 12.8 gpu= NVIDIA A100-SXM4-80GB
===== 8B REPEAT START =====
[Loading tokenizer and text encoder]
[Loading Infinity]
self.codebook_dim: 56, self.add_lvl_embeding_only_first_block: 0,             self.use_bit_label: 1, self.rope2d_each_sa_layer: 1, self.rope2d_normalized_by_hw: 2
self.num_blocks_in_a_chunk=5, depth=40, block_chunks=8

[constructor]  ==== customized_flash_attn=False (using_flash=0/40), fused_mlp=False (fused_mlp=0/40) ==== 
    [Infinity config ] embed_dim=3584, num_heads=28, depth=40, mlp_ratio=4, swiglu=False num_blocks_in_a_chunk=5
    [drop ratios] drop_rate=0.0, drop_path_rate=0.1 (tensor([0.0000, 0.0026, 0.0051, 0.0077, 0.0103, 0.0128, 0.0154, 0.0179, 0.0205,
        0.0231, 0.0256, 0.0282, 0.0308, 0.0333, 0.0359, 0.0385, 0.0410, 0.0436,
        0.0462, 0.0487, 0.0513, 0.0538, 0.0564, 0.0590, 0.0615, 0.0641, 0.0667,
        0.0692, 0.0718, 0.0744, 0.0769, 0.0795, 0.0821, 0.0846, 0.0872, 0.0897,
        0.0923, 0.0949, 0.0974, 0.1000]))

[you selected Infinity with model_kwargs={'depth': 40, 'embed_dim': 3584, 'num_heads': 28, 'drop_path_rate': 0.1, 'mlp_ratio': 4, 'block_chunks': 8}] model size: 8.38B, bf16=1
[Load Infinity weights]
REPEAT_CONFIG warmup=2 measured=5 batch_size=3
===== WARMUP_1_BEGIN =====
prompt=a photo of a red panda sitting on a wooden chair
cfg: [3.0, 3.0, 3.0, 3.0, 3.0, 3.0, 3.0, 3.0, 3.0, 3.0, 3.0, 3.0, 3.0], tau: [0.5, 0.5, 0.5, 0.5, 0.5, 0.5, 0.5, 0.5, 0.5, 0.5, 0.5, 0.5, 0.5]
