/scratch/e2032a10/Infinity/.venv_inf/lib64/python3.9/site-packages/networkx/utils/backends.py:135: RuntimeWarning: networkx backend defined more than once: nx-loopback
  backends.update(_get_backends("networkx.backends"))
`torch_dtype` is deprecated! Use `dtype` instead!
Loading checkpoint shards:   0%|          | 0/2 [00:00<?, ?it/s]Loading checkpoint shards:  50%|█████     | 1/2 [00:00<00:00,  1.22it/s]Loading checkpoint shards: 100%|██████████| 2/2 [00:00<00:00,  2.43it/s]
/scratch/e2032a10/Infinity/tools/run_infinity_batch_repeat.py:180: FutureWarning: `torch.cuda.amp.autocast(args...)` is deprecated. Please use `torch.amp.autocast('cuda', args...)` instead.
  with torch.cuda.amp.autocast(enabled=True, dtype=torch.bfloat16, cache_enabled=True), torch.no_grad():
/scratch/e2032a10/Infinity/tools/run_infinity_batch_repeat.py:410: FutureWarning: `torch.cuda.amp.autocast(args...)` is deprecated. Please use `torch.amp.autocast('cuda', args...)` instead.
  with autocast(dtype=torch.bfloat16):
/scratch/e2032a10/Infinity/tools/run_infinity_batch_repeat.py:113: FutureWarning: `torch.cuda.amp.autocast(args...)` is deprecated. Please use `torch.amp.autocast('cuda', args...)` instead.
  with torch.cuda.amp.autocast(enabled=True, dtype=torch.bfloat16, cache_enabled=True):
/scratch/e2032a10/Infinity/infinity/models/basic.py:495: FutureWarning: `torch.cuda.amp.autocast(args...)` is deprecated. Please use `torch.amp.autocast('cuda', args...)` instead.
  with torch.cuda.amp.autocast(enabled=False):    # disable half precision
/scratch/e2032a10/Infinity/infinity/models/basic.py:495: FutureWarning: `torch.cuda.amp.autocast(args...)` is deprecated. Please use `torch.amp.autocast('cuda', args...)` instead.
  with torch.cuda.amp.autocast(enabled=False):    # disable half precision
/scratch/e2032a10/Infinity/.venv_inf/lib64/python3.9/site-packages/networkx/utils/backends.py:135: RuntimeWarning: networkx backend defined more than once: nx-loopback
  backends.update(_get_backends("networkx.backends"))
/scratch/e2032a10/Infinity/infinity/models/basic.py:495: FutureWarning: `torch.cuda.amp.autocast(args...)` is deprecated. Please use `torch.amp.autocast('cuda', args...)` instead.
  with torch.cuda.amp.autocast(enabled=False):    # disable half precision
/scratch/e2032a10/Infinity/infinity/models/basic.py:495: FutureWarning: `torch.cuda.amp.autocast(args...)` is deprecated. Please use `torch.amp.autocast('cuda', args...)` instead.
  with torch.cuda.amp.autocast(enabled=False):    # disable half precision
/scratch/e2032a10/Infinity/infinity/models/basic.py:495: FutureWarning: `torch.cuda.amp.autocast(args...)` is deprecated. Please use `torch.amp.autocast('cuda', args...)` instead.
  with torch.cuda.amp.autocast(enabled=False):    # disable half precision
/scratch/e2032a10/Infinity/tools/run_infinity_batch_repeat.py:113: FutureWarning: `torch.cuda.amp.autocast(args...)` is deprecated. Please use `torch.amp.autocast('cuda', args...)` instead.
  with torch.cuda.amp.autocast(enabled=True, dtype=torch.bfloat16, cache_enabled=True):
