==========================================
SLURM_JOB_ID = 927565
SLURM_NODELIST = gpu39
==========================================
===== JOB INFO =====
Thu Oct  8 23:07:26 KST 2026
gpu39
NVIDIA A100-SXM4-80GB, 81920 MiB, 580.105.08
torch= 2.7.1+cu128 cuda= 12.8 gpu= NVIDIA A100-SXM4-80GB
===== 8B REPEAT START =====
[Loading tokenizer and text encoder]
load checkpoint from weights/infinity_2b_reg.pth
[Loading Infinity]
self.codebook_dim: 32, self.add_lvl_embeding_only_first_block: 0,             self.use_bit_label: 1, self.rope2d_each_sa_layer: 1, self.rope2d_normalized_by_hw: 2
self.num_blocks_in_a_chunk=4, depth=32, block_chunks=8

[constructor]  ==== customized_flash_attn=False (using_flash=0/32), fused_mlp=False (fused_mlp=0/32) ==== 
    [Infinity config ] embed_dim=2048, num_heads=16, depth=32, mlp_ratio=4, swiglu=False num_blocks_in_a_chunk=4
    [drop ratios] drop_rate=0.0, drop_path_rate=0.1 (tensor([0.0000, 0.0032, 0.0065, 0.0097, 0.0129, 0.0161, 0.0194, 0.0226, 0.0258,
        0.0290, 0.0323, 0.0355, 0.0387, 0.0419, 0.0452, 0.0484, 0.0516, 0.0548,
        0.0581, 0.0613, 0.0645, 0.0677, 0.0710, 0.0742, 0.0774, 0.0806, 0.0839,
        0.0871, 0.0903, 0.0935, 0.0968, 0.1000]))

[you selected Infinity with model_kwargs={'depth': 32, 'embed_dim': 2048, 'num_heads': 16, 'drop_path_rate': 0.1, 'mlp_ratio': 4, 'block_chunks': 8}] model size: 2.20B, bf16=1
[Load Infinity weights]
<All keys matched successfully>
REPEAT_CONFIG warmup=2 measured=5 batch_size=6
===== WARMUP_1_BEGIN =====
prompt=a photo of a red panda sitting on a wooden chair
cfg: [3.0, 3.0, 3.0, 3.0, 3.0, 3.0, 3.0, 3.0, 3.0, 3.0, 3.0, 3.0, 3.0], tau: [0.5, 0.5, 0.5, 0.5, 0.5, 0.5, 0.5, 0.5, 0.5, 0.5, 0.5, 0.5, 0.5]

=== SCALE_GPU_PROFILE_BEGIN ===
scale,t,h,w,tokens,total_ms,transformer_ms,logits_ms,sampling_ms,codes_ms,next_scale_ms,word_embed_ms,other_ms
0,1,1,1,1,3105.947,2722.003,334.534,46.165,1.919,0.614,0.448,0.263
1,1,2,2,4,1216.751,867.923,347.455,0.533,0.266,0.309,0.083,0.182
2,1,4,4,16,55.755,54.199,0.415,0.429,0.202,0.359,0.028,0.123
3,1,6,6,36,53.873,52.528,0.323,0.336,0.193,0.402,0.033,0.058
4,1,8,8,64,54.532,53.026,0.267,0.395,0.187,0.566,0.051,0.040
5,1,12,12,144,87.744,85.990,0.324,0.577,0.031,0.739,0.056,0.027
6,1,16,16,256,127.681,125.228,0.359,0.908,0.032,1.050,0.078,0.026
7,1,20,20,400,174.182,171.473,0.376,1.121,0.028,1.070,0.090,0.025
8,1,24,24,576,241.106,237.810,0.418,1.535,0.028,1.138,0.153,0.024
9,1,32,32,1024,444.007,439.324,0.630,2.617,0.030,1.159,0.222,0.024
10,1,40,40,1600,730.848,724.449,0.817,3.993,0.033,1.224,0.308,0.024
11,1,48,48,2304,1157.967,1149.883,1.037,5.669,0.035,0.786,0.531,0.026
12,1,64,64,4096,2397.886,2385.844,1.789,10.185,0.043,0.000,0.000,0.024
FINAL_DECODE_MS,1870.409
=== SCALE_GPU_PROFILE_END ===

cost: 12.454052448272705, infinity cost=11.762958288192749
===== WARMUP_1_END =====
===== WARMUP_2_BEGIN =====
prompt=a photo of a red panda sitting on a wooden chair
cfg: [3.0, 3.0, 3.0, 3.0, 3.0, 3.0, 3.0, 3.0, 3.0, 3.0, 3.0, 3.0, 3.0], tau: [0.5, 0.5, 0.5, 0.5, 0.5, 0.5, 0.5, 0.5, 0.5, 0.5, 0.5, 0.5, 0.5]

=== SCALE_GPU_PROFILE_BEGIN ===
scale,t,h,w,tokens,total_ms,transformer_ms,logits_ms,sampling_ms,codes_ms,next_scale_ms,word_embed_ms,other_ms
0,1,1,1,1,61.821,59.994,0.557,0.553,0.266,0.233,0.055,0.161
1,1,2,2,4,55.551,54.115,0.423,0.409,0.185,0.245,0.022,0.153
2,1,4,4,16,53.957,52.574,0.378,0.385,0.181,0.295,0.023,0.122
3,1,6,6,36,52.953,51.653,0.317,0.378,0.188,0.332,0.026,0.058
4,1,8,8,64,53.526,52.156,0.241,0.385,0.171,0.464,0.036,0.073
5,1,12,12,144,74.474,73.037,0.272,0.471,0.027,0.598,0.046,0.023
6,1,16,16,256,110.305,108.294,0.295,0.741,0.027,0.859,0.065,0.023
7,1,20,20,400,170.780,168.084,0.356,1.127,0.029,1.069,0.091,0.023
8,1,24,24,576,241.540,238.212,0.435,1.544,0.028,1.145,0.153,0.023
9,1,32,32,1024,447.543,442.719,0.640,2.705,0.031,1.198,0.226,0.024
10,1,40,40,1600,732.943,726.548,0.816,3.991,0.033,1.224,0.307,0.024
11,1,48,48,2304,1118.416,1110.233,1.010,5.766,0.037,0.803,0.542,0.025
12,1,64,64,4096,2241.157,2229.204,1.777,10.111,0.042,0.000,0.000,0.024
FINAL_DECODE_MS,1164.698
=== SCALE_GPU_PROFILE_END ===

cost: 6.6978912353515625, infinity cost=6.583923816680908
===== WARMUP_2_END =====
===== MEASURE_1_BEGIN =====
prompt=a photo of a red panda sitting on a wooden chair
cfg: [3.0, 3.0, 3.0, 3.0, 3.0, 3.0, 3.0, 3.0, 3.0, 3.0, 3.0, 3.0, 3.0], tau: [0.5, 0.5, 0.5, 0.5, 0.5, 0.5, 0.5, 0.5, 0.5, 0.5, 0.5, 0.5, 0.5]

=== SCALE_GPU_PROFILE_BEGIN ===
scale,t,h,w,tokens,total_ms,transformer_ms,logits_ms,sampling_ms,codes_ms,next_scale_ms,word_embed_ms,other_ms
0,1,1,1,1,48.899,47.192,0.520,0.498,0.252,0.229,0.049,0.159
1,1,2,2,4,52.704,51.331,0.412,0.393,0.179,0.244,0.022,0.122
2,1,4,4,16,52.785,51.398,0.379,0.380,0.190,0.298,0.023,0.117
3,1,6,6,36,53.383,52.101,0.306,0.379,0.183,0.332,0.027,0.057
4,1,8,8,64,54.033,52.615,0.254,0.408,0.181,0.464,0.035,0.076
5,1,12,12,144,74.563,73.103,0.287,0.473,0.027,0.604,0.046,0.023
6,1,16,16,256,110.800,108.758,0.311,0.749,0.027,0.865,0.067,0.023
7,1,20,20,400,171.751,169.039,0.357,1.132,0.028,1.080,0.090,0.023
8,1,24,24,576,241.845,238.513,0.407,1.562,0.029,1.157,0.153,0.024
9,1,32,32,1024,449.375,444.645,0.637,2.645,0.030,1.172,0.223,0.024
10,1,40,40,1600,735.381,728.902,0.837,4.035,0.033,1.239,0.311,0.024
11,1,48,48,2304,1119.892,1111.723,1.047,5.734,0.036,0.794,0.536,0.024
12,1,64,64,4096,2244.624,2232.510,1.779,10.268,0.043,0.000,0.000,0.023
FINAL_DECODE_MS,1163.163
=== SCALE_GPU_PROFILE_END ===

cost: 6.68944525718689, infinity cost=6.576865196228027
===== MEASURE_1_END =====
===== MEASURE_2_BEGIN =====
prompt=a photo of a red panda sitting on a wooden chair
cfg: [3.0, 3.0, 3.0, 3.0, 3.0, 3.0, 3.0, 3.0, 3.0, 3.0, 3.0, 3.0, 3.0], tau: [0.5, 0.5, 0.5, 0.5, 0.5, 0.5, 0.5, 0.5, 0.5, 0.5, 0.5, 0.5, 0.5]

=== SCALE_GPU_PROFILE_BEGIN ===
scale,t,h,w,tokens,total_ms,transformer_ms,logits_ms,sampling_ms,codes_ms,next_scale_ms,word_embed_ms,other_ms
0,1,1,1,1,46.500,45.032,0.453,0.426,0.187,0.225,0.040,0.137
1,1,2,2,4,51.528,50.205,0.375,0.384,0.178,0.246,0.022,0.117
2,1,4,4,16,51.968,50.609,0.368,0.383,0.178,0.296,0.023,0.111
3,1,6,6,36,52.450,51.184,0.302,0.368,0.180,0.332,0.026,0.057
4,1,8,8,64,53.211,51.835,0.250,0.370,0.181,0.466,0.036,0.074
5,1,12,12,144,74.622,73.161,0.292,0.471,0.027,0.599,0.048,0.023
6,1,16,16,256,110.762,108.725,0.304,0.748,0.027,0.868,0.066,0.023
7,1,20,20,400,172.666,169.926,0.360,1.146,0.028,1.090,0.091,0.024
8,1,24,24,576,243.707,240.344,0.437,1.561,0.028,1.160,0.154,0.024
9,1,32,32,1024,449.907,445.116,0.636,2.689,0.030,1.185,0.226,0.024
10,1,40,40,1600,737.810,731.303,0.839,4.057,0.033,1.243,0.311,0.024
11,1,48,48,2304,1121.368,1113.192,1.018,5.763,0.036,0.798,0.536,0.024
12,1,64,64,4096,2246.366,2234.131,1.792,10.377,0.043,0.000,0.000,0.023
FINAL_DECODE_MS,1160.842
=== SCALE_GPU_PROFILE_END ===

cost: 6.688994884490967, infinity cost=6.5769264698028564
===== MEASURE_2_END =====
===== MEASURE_3_BEGIN =====
prompt=a photo of a red panda sitting on a wooden chair
cfg: [3.0, 3.0, 3.0, 3.0, 3.0, 3.0, 3.0, 3.0, 3.0, 3.0, 3.0, 3.0, 3.0], tau: [0.5, 0.5, 0.5, 0.5, 0.5, 0.5, 0.5, 0.5, 0.5, 0.5, 0.5, 0.5, 0.5]

=== SCALE_GPU_PROFILE_BEGIN ===
scale,t,h,w,tokens,total_ms,transformer_ms,logits_ms,sampling_ms,codes_ms,next_scale_ms,word_embed_ms,other_ms
0,1,1,1,1,46.724,45.281,0.440,0.414,0.194,0.219,0.039,0.137
1,1,2,2,4,52.482,51.152,0.385,0.375,0.181,0.247,0.022,0.120
2,1,4,4,16,52.597,51.215,0.374,0.386,0.179,0.298,0.023,0.120
3,1,6,6,36,53.058,51.780,0.295,0.384,0.178,0.333,0.027,0.060
4,1,8,8,64,53.606,52.222,0.254,0.374,0.179,0.465,0.036,0.075
5,1,12,12,144,74.563,73.125,0.269,0.471,0.027,0.602,0.047,0.023
6,1,16,16,256,111.165,109.079,0.324,0.761,0.027,0.882,0.067,0.023
7,1,20,20,400,172.197,169.449,0.371,1.145,0.028,1.089,0.091,0.023
8,1,24,24,576,243.343,239.991,0.445,1.551,0.028,1.149,0.154,0.023
9,1,32,32,1024,451.315,446.496,0.632,2.709,0.030,1.198,0.226,0.024
10,1,40,40,1600,738.485,731.936,0.843,4.082,0.033,1.254,0.313,0.025
11,1,48,48,2304,1123.140,1114.863,1.056,5.813,0.036,0.807,0.541,0.024
12,1,64,64,4096,2251.062,2239.098,1.744,10.153,0.043,0.000,0.000,0.023
FINAL_DECODE_MS,1165.057
=== SCALE_GPU_PROFILE_END ===

cost: 6.703854084014893, infinity cost=6.592052936553955
===== MEASURE_3_END =====
===== MEASURE_4_BEGIN =====
prompt=a photo of a red panda sitting on a wooden chair
cfg: [3.0, 3.0, 3.0, 3.0, 3.0, 3.0, 3.0, 3.0, 3.0, 3.0, 3.0, 3.0, 3.0], tau: [0.5, 0.5, 0.5, 0.5, 0.5, 0.5, 0.5, 0.5, 0.5, 0.5, 0.5, 0.5, 0.5]

=== SCALE_GPU_PROFILE_BEGIN ===
scale,t,h,w,tokens,total_ms,transformer_ms,logits_ms,sampling_ms,codes_ms,next_scale_ms,word_embed_ms,other_ms
0,1,1,1,1,46.506,45.082,0.434,0.397,0.196,0.219,0.039,0.139
1,1,2,2,4,52.090,50.761,0.378,0.382,0.181,0.246,0.022,0.120
2,1,4,4,16,52.490,51.114,0.386,0.378,0.180,0.297,0.024,0.111
3,1,6,6,36,53.032,51.756,0.294,0.376,0.179,0.332,0.026,0.069
4,1,8,8,64,53.699,52.300,0.252,0.390,0.180,0.467,0.036,0.074
5,1,12,12,144,74.506,73.077,0.264,0.470,0.027,0.599,0.046,0.023
6,1,16,16,256,111.018,108.954,0.316,0.757,0.027,0.873,0.067,0.023
7,1,20,20,400,172.842,170.103,0.360,1.144,0.029,1.089,0.092,0.023
8,1,24,24,576,243.424,240.063,0.457,1.553,0.028,1.146,0.153,0.024
9,1,32,32,1024,451.180,446.420,0.626,2.675,0.030,1.181,0.224,0.024
10,1,40,40,1600,739.660,733.158,0.836,4.053,0.033,1.245,0.311,0.024
11,1,48,48,2304,1124.713,1116.446,1.061,5.799,0.037,0.804,0.542,0.024
12,1,64,64,4096,2253.663,2241.558,1.803,10.234,0.043,0.000,0.000,0.024
FINAL_DECODE_MS,1165.152
=== SCALE_GPU_PROFILE_END ===

cost: 6.7090370655059814, infinity cost=6.597175121307373
===== MEASURE_4_END =====
===== MEASURE_5_BEGIN =====
prompt=a photo of a red panda sitting on a wooden chair
cfg: [3.0, 3.0, 3.0, 3.0, 3.0, 3.0, 3.0, 3.0, 3.0, 3.0, 3.0, 3.0, 3.0], tau: [0.5, 0.5, 0.5, 0.5, 0.5, 0.5, 0.5, 0.5, 0.5, 0.5, 0.5, 0.5, 0.5]

=== SCALE_GPU_PROFILE_BEGIN ===
scale,t,h,w,tokens,total_ms,transformer_ms,logits_ms,sampling_ms,codes_ms,next_scale_ms,word_embed_ms,other_ms
0,1,1,1,1,46.074,44.652,0.443,0.396,0.181,0.218,0.047,0.137
1,1,2,2,4,51.419,50.102,0.378,0.379,0.176,0.245,0.022,0.118
2,1,4,4,16,51.719,50.349,0.374,0.374,0.185,0.296,0.023,0.117
3,1,6,6,36,52.230,50.964,0.292,0.381,0.178,0.332,0.026,0.057
4,1,8,8,64,52.914,51.542,0.242,0.371,0.182,0.467,0.035,0.073
5,1,12,12,144,74.501,73.053,0.282,0.471,0.026,0.599,0.046,0.023
6,1,16,16,256,110.853,108.813,0.307,0.750,0.027,0.866,0.067,0.024
7,1,20,20,400,172.598,169.876,0.359,1.139,0.028,1.081,0.091,0.023
8,1,24,24,576,244.122,240.747,0.433,1.571,0.029,1.165,0.154,0.024
9,1,32,32,1024,450.937,446.194,0.634,2.658,0.030,1.174,0.223,0.024
10,1,40,40,1600,737.921,731.372,0.844,4.081,0.033,1.253,0.313,0.024
11,1,48,48,2304,1124.091,1115.824,1.066,5.797,0.036,0.805,0.540,0.025
12,1,64,64,4096,2249.148,2237.033,1.787,10.262,0.043,0.000,0.000,0.023
FINAL_DECODE_MS,1165.490
=== SCALE_GPU_PROFILE_END ===

cost: 6.699023962020874, infinity cost=6.587195873260498
===== MEASURE_5_END =====
Save to /scratch/e2032a10/Infinity/outputs/a100_2b_b6_repeat.jpg
===== 8B REPEAT END =====
Thu Oct  8 23:08:47 KST 2026
