==========================================
SLURM_JOB_ID = 927644
SLURM_NODELIST = gpu59
==========================================
===== JOB INFO =====
Fri Oct  9 00:59:37 KST 2026
gpu59
NVIDIA H100 NVL, 95830 MiB, 580.105.08
torch= 2.7.1+cu128 cuda= 12.8 gpu= NVIDIA H100 NVL
===== 8B REPEAT START =====
[Loading tokenizer and text encoder]
load checkpoint from weights/infinity_2b_reg.pth
[Loading Infinity]
self.codebook_dim: 32, self.add_lvl_embeding_only_first_block: 0,             self.use_bit_label: 1, self.rope2d_each_sa_layer: 1, self.rope2d_normalized_by_hw: 2
self.num_blocks_in_a_chunk=4, depth=32, block_chunks=8

[constructor]  ==== customized_flash_attn=False (using_flash=0/32), fused_mlp=False (fused_mlp=0/32) ==== 
    [Infinity config ] embed_dim=2048, num_heads=16, depth=32, mlp_ratio=4, swiglu=False num_blocks_in_a_chunk=4
    [drop ratios] drop_rate=0.0, drop_path_rate=0.1 (tensor([0.0000, 0.0032, 0.0065, 0.0097, 0.0129, 0.0161, 0.0194, 0.0226, 0.0258,
        0.0290, 0.0323, 0.0355, 0.0387, 0.0419, 0.0452, 0.0484, 0.0516, 0.0548,
        0.0581, 0.0613, 0.0645, 0.0677, 0.0710, 0.0742, 0.0774, 0.0806, 0.0839,
        0.0871, 0.0903, 0.0935, 0.0968, 0.1000]))

[you selected Infinity with model_kwargs={'depth': 32, 'embed_dim': 2048, 'num_heads': 16, 'drop_path_rate': 0.1, 'mlp_ratio': 4, 'block_chunks': 8}] model size: 2.20B, bf16=1
[Load Infinity weights]
<All keys matched successfully>
prompt=a photo of a red panda sitting on a wooden chair
PIPELINE_BENCHMARK_BEGIN
prompt=a photo of a red panda sitting on a wooden chair
BENCH_WARMUP_BEGIN Sequential-B1

=== SCALE_GPU_PROFILE_BEGIN ===
scale,t,h,w,tokens,total_ms,transformer_ms,logits_ms,sampling_ms,codes_ms,next_scale_ms,word_embed_ms,other_ms
0,1,1,1,1,2576.130,2426.300,97.378,35.268,2.891,0.445,0.355,13.494
1,1,2,2,4,239.170,184.182,52.381,0.463,0.192,0.095,1.674,0.183
2,1,4,4,16,59.832,56.818,0.554,0.360,0.188,0.086,1.688,0.138
3,1,6,6,36,69.516,66.632,0.408,0.355,0.255,0.087,1.639,0.141
4,1,8,8,64,61.265,58.471,0.349,0.346,0.176,0.094,1.693,0.136
5,1,12,12,144,57.857,55.065,0.354,0.348,0.178,0.110,1.684,0.117
6,1,16,16,256,58.992,56.031,0.375,0.357,0.176,0.147,1.784,0.122
7,1,20,20,400,60.415,54.775,2.591,0.354,0.177,0.166,2.238,0.114
8,1,24,24,576,58.425,55.198,0.308,0.356,0.175,0.171,2.120,0.099
9,1,32,32,1024,52.751,50.097,0.180,0.436,0.113,0.175,1.669,0.082
10,1,40,40,1600,82.149,81.154,0.161,0.558,0.023,0.176,0.041,0.036
11,1,48,48,2304,116.652,115.382,0.184,0.799,0.023,0.122,0.128,0.013
12,1,64,64,4096,229.384,227.720,0.256,1.348,0.024,0.000,0.000,0.036
FINAL_DECODE_MS,241.090
=== SCALE_GPU_PROFILE_END ===


=== SCALE_GPU_PROFILE_BEGIN ===
scale,t,h,w,tokens,total_ms,transformer_ms,logits_ms,sampling_ms,codes_ms,next_scale_ms,word_embed_ms,other_ms
0,1,1,1,1,44.104,42.688,0.398,0.468,0.181,0.102,0.123,0.144
1,1,2,2,4,48.402,47.206,0.347,0.346,0.160,0.091,0.122,0.129
2,1,4,4,16,48.738,47.567,0.343,0.340,0.154,0.084,0.121,0.130
3,1,6,6,36,48.050,46.872,0.338,0.342,0.156,0.083,0.131,0.128
4,1,8,8,64,48.714,47.536,0.339,0.348,0.155,0.087,0.122,0.127
5,1,12,12,144,48.739,47.388,0.501,0.358,0.156,0.109,0.113,0.114
6,1,16,16,256,48.356,47.186,0.336,0.348,0.155,0.140,0.079,0.114
7,1,20,20,400,48.612,47.449,0.339,0.355,0.154,0.164,0.057,0.095
8,1,24,24,576,49.980,48.861,0.287,0.358,0.157,0.171,0.049,0.096
9,1,32,32,1024,50.342,49.347,0.174,0.428,0.091,0.175,0.049,0.078
10,1,40,40,1600,76.253,75.274,0.148,0.557,0.024,0.176,0.040,0.035
11,1,48,48,2304,116.601,115.387,0.186,0.809,0.024,0.125,0.060,0.011
12,1,64,64,4096,229.134,227.497,0.239,1.361,0.025,0.000,0.000,0.011
FINAL_DECODE_MS,140.522
=== SCALE_GPU_PROFILE_END ===


=== SCALE_GPU_PROFILE_BEGIN ===
scale,t,h,w,tokens,total_ms,transformer_ms,logits_ms,sampling_ms,codes_ms,next_scale_ms,word_embed_ms,other_ms
0,1,1,1,1,43.265,42.088,0.333,0.348,0.156,0.089,0.121,0.131
1,1,2,2,4,51.166,49.818,0.377,0.430,0.167,0.096,0.128,0.150
2,1,4,4,16,48.596,47.432,0.328,0.343,0.154,0.084,0.120,0.137
3,1,6,6,36,48.345,47.168,0.332,0.344,0.154,0.083,0.130,0.134
4,1,8,8,64,49.491,48.293,0.345,0.361,0.155,0.088,0.125,0.123
5,1,12,12,144,49.022,47.849,0.334,0.354,0.155,0.110,0.108,0.112
6,1,16,16,256,48.443,47.254,0.335,0.349,0.154,0.140,0.089,0.123
7,1,20,20,400,49.371,48.192,0.335,0.368,0.161,0.167,0.054,0.095
8,1,24,24,576,49.685,48.548,0.305,0.349,0.156,0.174,0.051,0.102
9,1,32,32,1024,49.963,48.951,0.175,0.428,0.095,0.183,0.053,0.078
10,1,40,40,1600,76.842,75.840,0.149,0.572,0.024,0.180,0.042,0.034
11,1,48,48,2304,116.242,115.027,0.186,0.809,0.023,0.125,0.061,0.010
12,1,64,64,4096,229.992,228.377,0.235,1.343,0.026,0.000,0.000,0.011
FINAL_DECODE_MS,140.602
=== SCALE_GPU_PROFILE_END ===


=== SCALE_GPU_PROFILE_BEGIN ===
scale,t,h,w,tokens,total_ms,transformer_ms,logits_ms,sampling_ms,codes_ms,next_scale_ms,word_embed_ms,other_ms
0,1,1,1,1,43.295,42.099,0.330,0.370,0.154,0.088,0.121,0.133
1,1,2,2,4,48.574,47.398,0.333,0.347,0.168,0.083,0.120,0.126
2,1,4,4,16,48.273,47.104,0.335,0.350,0.154,0.083,0.120,0.127
3,1,6,6,36,48.276,47.102,0.339,0.347,0.155,0.083,0.122,0.128
4,1,8,8,64,48.526,47.331,0.337,0.368,0.155,0.088,0.121,0.126
5,1,12,12,144,48.926,47.750,0.328,0.349,0.164,0.110,0.111,0.114
6,1,16,16,256,48.177,47.008,0.330,0.355,0.155,0.139,0.078,0.112
7,1,20,20,400,48.976,47.789,0.346,0.363,0.157,0.166,0.058,0.096
8,1,24,24,576,49.652,48.537,0.286,0.347,0.163,0.171,0.052,0.096
9,1,32,32,1024,49.763,48.721,0.207,0.429,0.090,0.175,0.062,0.079
10,1,40,40,1600,76.859,75.874,0.149,0.562,0.023,0.176,0.040,0.034
11,1,48,48,2304,117.206,115.992,0.186,0.808,0.024,0.124,0.061,0.011
12,1,64,64,4096,230.485,228.849,0.237,1.361,0.024,0.000,0.000,0.012
FINAL_DECODE_MS,140.723
=== SCALE_GPU_PROFILE_END ===

BENCH_WARMUP Sequential-B1 seconds=7.671840 img_s=0.521387 peak_gb=15.773

=== SCALE_GPU_PROFILE_BEGIN ===
scale,t,h,w,tokens,total_ms,transformer_ms,logits_ms,sampling_ms,codes_ms,next_scale_ms,word_embed_ms,other_ms
0,1,1,1,1,45.581,44.116,0.445,0.425,0.224,0.106,0.125,0.141
1,1,2,2,4,48.054,46.842,0.341,0.343,0.160,0.083,0.120,0.163
2,1,4,4,16,48.392,47.215,0.344,0.346,0.158,0.084,0.119,0.126
3,1,6,6,36,48.441,47.269,0.328,0.347,0.166,0.085,0.120,0.126
4,1,8,8,64,49.169,47.946,0.337,0.382,0.165,0.089,0.124,0.126
5,1,12,12,144,48.592,47.408,0.339,0.345,0.156,0.110,0.119,0.116
6,1,16,16,256,48.617,47.431,0.334,0.362,0.158,0.140,0.078,0.112
7,1,20,20,400,49.319,48.106,0.368,0.358,0.155,0.164,0.069,0.100
8,1,24,24,576,49.504,48.378,0.292,0.359,0.175,0.169,0.050,0.080
9,1,32,32,1024,50.184,49.170,0.175,0.431,0.093,0.176,0.053,0.085
10,1,40,40,1600,76.950,75.960,0.149,0.564,0.024,0.178,0.041,0.035
11,1,48,48,2304,117.377,116.134,0.193,0.826,0.025,0.127,0.063,0.010
12,1,64,64,4096,230.356,228.716,0.240,1.363,0.026,0.000,0.000,0.011
FINAL_DECODE_MS,140.509
=== SCALE_GPU_PROFILE_END ===


=== SCALE_GPU_PROFILE_BEGIN ===
scale,t,h,w,tokens,total_ms,transformer_ms,logits_ms,sampling_ms,codes_ms,next_scale_ms,word_embed_ms,other_ms
0,1,1,1,1,43.257,42.078,0.329,0.357,0.154,0.089,0.119,0.130
1,1,2,2,4,47.859,46.692,0.329,0.353,0.155,0.083,0.121,0.126
2,1,4,4,16,48.435,47.264,0.339,0.347,0.155,0.084,0.119,0.128
3,1,6,6,36,48.653,47.426,0.330,0.397,0.158,0.083,0.124,0.136
4,1,8,8,64,47.921,46.747,0.333,0.354,0.154,0.088,0.121,0.124
5,1,12,12,144,48.506,47.317,0.339,0.346,0.160,0.111,0.118,0.114
6,1,16,16,256,48.209,47.034,0.331,0.347,0.165,0.139,0.079,0.113
7,1,20,20,400,48.915,47.725,0.342,0.356,0.159,0.166,0.061,0.107
8,1,24,24,576,49.059,47.946,0.279,0.348,0.165,0.173,0.050,0.097
9,1,32,32,1024,49.855,48.846,0.171,0.429,0.091,0.184,0.056,0.077
10,1,40,40,1600,77.016,76.000,0.152,0.581,0.023,0.185,0.041,0.034
11,1,48,48,2304,117.303,116.083,0.186,0.811,0.024,0.126,0.060,0.012
12,1,64,64,4096,229.070,227.434,0.239,1.361,0.024,0.000,0.000,0.012
FINAL_DECODE_MS,140.694
=== SCALE_GPU_PROFILE_END ===


=== SCALE_GPU_PROFILE_BEGIN ===
scale,t,h,w,tokens,total_ms,transformer_ms,logits_ms,sampling_ms,codes_ms,next_scale_ms,word_embed_ms,other_ms
0,1,1,1,1,42.923,41.753,0.327,0.351,0.152,0.088,0.120,0.131
1,1,2,2,4,48.186,46.833,0.518,0.354,0.154,0.083,0.119,0.126
2,1,4,4,16,48.381,47.206,0.332,0.343,0.153,0.083,0.130,0.134
3,1,6,6,36,48.379,47.218,0.325,0.351,0.155,0.083,0.120,0.127
4,1,8,8,64,48.161,46.973,0.330,0.374,0.153,0.088,0.121,0.123
5,1,12,12,144,48.681,47.505,0.331,0.348,0.157,0.110,0.109,0.120
6,1,16,16,256,48.337,47.163,0.330,0.358,0.155,0.139,0.078,0.113
7,1,20,20,400,48.805,47.646,0.335,0.355,0.154,0.164,0.056,0.095
8,1,24,24,576,49.107,47.991,0.286,0.360,0.156,0.171,0.048,0.095
9,1,32,32,1024,50.029,49.034,0.163,0.430,0.093,0.175,0.048,0.085
10,1,40,40,1600,77.226,76.230,0.148,0.571,0.023,0.179,0.041,0.034
11,1,48,48,2304,116.887,115.662,0.188,0.817,0.023,0.125,0.062,0.010
12,1,64,64,4096,230.350,228.702,0.239,1.371,0.025,0.000,0.000,0.012
FINAL_DECODE_MS,140.711
=== SCALE_GPU_PROFILE_END ===


=== SCALE_GPU_PROFILE_BEGIN ===
scale,t,h,w,tokens,total_ms,transformer_ms,logits_ms,sampling_ms,codes_ms,next_scale_ms,word_embed_ms,other_ms
0,1,1,1,1,43.089,41.835,0.354,0.381,0.166,0.099,0.121,0.134
1,1,2,2,4,48.129,46.956,0.338,0.347,0.157,0.083,0.120,0.128
2,1,4,4,16,48.531,47.356,0.333,0.344,0.167,0.083,0.119,0.128
3,1,6,6,36,48.536,47.247,0.404,0.372,0.164,0.089,0.131,0.128
4,1,8,8,64,48.345,47.146,0.339,0.349,0.167,0.089,0.124,0.131
5,1,12,12,144,48.800,47.602,0.340,0.350,0.167,0.110,0.120,0.112
6,1,16,16,256,48.667,47.490,0.339,0.347,0.161,0.139,0.079,0.114
7,1,20,20,400,48.590,47.427,0.337,0.352,0.159,0.166,0.054,0.096
8,1,24,24,576,49.564,48.426,0.293,0.359,0.158,0.172,0.057,0.097
9,1,32,32,1024,49.862,48.855,0.172,0.430,0.098,0.176,0.052,0.078
10,1,40,40,1600,76.969,75.959,0.151,0.577,0.023,0.182,0.041,0.035
11,1,48,48,2304,116.930,115.710,0.187,0.812,0.024,0.125,0.061,0.011
12,1,64,64,4096,230.153,228.517,0.239,1.360,0.025,0.000,0.000,0.012
FINAL_DECODE_MS,140.639
=== SCALE_GPU_PROFILE_END ===

BENCH_MEASURE Sequential-B1 1 seconds=4.199470 img_s=0.952501 peak_gb=15.773

=== SCALE_GPU_PROFILE_BEGIN ===
scale,t,h,w,tokens,total_ms,transformer_ms,logits_ms,sampling_ms,codes_ms,next_scale_ms,word_embed_ms,other_ms
0,1,1,1,1,42.931,41.745,0.328,0.349,0.167,0.089,0.120,0.132
1,1,2,2,4,48.243,47.074,0.333,0.354,0.154,0.083,0.120,0.126
2,1,4,4,16,48.382,47.222,0.336,0.341,0.155,0.083,0.119,0.126
3,1,6,6,36,48.197,47.020,0.331,0.344,0.156,0.090,0.122,0.136
4,1,8,8,64,48.318,47.145,0.333,0.355,0.155,0.088,0.121,0.122
5,1,12,12,144,48.791,47.602,0.329,0.359,0.168,0.110,0.110,0.113
6,1,16,16,256,48.211,47.045,0.325,0.354,0.156,0.140,0.077,0.113
7,1,20,20,400,48.350,47.195,0.343,0.343,0.154,0.165,0.054,0.095
8,1,24,24,576,49.480,48.362,0.289,0.357,0.156,0.172,0.046,0.096
9,1,32,32,1024,50.164,49.134,0.174,0.432,0.111,0.175,0.060,0.078
10,1,40,40,1600,77.009,76.002,0.151,0.575,0.023,0.181,0.042,0.036
11,1,48,48,2304,117.696,116.462,0.190,0.821,0.024,0.126,0.062,0.010
12,1,64,64,4096,230.802,229.163,0.240,1.363,0.025,0.000,0.000,0.011
FINAL_DECODE_MS,140.674
=== SCALE_GPU_PROFILE_END ===


=== SCALE_GPU_PROFILE_BEGIN ===
scale,t,h,w,tokens,total_ms,transformer_ms,logits_ms,sampling_ms,codes_ms,next_scale_ms,word_embed_ms,other_ms
0,1,1,1,1,42.967,41.784,0.334,0.348,0.154,0.088,0.127,0.131
1,1,2,2,4,48.119,46.950,0.328,0.345,0.155,0.089,0.122,0.130
2,1,4,4,16,48.488,47.325,0.329,0.349,0.154,0.083,0.120,0.127
3,1,6,6,36,47.868,46.706,0.328,0.350,0.154,0.082,0.120,0.128
4,1,8,8,64,48.285,47.107,0.340,0.350,0.155,0.088,0.121,0.124
5,1,12,12,144,48.865,47.696,0.327,0.356,0.157,0.110,0.107,0.112
6,1,16,16,256,48.064,46.894,0.338,0.346,0.154,0.140,0.079,0.114
7,1,20,20,400,48.635,47.471,0.333,0.357,0.155,0.167,0.056,0.097
8,1,24,24,576,49.187,48.076,0.283,0.356,0.154,0.171,0.050,0.096
9,1,32,32,1024,49.730,48.732,0.169,0.429,0.098,0.175,0.049,0.078
10,1,40,40,1600,76.870,75.872,0.151,0.570,0.023,0.178,0.041,0.035
11,1,48,48,2304,117.149,115.926,0.188,0.815,0.023,0.125,0.062,0.011
12,1,64,64,4096,230.356,228.722,0.237,1.360,0.024,0.000,0.000,0.012
FINAL_DECODE_MS,140.701
=== SCALE_GPU_PROFILE_END ===


=== SCALE_GPU_PROFILE_BEGIN ===
scale,t,h,w,tokens,total_ms,transformer_ms,logits_ms,sampling_ms,codes_ms,next_scale_ms,word_embed_ms,other_ms
0,1,1,1,1,42.996,41.818,0.324,0.357,0.153,0.091,0.121,0.132
1,1,2,2,4,48.417,47.248,0.329,0.344,0.158,0.092,0.120,0.127
2,1,4,4,16,48.021,46.853,0.330,0.342,0.158,0.085,0.119,0.135
3,1,6,6,36,48.282,47.115,0.328,0.354,0.155,0.083,0.121,0.127
4,1,8,8,64,47.997,46.831,0.330,0.354,0.153,0.088,0.120,0.121
5,1,12,12,144,48.617,47.445,0.327,0.347,0.156,0.111,0.118,0.113
6,1,16,16,256,48.224,47.050,0.330,0.356,0.157,0.139,0.079,0.113
7,1,20,20,400,48.768,47.593,0.337,0.346,0.155,0.174,0.056,0.107
8,1,24,24,576,49.295,48.182,0.284,0.359,0.157,0.172,0.048,0.094
9,1,32,32,1024,49.774,48.770,0.166,0.430,0.100,0.176,0.049,0.083
10,1,40,40,1600,77.291,76.290,0.149,0.571,0.023,0.180,0.043,0.035
11,1,48,48,2304,116.704,115.479,0.189,0.815,0.023,0.126,0.062,0.010
12,1,64,64,4096,232.124,230.444,0.244,1.399,0.026,0.000,0.000,0.011
FINAL_DECODE_MS,140.911
=== SCALE_GPU_PROFILE_END ===


=== SCALE_GPU_PROFILE_BEGIN ===
scale,t,h,w,tokens,total_ms,transformer_ms,logits_ms,sampling_ms,codes_ms,next_scale_ms,word_embed_ms,other_ms
0,1,1,1,1,42.884,41.711,0.322,0.360,0.153,0.088,0.120,0.130
1,1,2,2,4,48.103,46.940,0.326,0.353,0.154,0.083,0.120,0.127
2,1,4,4,16,48.179,47.013,0.341,0.342,0.154,0.083,0.120,0.127
3,1,6,6,36,48.378,47.208,0.328,0.346,0.164,0.085,0.121,0.127
4,1,8,8,64,48.379,47.206,0.330,0.355,0.154,0.089,0.121,0.124
5,1,12,12,144,48.369,47.191,0.338,0.344,0.155,0.111,0.117,0.114
6,1,16,16,256,48.047,46.865,0.329,0.346,0.156,0.139,0.092,0.120
7,1,20,20,400,48.790,47.622,0.345,0.350,0.156,0.166,0.054,0.095
8,1,24,24,576,49.404,48.287,0.283,0.347,0.165,0.171,0.047,0.103
9,1,32,32,1024,49.768,48.766,0.172,0.429,0.088,0.176,0.058,0.079
10,1,40,40,1600,77.303,76.295,0.152,0.575,0.024,0.181,0.042,0.035
11,1,48,48,2304,117.928,116.702,0.189,0.816,0.024,0.125,0.062,0.011
12,1,64,64,4096,231.677,230.039,0.237,1.366,0.024,0.000,0.000,0.011
FINAL_DECODE_MS,140.893
=== SCALE_GPU_PROFILE_END ===

BENCH_MEASURE Sequential-B1 2 seconds=4.198090 img_s=0.952814 peak_gb=15.773

=== SCALE_GPU_PROFILE_BEGIN ===
scale,t,h,w,tokens,total_ms,transformer_ms,logits_ms,sampling_ms,codes_ms,next_scale_ms,word_embed_ms,other_ms
0,1,1,1,1,44.127,42.789,0.396,0.361,0.219,0.097,0.121,0.145
1,1,2,2,4,47.941,46.761,0.343,0.349,0.160,0.084,0.119,0.126
2,1,4,4,16,48.047,46.883,0.327,0.352,0.157,0.083,0.120,0.125
3,1,6,6,36,49.323,48.026,0.358,0.420,0.168,0.096,0.127,0.129
4,1,8,8,64,48.128,46.954,0.339,0.346,0.158,0.088,0.121,0.122
5,1,12,12,144,48.267,47.096,0.327,0.346,0.166,0.111,0.109,0.112
6,1,16,16,256,48.473,47.301,0.327,0.357,0.158,0.141,0.080,0.111
7,1,20,20,400,48.841,47.680,0.338,0.356,0.156,0.164,0.053,0.094
8,1,24,24,576,49.044,47.936,0.282,0.358,0.155,0.170,0.048,0.094
9,1,32,32,1024,50.252,49.184,0.191,0.443,0.123,0.177,0.056,0.080
10,1,40,40,1600,77.186,76.185,0.149,0.571,0.023,0.178,0.043,0.037
11,1,48,48,2304,117.731,116.501,0.190,0.819,0.024,0.125,0.061,0.011
12,1,64,64,4096,232.158,230.500,0.241,1.379,0.026,0.000,0.000,0.011
FINAL_DECODE_MS,140.694
=== SCALE_GPU_PROFILE_END ===


=== SCALE_GPU_PROFILE_BEGIN ===
scale,t,h,w,tokens,total_ms,transformer_ms,logits_ms,sampling_ms,codes_ms,next_scale_ms,word_embed_ms,other_ms
0,1,1,1,1,43.064,41.878,0.330,0.353,0.152,0.098,0.122,0.130
1,1,2,2,4,47.900,46.725,0.334,0.346,0.155,0.083,0.124,0.134
2,1,4,4,16,48.466,47.292,0.335,0.355,0.154,0.084,0.120,0.127
3,1,6,6,36,48.670,47.499,0.330,0.345,0.165,0.083,0.121,0.126
4,1,8,8,64,47.911,46.741,0.328,0.344,0.162,0.088,0.121,0.126
5,1,12,12,144,48.482,47.306,0.331,0.358,0.156,0.110,0.109,0.112
6,1,16,16,256,48.236,47.052,0.338,0.351,0.155,0.138,0.087,0.114
7,1,20,20,400,48.681,47.518,0.336,0.352,0.159,0.165,0.055,0.096
8,1,24,24,576,48.845,47.728,0.287,0.354,0.157,0.172,0.049,0.098
9,1,32,32,1024,49.879,48.881,0.170,0.429,0.096,0.176,0.050,0.077
10,1,40,40,1600,76.942,75.936,0.151,0.576,0.023,0.181,0.041,0.034
11,1,48,48,2304,117.907,116.681,0.189,0.815,0.024,0.125,0.062,0.011
12,1,64,64,4096,232.680,231.008,0.242,1.392,0.026,0.000,0.000,0.012
FINAL_DECODE_MS,140.980
=== SCALE_GPU_PROFILE_END ===


=== SCALE_GPU_PROFILE_BEGIN ===
scale,t,h,w,tokens,total_ms,transformer_ms,logits_ms,sampling_ms,codes_ms,next_scale_ms,word_embed_ms,other_ms
0,1,1,1,1,42.605,41.439,0.332,0.344,0.153,0.087,0.120,0.130
1,1,2,2,4,48.002,46.841,0.335,0.345,0.154,0.081,0.120,0.126
2,1,4,4,16,48.525,47.349,0.328,0.362,0.156,0.084,0.121,0.126
3,1,6,6,36,48.532,47.370,0.339,0.341,0.154,0.082,0.120,0.126
4,1,8,8,64,47.861,46.698,0.336,0.341,0.154,0.088,0.121,0.123
5,1,12,12,144,48.748,47.578,0.328,0.355,0.155,0.111,0.110,0.112
6,1,16,16,256,48.428,47.251,0.337,0.345,0.155,0.140,0.088,0.112
7,1,20,20,400,48.549,47.389,0.337,0.354,0.154,0.164,0.055,0.095
8,1,24,24,576,49.439,48.285,0.306,0.362,0.157,0.171,0.062,0.096
9,1,32,32,1024,49.918,48.901,0.177,0.428,0.094,0.175,0.065,0.079
10,1,40,40,1600,77.686,76.664,0.152,0.584,0.024,0.184,0.043,0.035
11,1,48,48,2304,117.867,116.648,0.186,0.812,0.024,0.126,0.062,0.010
12,1,64,64,4096,230.566,228.918,0.240,1.371,0.026,0.000,0.000,0.011
FINAL_DECODE_MS,140.619
=== SCALE_GPU_PROFILE_END ===


=== SCALE_GPU_PROFILE_BEGIN ===
scale,t,h,w,tokens,total_ms,transformer_ms,logits_ms,sampling_ms,codes_ms,next_scale_ms,word_embed_ms,other_ms
0,1,1,1,1,42.972,41.771,0.342,0.350,0.161,0.088,0.129,0.131
1,1,2,2,4,47.969,46.793,0.337,0.346,0.154,0.082,0.129,0.127
2,1,4,4,16,48.519,47.352,0.333,0.353,0.153,0.084,0.119,0.125
3,1,6,6,36,47.917,46.753,0.328,0.351,0.155,0.083,0.121,0.126
4,1,8,8,64,48.395,47.212,0.344,0.354,0.154,0.088,0.121,0.122
5,1,12,12,144,48.521,47.346,0.329,0.353,0.156,0.109,0.108,0.120
6,1,16,16,256,48.150,46.976,0.333,0.355,0.154,0.138,0.081,0.113
7,1,20,20,400,48.569,47.390,0.335,0.348,0.163,0.167,0.056,0.109
8,1,24,24,576,49.421,48.312,0.287,0.353,0.156,0.173,0.047,0.094
9,1,32,32,1024,49.809,48.820,0.163,0.429,0.098,0.174,0.047,0.078
10,1,40,40,1600,76.869,75.872,0.151,0.568,0.023,0.179,0.041,0.034
11,1,48,48,2304,118.002,116.774,0.188,0.816,0.024,0.126,0.062,0.011
12,1,64,64,4096,232.629,230.983,0.240,1.370,0.025,0.000,0.000,0.011
FINAL_DECODE_MS,141.024
=== SCALE_GPU_PROFILE_END ===

BENCH_MEASURE Sequential-B1 3 seconds=4.205423 img_s=0.951153 peak_gb=15.773
RESULT Sequential-B1 mean_s=4.200994 mean_img_s=0.952156 peak_gb=15.773
BENCH_WARMUP_BEGIN Fixed-B4

=== SCALE_GPU_PROFILE_BEGIN ===
scale,t,h,w,tokens,total_ms,transformer_ms,logits_ms,sampling_ms,codes_ms,next_scale_ms,word_embed_ms,other_ms
0,1,1,1,1,1633.426,1145.277,486.801,0.568,0.333,0.152,0.155,0.141
1,1,2,2,4,2096.185,1571.895,522.913,0.626,0.254,0.175,0.141,0.180
2,1,4,4,16,50.613,49.275,0.365,0.391,0.190,0.175,0.056,0.162
3,1,6,6,36,49.896,48.671,0.348,0.355,0.181,0.193,0.030,0.117
4,1,8,8,64,48.992,47.728,0.341,0.349,0.182,0.266,0.025,0.101
5,1,12,12,144,50.332,49.048,0.311,0.360,0.175,0.352,0.027,0.060
6,1,16,16,256,51.092,49.825,0.166,0.427,0.120,0.476,0.037,0.041
7,1,20,20,400,66.348,64.877,0.167,0.598,0.023,0.629,0.043,0.011
8,1,24,24,576,95.352,93.550,0.202,0.829,0.024,0.673,0.063,0.011
9,1,32,32,1024,172.173,169.569,0.260,1.406,0.024,0.722,0.181,0.012
10,1,40,40,1600,288.048,284.502,0.361,2.137,0.027,0.790,0.206,0.024
11,1,48,48,2304,465.889,461.123,0.549,3.342,0.030,0.575,0.257,0.012
12,1,64,64,4096,936.026,929.481,0.791,5.706,0.034,0.000,0.000,0.014
FINAL_DECODE_MS,416.484
=== SCALE_GPU_PROFILE_END ===

BENCH_WARMUP Fixed-B4 seconds=6.424414 img_s=0.622625 peak_gb=40.883

=== SCALE_GPU_PROFILE_BEGIN ===
scale,t,h,w,tokens,total_ms,transformer_ms,logits_ms,sampling_ms,codes_ms,next_scale_ms,word_embed_ms,other_ms
0,1,1,1,1,45.974,44.747,0.353,0.372,0.153,0.134,0.098,0.117
1,1,2,2,4,49.201,48.017,0.345,0.346,0.162,0.148,0.074,0.110
2,1,4,4,16,49.270,48.077,0.343,0.361,0.161,0.174,0.043,0.111
3,1,6,6,36,48.885,47.720,0.334,0.351,0.155,0.195,0.020,0.109
4,1,8,8,64,48.810,47.571,0.336,0.347,0.155,0.267,0.023,0.110
5,1,12,12,144,49.951,48.715,0.302,0.346,0.155,0.347,0.026,0.060
6,1,16,16,256,50.866,49.624,0.178,0.427,0.088,0.472,0.036,0.041
7,1,20,20,400,66.359,64.926,0.162,0.583,0.023,0.612,0.042,0.011
8,1,24,24,576,94.594,92.777,0.205,0.837,0.025,0.676,0.064,0.010
9,1,32,32,1024,171.553,168.980,0.261,1.434,0.026,0.739,0.103,0.012
10,1,40,40,1600,289.372,285.878,0.361,2.154,0.026,0.792,0.149,0.011
11,1,48,48,2304,466.499,461.967,0.520,3.179,0.030,0.546,0.247,0.010
12,1,64,64,4096,939.646,933.412,0.713,5.476,0.034,0.000,0.000,0.012
FINAL_DECODE_MS,415.655
=== SCALE_GPU_PROFILE_END ===

BENCH_MEASURE Fixed-B4 1 seconds=2.789575 img_s=1.433910 peak_gb=40.883

=== SCALE_GPU_PROFILE_BEGIN ===
scale,t,h,w,tokens,total_ms,transformer_ms,logits_ms,sampling_ms,codes_ms,next_scale_ms,word_embed_ms,other_ms
0,1,1,1,1,47.236,45.901,0.400,0.375,0.215,0.138,0.090,0.118
1,1,2,2,4,49.133,47.928,0.364,0.350,0.161,0.147,0.071,0.112
2,1,4,4,16,48.693,47.514,0.333,0.341,0.173,0.174,0.044,0.113
3,1,6,6,36,48.784,47.601,0.338,0.344,0.161,0.195,0.034,0.110
4,1,8,8,64,48.361,47.121,0.333,0.350,0.162,0.270,0.024,0.100
5,1,12,12,144,51.611,50.207,0.392,0.396,0.165,0.361,0.027,0.064
6,1,16,16,256,50.627,49.373,0.174,0.426,0.100,0.476,0.036,0.042
7,1,20,20,400,66.180,64.733,0.166,0.587,0.023,0.619,0.042,0.010
8,1,24,24,576,94.918,93.101,0.206,0.839,0.024,0.676,0.063,0.010
9,1,32,32,1024,172.090,169.565,0.258,1.404,0.024,0.723,0.104,0.012
10,1,40,40,1600,290.888,287.422,0.359,2.140,0.025,0.781,0.149,0.011
11,1,48,48,2304,468.301,463.772,0.519,3.178,0.029,0.546,0.247,0.010
12,1,64,64,4096,940.566,934.262,0.718,5.539,0.034,0.000,0.000,0.012
FINAL_DECODE_MS,414.993
=== SCALE_GPU_PROFILE_END ===

BENCH_MEASURE Fixed-B4 2 seconds=2.795329 img_s=1.430959 peak_gb=40.883

=== SCALE_GPU_PROFILE_BEGIN ===
scale,t,h,w,tokens,total_ms,transformer_ms,logits_ms,sampling_ms,codes_ms,next_scale_ms,word_embed_ms,other_ms
0,1,1,1,1,46.069,44.861,0.347,0.361,0.154,0.136,0.094,0.117
1,1,2,2,4,49.101,47.905,0.354,0.343,0.152,0.147,0.080,0.120
2,1,4,4,16,48.860,47.694,0.345,0.342,0.153,0.174,0.042,0.110
3,1,6,6,36,49.437,48.258,0.335,0.342,0.157,0.194,0.023,0.129
4,1,8,8,64,48.810,47.581,0.338,0.346,0.152,0.271,0.024,0.097
5,1,12,12,144,49.955,48.721,0.305,0.344,0.153,0.347,0.027,0.058
6,1,16,16,256,50.814,49.563,0.170,0.438,0.089,0.476,0.036,0.042
7,1,20,20,400,66.357,64.936,0.162,0.578,0.023,0.606,0.042,0.010
8,1,24,24,576,95.351,93.496,0.209,0.856,0.024,0.692,0.064,0.010
9,1,32,32,1024,172.478,169.918,0.260,1.424,0.025,0.735,0.104,0.012
10,1,40,40,1600,292.327,288.792,0.365,2.181,0.027,0.800,0.150,0.011
11,1,48,48,2304,468.744,464.159,0.526,3.216,0.029,0.553,0.250,0.011
12,1,64,64,4096,945.351,938.838,0.748,5.719,0.034,0.000,0.000,0.012
FINAL_DECODE_MS,417.677
=== SCALE_GPU_PROFILE_END ===

BENCH_MEASURE Fixed-B4 3 seconds=2.803990 img_s=1.426539 peak_gb=40.883
RESULT Fixed-B4 mean_s=2.796298 mean_img_s=1.430469 peak_gb=40.883
BENCH_WARMUP_BEGIN ScaleAware
BENCH_WARMUP ScaleAware seconds=3.225244 img_s=1.240216 peak_gb=52.243
BENCH_MEASURE ScaleAware 1 seconds=3.134843 img_s=1.275981 peak_gb=52.238
BENCH_MEASURE ScaleAware 2 seconds=3.111877 img_s=1.285398 peak_gb=52.238
BENCH_MEASURE ScaleAware 3 seconds=3.120075 img_s=1.282020 peak_gb=52.238
RESULT ScaleAware mean_s=3.122265 mean_img_s=1.281133 peak_gb=52.238
SCALEAWARE_VS_SEQUENTIAL_GAIN_PCT 34.55
SCALEAWARE_FIXED_B4_THROUGHPUT_PCT 89.56
PIPELINE_BENCHMARK_OK
===== 8B REPEAT END =====
Fri Oct  9 01:00:51 KST 2026
