==========================================
SLURM_JOB_ID = 927688
SLURM_NODELIST = gpu59
==========================================
===== JOB INFO =====
Fri Oct  9 01:40:34 KST 2026
gpu59
NVIDIA H100 NVL, 95830 MiB, 580.105.08
torch= 2.7.1+cu128 cuda= 12.8 gpu= NVIDIA H100 NVL
===== 8B REPEAT START =====
[Loading tokenizer and text encoder]
load checkpoint from weights/infinity_2b_reg.pth
[Loading Infinity]
self.codebook_dim: 32, self.add_lvl_embeding_only_first_block: 0,             self.use_bit_label: 1, self.rope2d_each_sa_layer: 1, self.rope2d_normalized_by_hw: 2
self.num_blocks_in_a_chunk=4, depth=32, block_chunks=8

[constructor]  ==== customized_flash_attn=False (using_flash=0/32), fused_mlp=False (fused_mlp=0/32) ==== 
    [Infinity config ] embed_dim=2048, num_heads=16, depth=32, mlp_ratio=4, swiglu=False num_blocks_in_a_chunk=4
    [drop ratios] drop_rate=0.0, drop_path_rate=0.1 (tensor([0.0000, 0.0032, 0.0065, 0.0097, 0.0129, 0.0161, 0.0194, 0.0226, 0.0258,
        0.0290, 0.0323, 0.0355, 0.0387, 0.0419, 0.0452, 0.0484, 0.0516, 0.0548,
        0.0581, 0.0613, 0.0645, 0.0677, 0.0710, 0.0742, 0.0774, 0.0806, 0.0839,
        0.0871, 0.0903, 0.0935, 0.0968, 0.1000]))

[you selected Infinity with model_kwargs={'depth': 32, 'embed_dim': 2048, 'num_heads': 16, 'drop_path_rate': 0.1, 'mlp_ratio': 4, 'block_chunks': 8}] model size: 2.20B, bf16=1
[Load Infinity weights]
<All keys matched successfully>
prompt=a photo of a red panda sitting on a wooden chair
PIPELINE_BENCHMARK_BEGIN
prompt=a photo of a red panda sitting on a wooden chair
BENCH_WARMUP_BEGIN Sequential-B1

=== SCALE_GPU_PROFILE_BEGIN ===
scale,t,h,w,tokens,total_ms,transformer_ms,logits_ms,sampling_ms,codes_ms,next_scale_ms,word_embed_ms,other_ms
0,1,1,1,1,2612.552,2427.759,156.572,24.821,2.322,0.458,0.350,0.269
1,1,2,2,4,246.657,191.510,52.496,0.466,0.241,0.105,1.661,0.178
2,1,4,4,16,62.080,58.977,0.569,0.431,0.183,0.094,1.676,0.150
3,1,6,6,36,61.360,58.684,0.341,0.339,0.168,0.080,1.616,0.131
4,1,8,8,64,62.006,59.199,0.352,0.370,0.182,0.091,1.686,0.125
5,1,12,12,144,56.338,53.599,0.339,0.339,0.168,0.108,1.665,0.121
6,1,16,16,256,56.357,53.474,0.344,0.349,0.175,0.138,1.765,0.113
7,1,20,20,400,58.662,54.229,1.588,0.343,0.180,0.165,2.060,0.097
8,1,24,24,576,57.327,54.179,0.302,0.350,0.172,0.170,2.059,0.096
9,1,32,32,1024,51.321,48.705,0.168,0.424,0.119,0.174,1.651,0.079
10,1,40,40,1600,81.376,80.376,0.159,0.564,0.023,0.179,0.041,0.035
11,1,48,48,2304,116.268,115.001,0.184,0.801,0.022,0.123,0.126,0.010
12,1,64,64,4096,229.838,228.168,0.256,1.355,0.024,0.000,0.000,0.035
FINAL_DECODE_MS,232.239
=== SCALE_GPU_PROFILE_END ===


=== SCALE_GPU_PROFILE_BEGIN ===
scale,t,h,w,tokens,total_ms,transformer_ms,logits_ms,sampling_ms,codes_ms,next_scale_ms,word_embed_ms,other_ms
0,1,1,1,1,43.620,42.236,0.385,0.455,0.174,0.100,0.121,0.149
1,1,2,2,4,47.948,46.787,0.339,0.340,0.151,0.080,0.126,0.124
2,1,4,4,16,47.903,46.739,0.343,0.337,0.151,0.081,0.126,0.126
3,1,6,6,36,47.407,46.259,0.325,0.347,0.153,0.081,0.119,0.125
4,1,8,8,64,47.748,46.593,0.328,0.341,0.150,0.093,0.119,0.123
5,1,12,12,144,48.186,47.039,0.326,0.347,0.153,0.108,0.102,0.110
6,1,16,16,256,47.842,46.693,0.326,0.340,0.160,0.138,0.074,0.111
7,1,20,20,400,47.855,46.703,0.336,0.342,0.151,0.164,0.059,0.098
8,1,24,24,576,48.687,47.599,0.286,0.343,0.153,0.170,0.043,0.093
9,1,32,32,1024,49.364,48.397,0.159,0.422,0.091,0.174,0.044,0.077
10,1,40,40,1600,76.616,75.625,0.148,0.568,0.022,0.179,0.040,0.034
11,1,48,48,2304,116.249,115.051,0.183,0.797,0.023,0.124,0.060,0.011
12,1,64,64,4096,229.258,227.611,0.238,1.375,0.023,0.000,0.000,0.011
FINAL_DECODE_MS,140.515
=== SCALE_GPU_PROFILE_END ===


=== SCALE_GPU_PROFILE_BEGIN ===
scale,t,h,w,tokens,total_ms,transformer_ms,logits_ms,sampling_ms,codes_ms,next_scale_ms,word_embed_ms,other_ms
0,1,1,1,1,42.149,41.002,0.319,0.340,0.157,0.086,0.117,0.129
1,1,2,2,4,47.756,46.599,0.333,0.340,0.151,0.081,0.126,0.125
2,1,4,4,16,48.087,46.946,0.323,0.337,0.150,0.089,0.117,0.124
3,1,6,6,36,47.427,46.281,0.325,0.347,0.151,0.080,0.117,0.125
4,1,8,8,64,47.542,46.392,0.324,0.342,0.151,0.094,0.118,0.121
5,1,12,12,144,47.957,46.804,0.326,0.343,0.152,0.109,0.112,0.110
6,1,16,16,256,48.006,46.844,0.330,0.347,0.154,0.146,0.075,0.110
7,1,20,20,400,47.648,46.518,0.333,0.341,0.152,0.164,0.047,0.093
8,1,24,24,576,48.635,47.545,0.280,0.352,0.153,0.170,0.042,0.094
9,1,32,32,1024,49.269,48.302,0.167,0.424,0.086,0.174,0.041,0.075
10,1,40,40,1600,76.928,75.930,0.148,0.571,0.022,0.181,0.041,0.034
11,1,48,48,2304,117.483,116.268,0.186,0.810,0.023,0.125,0.061,0.010
12,1,64,64,4096,230.299,228.669,0.238,1.356,0.024,0.000,0.000,0.011
FINAL_DECODE_MS,140.476
=== SCALE_GPU_PROFILE_END ===


=== SCALE_GPU_PROFILE_BEGIN ===
scale,t,h,w,tokens,total_ms,transformer_ms,logits_ms,sampling_ms,codes_ms,next_scale_ms,word_embed_ms,other_ms
0,1,1,1,1,42.353,41.194,0.320,0.355,0.150,0.088,0.116,0.130
1,1,2,2,4,47.288,46.151,0.331,0.337,0.150,0.080,0.115,0.123
2,1,4,4,16,47.994,46.821,0.354,0.344,0.155,0.081,0.115,0.124
3,1,6,6,36,47.377,46.230,0.323,0.336,0.159,0.080,0.118,0.131
4,1,8,8,64,47.493,46.339,0.336,0.341,0.151,0.087,0.118,0.120
5,1,12,12,144,48.139,46.925,0.349,0.358,0.159,0.109,0.120,0.118
6,1,16,16,256,47.523,46.371,0.325,0.351,0.152,0.139,0.074,0.112
7,1,20,20,400,47.743,46.612,0.325,0.342,0.160,0.165,0.046,0.093
8,1,24,24,576,48.573,47.482,0.290,0.343,0.152,0.170,0.041,0.094
9,1,32,32,1024,49.254,48.272,0.169,0.425,0.083,0.174,0.050,0.081
10,1,40,40,1600,76.453,75.446,0.150,0.577,0.022,0.183,0.041,0.034
11,1,48,48,2304,117.228,116.019,0.185,0.804,0.022,0.125,0.060,0.011
12,1,64,64,4096,229.934,228.306,0.238,1.355,0.023,0.000,0.000,0.012
FINAL_DECODE_MS,140.674
=== SCALE_GPU_PROFILE_END ===

BENCH_WARMUP Sequential-B1 seconds=7.157332 img_s=0.558867 peak_gb=15.773

=== SCALE_GPU_PROFILE_BEGIN ===
scale,t,h,w,tokens,total_ms,transformer_ms,logits_ms,sampling_ms,codes_ms,next_scale_ms,word_embed_ms,other_ms
0,1,1,1,1,43.551,42.208,0.387,0.420,0.167,0.102,0.120,0.148
1,1,2,2,4,47.444,46.283,0.327,0.352,0.160,0.080,0.115,0.128
2,1,4,4,16,47.840,46.690,0.331,0.344,0.156,0.081,0.115,0.124
3,1,6,6,36,47.424,46.249,0.336,0.350,0.160,0.082,0.123,0.124
4,1,8,8,64,47.606,46.453,0.325,0.351,0.154,0.087,0.117,0.119
5,1,12,12,144,48.009,46.855,0.324,0.350,0.157,0.108,0.105,0.110
6,1,16,16,256,47.733,46.578,0.325,0.350,0.157,0.138,0.073,0.111
7,1,20,20,400,47.735,46.586,0.336,0.340,0.152,0.165,0.056,0.099
8,1,24,24,576,48.661,47.579,0.284,0.341,0.152,0.170,0.041,0.093
9,1,32,32,1024,49.097,48.122,0.169,0.422,0.091,0.175,0.042,0.076
10,1,40,40,1600,76.633,75.636,0.149,0.569,0.022,0.181,0.041,0.034
11,1,48,48,2304,116.755,115.557,0.183,0.798,0.024,0.124,0.060,0.010
12,1,64,64,4096,230.530,228.902,0.237,1.354,0.024,0.000,0.000,0.011
FINAL_DECODE_MS,140.668
=== SCALE_GPU_PROFILE_END ===


=== SCALE_GPU_PROFILE_BEGIN ===
scale,t,h,w,tokens,total_ms,transformer_ms,logits_ms,sampling_ms,codes_ms,next_scale_ms,word_embed_ms,other_ms
0,1,1,1,1,42.456,41.295,0.318,0.350,0.158,0.089,0.118,0.128
1,1,2,2,4,47.202,46.065,0.320,0.346,0.152,0.080,0.116,0.123
2,1,4,4,16,47.806,46.666,0.323,0.337,0.159,0.081,0.117,0.124
3,1,6,6,36,47.251,46.105,0.325,0.350,0.151,0.080,0.116,0.124
4,1,8,8,64,47.618,46.462,0.326,0.348,0.150,0.094,0.117,0.121
5,1,12,12,144,47.608,46.456,0.332,0.342,0.152,0.109,0.108,0.109
6,1,16,16,256,47.693,46.494,0.328,0.357,0.152,0.137,0.074,0.151
7,1,20,20,400,47.719,46.585,0.329,0.337,0.160,0.164,0.049,0.094
8,1,24,24,576,48.509,47.417,0.285,0.343,0.154,0.170,0.045,0.095
9,1,32,32,1024,49.375,48.375,0.179,0.426,0.096,0.174,0.043,0.082
10,1,40,40,1600,76.731,75.740,0.149,0.567,0.022,0.179,0.040,0.034
11,1,48,48,2304,117.176,115.966,0.185,0.804,0.023,0.125,0.060,0.012
12,1,64,64,4096,231.169,229.538,0.237,1.359,0.023,0.000,0.000,0.011
FINAL_DECODE_MS,141.006
=== SCALE_GPU_PROFILE_END ===


=== SCALE_GPU_PROFILE_BEGIN ===
scale,t,h,w,tokens,total_ms,transformer_ms,logits_ms,sampling_ms,codes_ms,next_scale_ms,word_embed_ms,other_ms
0,1,1,1,1,42.518,41.360,0.328,0.342,0.149,0.086,0.124,0.129
1,1,2,2,4,47.138,45.996,0.320,0.339,0.152,0.090,0.116,0.126
2,1,4,4,16,47.524,46.389,0.331,0.337,0.151,0.080,0.115,0.121
3,1,6,6,36,48.882,47.593,0.381,0.357,0.210,0.091,0.121,0.129
4,1,8,8,64,48.168,47.005,0.333,0.343,0.155,0.087,0.118,0.128
5,1,12,12,144,48.035,46.884,0.335,0.340,0.154,0.110,0.104,0.109
6,1,16,16,256,47.271,46.119,0.326,0.341,0.156,0.145,0.075,0.109
7,1,20,20,400,49.053,47.760,0.362,0.411,0.169,0.171,0.061,0.118
8,1,24,24,576,48.423,47.330,0.274,0.353,0.158,0.171,0.042,0.096
9,1,32,32,1024,49.299,48.323,0.164,0.424,0.087,0.176,0.049,0.076
10,1,40,40,1600,76.850,75.856,0.149,0.566,0.023,0.180,0.041,0.036
11,1,48,48,2304,116.490,115.278,0.186,0.807,0.023,0.124,0.060,0.011
12,1,64,64,4096,233.048,231.444,0.233,1.337,0.024,0.000,0.000,0.011
FINAL_DECODE_MS,140.464
=== SCALE_GPU_PROFILE_END ===


=== SCALE_GPU_PROFILE_BEGIN ===
scale,t,h,w,tokens,total_ms,transformer_ms,logits_ms,sampling_ms,codes_ms,next_scale_ms,word_embed_ms,other_ms
0,1,1,1,1,42.634,41.441,0.356,0.345,0.154,0.087,0.116,0.135
1,1,2,2,4,47.541,46.320,0.325,0.403,0.158,0.084,0.123,0.128
2,1,4,4,16,47.623,46.472,0.326,0.338,0.155,0.092,0.117,0.124
3,1,6,6,36,47.289,46.149,0.324,0.346,0.151,0.079,0.116,0.124
4,1,8,8,64,47.549,46.389,0.336,0.344,0.151,0.086,0.126,0.117
5,1,12,12,144,48.164,47.021,0.324,0.340,0.159,0.109,0.103,0.109
6,1,16,16,256,47.366,46.223,0.322,0.349,0.151,0.138,0.074,0.109
7,1,20,20,400,47.913,46.765,0.335,0.355,0.152,0.164,0.047,0.095
8,1,24,24,576,48.394,47.294,0.291,0.344,0.154,0.170,0.041,0.100
9,1,32,32,1024,48.925,47.956,0.168,0.424,0.086,0.174,0.041,0.076
10,1,40,40,1600,77.198,76.187,0.151,0.575,0.022,0.181,0.041,0.041
11,1,48,48,2304,117.571,116.344,0.189,0.818,0.023,0.126,0.061,0.010
12,1,64,64,4096,231.035,229.397,0.238,1.364,0.025,0.000,0.000,0.011
FINAL_DECODE_MS,140.885
=== SCALE_GPU_PROFILE_END ===

BENCH_MEASURE Sequential-B1 1 seconds=4.172385 img_s=0.958684 peak_gb=15.773

=== SCALE_GPU_PROFILE_BEGIN ===
scale,t,h,w,tokens,total_ms,transformer_ms,logits_ms,sampling_ms,codes_ms,next_scale_ms,word_embed_ms,other_ms
0,1,1,1,1,42.435,41.272,0.328,0.355,0.150,0.086,0.116,0.127
1,1,2,2,4,47.376,46.245,0.320,0.337,0.149,0.088,0.116,0.120
2,1,4,4,16,47.234,46.093,0.324,0.348,0.151,0.080,0.116,0.122
3,1,6,6,36,47.542,46.386,0.333,0.341,0.155,0.081,0.117,0.130
4,1,8,8,64,47.812,46.645,0.344,0.347,0.154,0.086,0.119,0.118
5,1,12,12,144,47.471,46.327,0.321,0.341,0.161,0.108,0.104,0.109
6,1,16,16,256,47.475,46.326,0.332,0.342,0.152,0.137,0.073,0.112
7,1,20,20,400,47.765,46.627,0.327,0.351,0.152,0.165,0.045,0.099
8,1,24,24,576,48.768,47.686,0.277,0.341,0.155,0.171,0.040,0.099
9,1,32,32,1024,48.654,47.676,0.168,0.425,0.084,0.175,0.051,0.076
10,1,40,40,1600,76.704,75.728,0.146,0.556,0.022,0.177,0.041,0.034
11,1,48,48,2304,116.821,115.611,0.186,0.805,0.023,0.125,0.060,0.010
12,1,64,64,4096,231.653,230.003,0.240,1.374,0.024,0.000,0.000,0.011
FINAL_DECODE_MS,140.492
=== SCALE_GPU_PROFILE_END ===


=== SCALE_GPU_PROFILE_BEGIN ===
scale,t,h,w,tokens,total_ms,transformer_ms,logits_ms,sampling_ms,codes_ms,next_scale_ms,word_embed_ms,other_ms
0,1,1,1,1,42.704,41.567,0.315,0.348,0.148,0.085,0.115,0.126
1,1,2,2,4,47.031,45.893,0.329,0.338,0.150,0.080,0.115,0.126
2,1,4,4,16,47.430,46.287,0.323,0.337,0.152,0.082,0.117,0.131
3,1,6,6,36,47.431,46.287,0.323,0.348,0.152,0.080,0.117,0.123
4,1,8,8,64,47.586,46.446,0.325,0.340,0.156,0.086,0.116,0.117
5,1,12,12,144,47.525,46.379,0.336,0.338,0.151,0.109,0.103,0.109
6,1,16,16,256,47.566,46.414,0.325,0.352,0.154,0.137,0.074,0.111
7,1,20,20,400,48.130,46.809,0.518,0.348,0.152,0.162,0.048,0.094
8,1,24,24,576,48.139,47.050,0.276,0.353,0.154,0.170,0.042,0.094
9,1,32,32,1024,48.627,47.673,0.152,0.423,0.089,0.173,0.042,0.075
10,1,40,40,1600,77.420,76.419,0.151,0.573,0.022,0.181,0.041,0.034
11,1,48,48,2304,117.366,116.151,0.187,0.808,0.023,0.125,0.060,0.012
12,1,64,64,4096,230.680,229.033,0.239,1.373,0.024,0.000,0.000,0.011
FINAL_DECODE_MS,140.714
=== SCALE_GPU_PROFILE_END ===


=== SCALE_GPU_PROFILE_BEGIN ===
scale,t,h,w,tokens,total_ms,transformer_ms,logits_ms,sampling_ms,codes_ms,next_scale_ms,word_embed_ms,other_ms
0,1,1,1,1,42.533,41.391,0.316,0.339,0.159,0.086,0.115,0.127
1,1,2,2,4,47.088,45.948,0.320,0.342,0.151,0.080,0.115,0.131
2,1,4,4,16,47.614,46.461,0.334,0.340,0.150,0.080,0.125,0.124
3,1,6,6,36,47.543,46.398,0.326,0.349,0.151,0.079,0.116,0.124
4,1,8,8,64,47.558,46.414,0.325,0.340,0.150,0.088,0.118,0.124
5,1,12,12,144,47.541,46.397,0.322,0.349,0.151,0.110,0.103,0.109
6,1,16,16,256,47.782,46.637,0.326,0.349,0.152,0.138,0.072,0.108
7,1,20,20,400,47.742,46.550,0.351,0.360,0.171,0.166,0.049,0.096
8,1,24,24,576,48.347,47.266,0.278,0.346,0.152,0.171,0.041,0.093
9,1,32,32,1024,48.636,47.671,0.159,0.423,0.092,0.174,0.041,0.076
10,1,40,40,1600,76.888,75.876,0.150,0.579,0.023,0.184,0.042,0.034
11,1,48,48,2304,117.603,116.394,0.185,0.805,0.024,0.125,0.060,0.010
12,1,64,64,4096,231.554,229.884,0.243,1.393,0.024,0.000,0.000,0.011
FINAL_DECODE_MS,140.852
=== SCALE_GPU_PROFILE_END ===


=== SCALE_GPU_PROFILE_BEGIN ===
scale,t,h,w,tokens,total_ms,transformer_ms,logits_ms,sampling_ms,codes_ms,next_scale_ms,word_embed_ms,other_ms
0,1,1,1,1,42.480,41.338,0.327,0.338,0.149,0.085,0.115,0.128
1,1,2,2,4,46.901,45.775,0.327,0.335,0.149,0.080,0.114,0.122
2,1,4,4,16,49.613,48.317,0.379,0.357,0.215,0.093,0.122,0.131
3,1,6,6,36,47.833,46.670,0.328,0.337,0.165,0.080,0.116,0.136
4,1,8,8,64,47.328,46.179,0.324,0.348,0.156,0.087,0.117,0.119
5,1,12,12,144,47.551,46.401,0.324,0.341,0.164,0.109,0.104,0.110
6,1,16,16,256,48.777,47.438,0.372,0.422,0.191,0.143,0.095,0.116
7,1,20,20,400,48.257,47.116,0.329,0.339,0.162,0.164,0.046,0.101
8,1,24,24,576,48.189,47.103,0.277,0.349,0.156,0.170,0.042,0.092
9,1,32,32,1024,48.872,47.889,0.164,0.425,0.098,0.174,0.045,0.076
10,1,40,40,1600,77.299,76.299,0.149,0.571,0.023,0.180,0.041,0.036
11,1,48,48,2304,116.942,115.742,0.184,0.798,0.023,0.124,0.060,0.012
12,1,64,64,4096,232.193,230.538,0.240,1.380,0.024,0.000,0.000,0.012
FINAL_DECODE_MS,141.089
=== SCALE_GPU_PROFILE_END ===

BENCH_MEASURE Sequential-B1 2 seconds=4.169051 img_s=0.959451 peak_gb=15.773

=== SCALE_GPU_PROFILE_BEGIN ===
scale,t,h,w,tokens,total_ms,transformer_ms,logits_ms,sampling_ms,codes_ms,next_scale_ms,word_embed_ms,other_ms
0,1,1,1,1,42.400,41.225,0.343,0.344,0.161,0.087,0.115,0.125
1,1,2,2,4,46.865,45.728,0.321,0.335,0.154,0.088,0.116,0.123
2,1,4,4,16,47.520,46.372,0.325,0.353,0.152,0.080,0.116,0.122
3,1,6,6,36,47.734,46.374,0.324,0.352,0.358,0.082,0.118,0.125
4,1,8,8,64,47.049,45.910,0.323,0.348,0.150,0.087,0.116,0.114
5,1,12,12,144,47.431,46.289,0.331,0.339,0.152,0.108,0.102,0.109
6,1,16,16,256,47.627,46.478,0.325,0.355,0.152,0.139,0.071,0.109
7,1,20,20,400,48.165,47.027,0.338,0.345,0.153,0.164,0.048,0.091
8,1,24,24,576,48.083,47.008,0.284,0.339,0.153,0.170,0.039,0.090
9,1,32,32,1024,48.876,47.903,0.168,0.425,0.087,0.175,0.043,0.076
10,1,40,40,1600,77.434,76.438,0.148,0.569,0.022,0.181,0.042,0.034
11,1,48,48,2304,117.376,116.159,0.187,0.810,0.024,0.125,0.060,0.011
12,1,64,64,4096,233.498,231.862,0.238,1.363,0.024,0.000,0.000,0.011
FINAL_DECODE_MS,140.700
=== SCALE_GPU_PROFILE_END ===


=== SCALE_GPU_PROFILE_BEGIN ===
scale,t,h,w,tokens,total_ms,transformer_ms,logits_ms,sampling_ms,codes_ms,next_scale_ms,word_embed_ms,other_ms
0,1,1,1,1,42.170,41.034,0.316,0.337,0.147,0.095,0.115,0.125
1,1,2,2,4,46.820,45.677,0.328,0.335,0.156,0.080,0.123,0.122
2,1,4,4,16,47.425,46.285,0.322,0.349,0.152,0.081,0.115,0.122
3,1,6,6,36,47.433,46.291,0.333,0.341,0.151,0.079,0.117,0.120
4,1,8,8,64,47.108,45.951,0.334,0.339,0.150,0.087,0.124,0.124
5,1,12,12,144,47.660,46.510,0.323,0.344,0.152,0.108,0.103,0.121
6,1,16,16,256,47.321,46.164,0.333,0.344,0.152,0.137,0.081,0.110
7,1,20,20,400,48.056,46.903,0.332,0.350,0.152,0.165,0.055,0.099
8,1,24,24,576,48.057,46.977,0.278,0.340,0.159,0.171,0.039,0.093
9,1,32,32,1024,48.845,47.860,0.170,0.426,0.089,0.174,0.049,0.076
10,1,40,40,1600,77.255,76.258,0.150,0.571,0.022,0.180,0.040,0.033
11,1,48,48,2304,117.148,115.944,0.185,0.801,0.023,0.124,0.060,0.012
12,1,64,64,4096,231.401,229.763,0.238,1.366,0.023,0.000,0.000,0.012
FINAL_DECODE_MS,140.711
=== SCALE_GPU_PROFILE_END ===


=== SCALE_GPU_PROFILE_BEGIN ===
scale,t,h,w,tokens,total_ms,transformer_ms,logits_ms,sampling_ms,codes_ms,next_scale_ms,word_embed_ms,other_ms
0,1,1,1,1,42.033,40.894,0.324,0.339,0.149,0.085,0.116,0.126
1,1,2,2,4,47.046,45.909,0.329,0.340,0.151,0.080,0.116,0.121
2,1,4,4,16,47.424,46.269,0.325,0.340,0.153,0.081,0.117,0.138
3,1,6,6,36,47.656,46.515,0.330,0.336,0.149,0.079,0.125,0.122
4,1,8,8,64,46.928,45.787,0.329,0.339,0.150,0.086,0.124,0.113
5,1,12,12,144,47.591,46.442,0.325,0.354,0.151,0.108,0.102,0.109
6,1,16,16,256,47.740,46.390,0.329,0.355,0.155,0.153,0.248,0.111
7,1,20,20,400,47.406,46.280,0.336,0.339,0.150,0.163,0.047,0.091
8,1,24,24,576,48.062,46.983,0.284,0.340,0.153,0.170,0.041,0.091
9,1,32,32,1024,48.868,47.902,0.162,0.424,0.086,0.173,0.044,0.076
10,1,40,40,1600,77.357,76.364,0.149,0.568,0.022,0.179,0.041,0.033
11,1,48,48,2304,117.637,116.424,0.188,0.807,0.024,0.125,0.061,0.010
12,1,64,64,4096,231.217,229.566,0.241,1.375,0.024,0.000,0.000,0.011
FINAL_DECODE_MS,140.723
=== SCALE_GPU_PROFILE_END ===


=== SCALE_GPU_PROFILE_BEGIN ===
scale,t,h,w,tokens,total_ms,transformer_ms,logits_ms,sampling_ms,codes_ms,next_scale_ms,word_embed_ms,other_ms
0,1,1,1,1,42.288,40.998,0.376,0.417,0.161,0.094,0.116,0.127
1,1,2,2,4,47.214,46.067,0.324,0.340,0.156,0.080,0.117,0.130
2,1,4,4,16,48.075,46.879,0.337,0.367,0.161,0.091,0.116,0.123
3,1,6,6,36,47.209,46.075,0.322,0.343,0.153,0.079,0.115,0.122
4,1,8,8,64,46.952,45.811,0.322,0.345,0.154,0.086,0.118,0.115
5,1,12,12,144,47.856,46.710,0.323,0.341,0.161,0.108,0.102,0.110
6,1,16,16,256,47.633,46.486,0.334,0.340,0.155,0.137,0.073,0.108
7,1,20,20,400,47.614,46.440,0.343,0.359,0.160,0.165,0.049,0.099
8,1,24,24,576,48.417,47.319,0.283,0.351,0.154,0.170,0.047,0.092
9,1,32,32,1024,48.800,47.838,0.162,0.426,0.084,0.174,0.042,0.075
10,1,40,40,1600,76.650,75.665,0.148,0.563,0.022,0.178,0.040,0.034
11,1,48,48,2304,117.406,116.178,0.188,0.818,0.023,0.126,0.062,0.012
12,1,64,64,4096,233.360,231.714,0.237,1.374,0.023,0.000,0.000,0.011
FINAL_DECODE_MS,140.591
=== SCALE_GPU_PROFILE_END ===

BENCH_MEASURE Sequential-B1 3 seconds=4.166312 img_s=0.960082 peak_gb=15.773
RESULT Sequential-B1 mean_s=4.169249 mean_img_s=0.959406 peak_gb=15.773
BENCH_WARMUP_BEGIN Fixed-B4

=== SCALE_GPU_PROFILE_BEGIN ===
scale,t,h,w,tokens,total_ms,transformer_ms,logits_ms,sampling_ms,codes_ms,next_scale_ms,word_embed_ms,other_ms
0,1,1,1,1,526.002,307.680,217.308,0.430,0.214,0.138,0.106,0.126
1,1,2,2,4,769.363,536.377,232.001,0.410,0.200,0.150,0.084,0.140
2,1,4,4,16,48.877,47.693,0.336,0.342,0.177,0.173,0.041,0.115
3,1,6,6,36,48.277,47.098,0.333,0.353,0.171,0.191,0.021,0.110
4,1,8,8,64,48.352,47.112,0.341,0.343,0.170,0.264,0.024,0.099
5,1,12,12,144,49.854,48.615,0.288,0.348,0.172,0.348,0.025,0.058
6,1,16,16,256,50.134,48.884,0.164,0.421,0.116,0.473,0.035,0.041
7,1,20,20,400,65.668,64.279,0.161,0.561,0.023,0.593,0.040,0.010
8,1,24,24,576,94.036,92.253,0.201,0.820,0.023,0.667,0.062,0.010
9,1,32,32,1024,170.508,167.926,0.256,1.397,0.023,0.721,0.175,0.010
10,1,40,40,1600,289.397,285.935,0.353,2.087,0.024,0.767,0.208,0.021
11,1,48,48,2304,465.302,460.727,0.523,3.210,0.029,0.554,0.249,0.011
12,1,64,64,4096,938.570,932.016,0.797,5.711,0.032,0.000,0.000,0.013
FINAL_DECODE_MS,415.775
=== SCALE_GPU_PROFILE_END ===

BENCH_WARMUP Fixed-B4 seconds=3.983817 img_s=1.004062 peak_gb=40.883

=== SCALE_GPU_PROFILE_BEGIN ===
scale,t,h,w,tokens,total_ms,transformer_ms,logits_ms,sampling_ms,codes_ms,next_scale_ms,word_embed_ms,other_ms
0,1,1,1,1,46.794,45.459,0.375,0.381,0.217,0.143,0.094,0.126
1,1,2,2,4,48.690,47.505,0.362,0.337,0.157,0.146,0.073,0.109
2,1,4,4,16,48.058,46.901,0.330,0.336,0.160,0.180,0.041,0.110
3,1,6,6,36,48.468,47.309,0.332,0.351,0.153,0.192,0.021,0.109
4,1,8,8,64,49.731,48.418,0.348,0.403,0.168,0.269,0.024,0.100
5,1,12,12,144,49.180,47.961,0.292,0.344,0.152,0.349,0.026,0.057
6,1,16,16,256,50.037,48.809,0.164,0.422,0.097,0.471,0.034,0.041
7,1,20,20,400,65.283,63.908,0.158,0.556,0.023,0.588,0.040,0.010
8,1,24,24,576,95.357,93.499,0.209,0.854,0.023,0.698,0.064,0.010
9,1,32,32,1024,171.697,169.163,0.257,1.411,0.024,0.729,0.102,0.012
10,1,40,40,1600,291.036,287.513,0.364,2.175,0.025,0.799,0.148,0.011
11,1,48,48,2304,468.111,463.534,0.532,3.206,0.028,0.553,0.247,0.011
12,1,64,64,4096,939.195,932.823,0.729,5.598,0.033,0.000,0.000,0.012
FINAL_DECODE_MS,416.575
=== SCALE_GPU_PROFILE_END ===

BENCH_MEASURE Fixed-B4 1 seconds=2.791309 img_s=1.433019 peak_gb=40.883

=== SCALE_GPU_PROFILE_BEGIN ===
scale,t,h,w,tokens,total_ms,transformer_ms,logits_ms,sampling_ms,codes_ms,next_scale_ms,word_embed_ms,other_ms
0,1,1,1,1,45.809,44.621,0.334,0.355,0.150,0.134,0.086,0.129
1,1,2,2,4,48.062,46.908,0.345,0.338,0.152,0.146,0.064,0.109
2,1,4,4,16,48.543,47.395,0.332,0.344,0.153,0.173,0.037,0.108
3,1,6,6,36,48.587,47.235,0.526,0.346,0.152,0.192,0.027,0.110
4,1,8,8,64,47.993,46.777,0.340,0.339,0.151,0.265,0.024,0.097
5,1,12,12,144,49.079,47.867,0.293,0.338,0.152,0.347,0.026,0.056
6,1,16,16,256,50.526,49.295,0.162,0.422,0.096,0.474,0.035,0.041
7,1,20,20,400,65.856,64.414,0.165,0.582,0.024,0.620,0.042,0.010
8,1,24,24,576,95.169,93.368,0.203,0.829,0.023,0.673,0.062,0.010
9,1,32,32,1024,171.640,169.127,0.255,1.399,0.023,0.722,0.103,0.012
10,1,40,40,1600,292.032,288.503,0.366,2.171,0.025,0.804,0.151,0.011
11,1,48,48,2304,468.180,463.606,0.523,3.210,0.029,0.553,0.249,0.011
12,1,64,64,4096,939.155,932.784,0.727,5.599,0.033,0.000,0.000,0.013
FINAL_DECODE_MS,416.872
=== SCALE_GPU_PROFILE_END ===

BENCH_MEASURE Fixed-B4 2 seconds=2.790562 img_s=1.433403 peak_gb=40.883

=== SCALE_GPU_PROFILE_BEGIN ===
scale,t,h,w,tokens,total_ms,transformer_ms,logits_ms,sampling_ms,codes_ms,next_scale_ms,word_embed_ms,other_ms
0,1,1,1,1,46.688,45.296,0.381,0.419,0.222,0.146,0.094,0.129
1,1,2,2,4,48.526,47.345,0.365,0.339,0.157,0.147,0.063,0.110
2,1,4,4,16,48.802,47.645,0.331,0.347,0.158,0.174,0.038,0.109
3,1,6,6,36,48.217,47.059,0.345,0.338,0.154,0.192,0.019,0.109
4,1,8,8,64,48.191,46.960,0.346,0.343,0.152,0.268,0.024,0.098
5,1,12,12,144,49.528,48.303,0.291,0.347,0.152,0.352,0.026,0.057
6,1,16,16,256,50.345,49.075,0.170,0.442,0.107,0.475,0.035,0.041
7,1,20,20,400,66.110,64.677,0.164,0.580,0.024,0.615,0.041,0.010
8,1,24,24,576,94.661,92.874,0.202,0.824,0.023,0.666,0.061,0.010
9,1,32,32,1024,171.966,169.433,0.256,1.411,0.024,0.730,0.102,0.012
10,1,40,40,1600,291.809,288.362,0.356,2.127,0.025,0.783,0.146,0.011
11,1,48,48,2304,469.975,465.341,0.533,3.250,0.029,0.559,0.251,0.011
12,1,64,64,4096,944.090,937.716,0.729,5.600,0.033,0.000,0.000,0.012
FINAL_DECODE_MS,416.317
=== SCALE_GPU_PROFILE_END ===

BENCH_MEASURE Fixed-B4 3 seconds=2.798380 img_s=1.429398 peak_gb=40.883
RESULT Fixed-B4 mean_s=2.793417 mean_img_s=1.431940 peak_gb=40.883
BENCH_WARMUP_BEGIN ScaleAware
BENCH_WARMUP ScaleAware seconds=2.970433 img_s=1.346605 peak_gb=52.241
BENCH_MEASURE ScaleAware 1 seconds=2.897245 img_s=1.380622 peak_gb=52.240
BENCH_MEASURE ScaleAware 2 seconds=2.879965 img_s=1.388906 peak_gb=52.240
BENCH_MEASURE ScaleAware 3 seconds=2.883354 img_s=1.387273 peak_gb=52.240
RESULT ScaleAware mean_s=2.886855 mean_img_s=1.385600 peak_gb=52.240
SCALEAWARE_VS_SEQUENTIAL_GAIN_PCT 44.42
SCALEAWARE_FIXED_B4_THROUGHPUT_PCT 96.76
PIPELINE_BENCHMARK_OK
===== 8B REPEAT END =====
Fri Oct  9 01:41:43 KST 2026
